******************************************************************************
             TMS320C2000 Linker PC v6.2.8                      
******************************************************************************
>> Linked Mon Oct 20 18:21:29 2014

OUTPUT FILE NAME:   <Example_F2802xLaunchPad_demo.out>
ENTRY POINT SYMBOL: "code_start"  address: 003f7ff6


MEMORY CONFIGURATION

         name            origin    length      used     unused   attr    fill
----------------------  --------  ---------  --------  --------  ----  --------
PAGE 0:
  PRAML0                00008000   00000800  00000020  000007e0  RWIX
  OTP                   003d7800   00000400  00000000  00000400  RWIX
  FLASHD                003f0000   00002000  00000000  00002000  RWIX
  FLASHC                003f2000   00002000  00000000  00002000  RWIX
  FLASHA                003f6000   00001f80  000011ca  00000db6  RWIX
  CSM_RSVD              003f7f80   00000076  00000076  00000000  RWIX
  BEGIN                 003f7ff6   00000002  00000002  00000000  RWIX
  CSM_PWL_P0            003f7ff8   00000008  00000008  00000000  RWIX
  IQTABLES              003fe000   00000b50  00000000  00000b50  RWIX
  IQTABLES2             003feb50   0000008c  00000000  0000008c  RWIX
  IQTABLES3             003febdc   000000aa  00000000  000000aa  RWIX
  ROM                   003ff27c   00000d44  00000000  00000d44  RWIX
  RESET                 003fffc0   00000002  00000000  00000002  RWIX
  VECTORS               003fffc2   0000003e  00000000  0000003e  RWIX

PAGE 1:
  BOOT_RSVD             00000000   00000050  00000000  00000050  RWIX
  RAMM0                 00000050   000003b0  00000300  000000b0  RWIX
  RAMM1                 00000400   00000400  00000120  000002e0  RWIX
  DEV_EMU               00000880   00000105  00000000  00000105  RWIX
  SYS_PWR_CTL           00000985   00000003  00000000  00000003  RWIX
  FLASH_REGS            00000a80   00000060  00000000  00000060  RWIX
  CSM                   00000ae0   00000010  00000000  00000010  RWIX
  ADC_RESULT            00000b00   00000020  00000000  00000020  RWIX
  CPU_TIMER0            00000c00   00000008  00000000  00000008  RWIX
  CPU_TIMER1            00000c08   00000008  00000000  00000008  RWIX
  CPU_TIMER2            00000c10   00000008  00000000  00000008  RWIX
  PIE_CTRL              00000ce0   00000020  00000000  00000020  RWIX
  PIE_VECT              00000d00   00000100  00000000  00000100  RWIX
  COMP1                 00006400   00000020  00000000  00000020  RWIX
  COMP2                 00006420   00000020  00000000  00000020  RWIX
  EPWM1                 00006800   00000040  00000000  00000040  RWIX
  EPWM2                 00006840   00000040  00000000  00000040  RWIX
  EPWM3                 00006880   00000040  00000000  00000040  RWIX
  EPWM4                 000068c0   00000040  00000000  00000040  RWIX
  ECAP1                 00006a00   00000020  00000000  00000020  RWIX
  GPIOCTRL              00006f80   00000040  00000000  00000040  RWIX
  GPIODAT               00006fc0   00000020  00000000  00000020  RWIX
  GPIOINT               00006fe0   00000020  00000000  00000020  RWIX
  SYSTEM                00007010   00000020  00000000  00000020  RWIX
  SPIA                  00007040   00000010  00000000  00000010  RWIX
  SCIA                  00007050   00000010  00000000  00000010  RWIX
  NMIINTRUPT            00007060   00000010  00000000  00000010  RWIX
  XINTRUPT              00007070   00000010  00000000  00000010  RWIX
  ADC                   00007100   00000080  00000000  00000080  RWIX
  I2CA                  00007900   00000040  00000000  00000040  RWIX
  DRAML0                00008800   00000800  00000414  000003ec  RWIX
  PARTID                003d7fff   00000001  00000000  00000001  RWIX
  FLASHB                003f4000   00002000  00000000  00002000  RWIX
  CSM_PWL               003f7ff8   00000008  00000000  00000008  RWIX


SECTION ALLOCATION MAP

 output                                  attributes/
section   page    origin      length       input sections
--------  ----  ----------  ----------   ----------------
.pinit     0    003f6000    00000000     UNINITIALIZED

.econst    0    003f6000    0000010e     
                  003f6000    00000100     driverlib.lib : pie.obj (.econst:_PIE_tableDebugInit)
                  003f6100    0000000e     ShowerModule.obj (.econst:.string)

ramfuncs   0    003f610e    00000020     RUN ADDR = 00008000
                  003f610e    0000000c     driverlib.lib : flash.obj (ramfuncs:_FLASH_setup)
                  003f611a    00000006                   : flash.obj (ramfuncs:_FLASH_enablePipelineMode)
                  003f6120    00000005                   : flash.obj (ramfuncs:_FLASH_setActiveWaitCount)
                  003f6125    00000005                   : flash.obj (ramfuncs:_FLASH_setStandbyWaitCount)
                  003f612a    00000004                   : F2802x_asmfuncs.obj (ramfuncs)

.text      0    003f612e    0000101f     
                  003f612e    00000202     ShowerModule.obj (.text:_main)
                  003f6330    00000201     rts2800_ml.lib : lowlev.obj (.text)
                  003f6531    000001f2                    : trgdrv.obj (.text)
                  003f6723    000001d3                    : memory.obj (.text)
                  003f68f6    000000ff                    : fopen.obj (.text)
                  003f69f5    0000008e                    : ankmsg.obj (.text)
                  003f6a83    00000079                    : setvbuf.obj (.text)
                  003f6afc    0000006b                    : fflush.obj (.text)
                  003f6b67    00000066     ShowerModule.obj (.text:_scia_init)
                  003f6bcd    0000005b     rts2800_ml.lib : fclose.obj (.text)
                  003f6c28    00000049     driverlib.lib : gpio.obj (.text:_GPIO_setMode)
                  003f6c71    00000044     rts2800_ml.lib : boot.obj (.text)
                  003f6cb5    00000034     driverlib.lib : gpio.obj (.text:_GPIO_setDirection)
                  003f6ce9    00000034                   : gpio.obj (.text:_GPIO_setPullUp)
                  003f6d1d    0000002b                   : gpio.obj (.text:_GPIO_setQualification)
                  003f6d48    00000024                   : adc.obj (.text:_ADC_setIntSrc)
                  003f6d6c    00000021     rts2800_ml.lib : memcpy_ff.obj (.text)
                  003f6d8d    0000001e                    : strncpy.obj (.text)
                  003f6dab    0000001c     driverlib.lib : adc.obj (.text:_ADC_setSocChanNumber)
                  003f6dc7    0000001c                   : adc.obj (.text:_ADC_setSocSampleWindow)
                  003f6de3    0000001c                   : sci_io.obj (.text:_SCI_write)
                  003f6dff    00000019     rts2800_ml.lib : args_main.obj (.text)
                  003f6e18    00000019                    : exit.obj (.text)
                  003f6e31    00000018     driverlib.lib : adc.obj (.text:_ADC_enableInt)
                  003f6e49    00000015                   : pll.obj (.text:_PLL_setup)
                  003f6e5e    00000013                   : gpio.obj (.text:_GPIO_setHigh)
                  003f6e71    00000013                   : gpio.obj (.text:_GPIO_setLow)
                  003f6e84    00000013                   : sci_io.obj (.text:_SCI_open)
                  003f6e97    00000013                   : sci_io.obj (.text:_SCI_read)
                  003f6eaa    00000012                   : adc.obj (.text:_ADC_setVoltRefSrc)
                  003f6ebc    00000012                   : F2802x_asmfuncs.obj (.text)
                  003f6ece    00000011                   : gpio.obj (.text:_GPIO_getData)
                  003f6edf    00000011                   : pie.obj (.text:_PIE_setDebugIntVectorTable)
                  003f6ef0    0000000f                   : pie.obj (.text:_PIE_disableAllInts)
                  003f6eff    0000000c                   : sci_io.obj (.text:_SCI_close)
                  003f6f0b    0000000b                   : adc.obj (.text:_ADC_enable)
                  003f6f16    0000000b                   : adc.obj (.text:_ADC_enableBandGap)
                  003f6f21    0000000b                   : adc.obj (.text:_ADC_enableRefBuffers)
                  003f6f2c    0000000b                   : adc.obj (.text:_ADC_enableTempSensor)
                  003f6f37    0000000b                   : adc.obj (.text:_ADC_powerUp)
                  003f6f42    0000000b     rts2800_ml.lib : strchr.obj (.text)
                  003f6f4d    0000000a     driverlib.lib : sci.obj (.text:_SCI_resetChannels)
                  003f6f57    0000000a                   : sci.obj (.text:_SCI_resetRxFifo)
                  003f6f61    0000000a                   : sci.obj (.text:_SCI_resetTxFifo)
                  003f6f6b    0000000a     rts2800_ml.lib : strcmp.obj (.text)
                  003f6f75    00000009     driverlib.lib : clk.obj (.text:_CLK_enableSciaClock)
                  003f6f7e    00000009                   : sci.obj (.text:_SCI_putDataBlocking)
                  003f6f87    00000009     rts2800_ml.lib : _lock.obj (.text)
                  003f6f90    00000008     driverlib.lib : adc.obj (.text:_ADC_init)
                  003f6f98    00000008                   : pie.obj (.text:_PIE_init)
                  003f6fa0    00000008                   : wdog.obj (.text:_WDOG_disable)
                  003f6fa8    00000008     rts2800_ml.lib : strlen.obj (.text)
                  003f6fb0    00000007     driverlib.lib : clk.obj (.text:_CLK_enableAdcClock)
                  003f6fb7    00000007                   : clk.obj (.text:_CLK_init)
                  003f6fbe    00000007                   : clk.obj (.text:_CLK_setClkOutPreScaler)
                  003f6fc5    00000007                   : clk.obj (.text:_CLK_setOscSrc)
                  003f6fcc    00000007                   : flash.obj (.text:_FLASH_init)
                  003f6fd3    00000007                   : gpio.obj (.text:_GPIO_init)
                  003f6fda    00000007                   : pll.obj (.text:_PLL_init)
                  003f6fe1    00000007                   : pll.obj (.text:_PLL_setDivider)
                  003f6fe8    00000007                   : sci.obj (.text:_SCI_init)
                  003f6fef    00000007                   : sci.obj (.text:_SCI_setRxFifoIntLevel)
                  003f6ff6    00000007                   : sci.obj (.text:_SCI_setTxFifoIntLevel)
                  003f6ffd    00000007                   : wdog.obj (.text:_WDOG_init)
                  003f7004    00000006                   : pll.obj (.text:_PLL_setMultiplier)
                  003f700a    00000006                   : sci.obj (.text:_SCI_setBaudRate)
                  003f7010    00000005                   : F2802x_DefaultIsr.obj (.text:_ADCINT1_ISR)
                  003f7015    00000005                   : F2802x_DefaultIsr.obj (.text:_ADCINT2_ISR)
                  003f701a    00000005                   : F2802x_DefaultIsr.obj (.text:_ADCINT3_ISR)
                  003f701f    00000005                   : F2802x_DefaultIsr.obj (.text:_ADCINT4_ISR)
                  003f7024    00000005                   : F2802x_DefaultIsr.obj (.text:_ADCINT5_ISR)
                  003f7029    00000005                   : F2802x_DefaultIsr.obj (.text:_ADCINT6_ISR)
                  003f702e    00000005                   : F2802x_DefaultIsr.obj (.text:_ADCINT7_ISR)
                  003f7033    00000005                   : F2802x_DefaultIsr.obj (.text:_ADCINT8_ISR)
                  003f7038    00000005                   : F2802x_DefaultIsr.obj (.text:_ADCINT9_ISR)
                  003f703d    00000005                   : F2802x_DefaultIsr.obj (.text:_DATALOG_ISR)
                  003f7042    00000005                   : F2802x_DefaultIsr.obj (.text:_ECAP1_INT_ISR)
                  003f7047    00000005                   : F2802x_DefaultIsr.obj (.text:_EMUINT_ISR)
                  003f704c    00000005                   : F2802x_DefaultIsr.obj (.text:_EPWM1_INT_ISR)
                  003f7051    00000005                   : F2802x_DefaultIsr.obj (.text:_EPWM1_TZINT_ISR)
                  003f7056    00000005                   : F2802x_DefaultIsr.obj (.text:_EPWM2_INT_ISR)
                  003f705b    00000005                   : F2802x_DefaultIsr.obj (.text:_EPWM2_TZINT_ISR)
                  003f7060    00000005                   : F2802x_DefaultIsr.obj (.text:_EPWM3_INT_ISR)
                  003f7065    00000005                   : F2802x_DefaultIsr.obj (.text:_EPWM3_TZINT_ISR)
                  003f706a    00000005                   : F2802x_DefaultIsr.obj (.text:_I2CINT1A_ISR)
                  003f706f    00000005                   : F2802x_DefaultIsr.obj (.text:_I2CINT2A_ISR)
                  003f7074    00000005                   : F2802x_DefaultIsr.obj (.text:_ILLEGAL_ISR)
                  003f7079    00000005                   : F2802x_DefaultIsr.obj (.text:_INT13_ISR)
                  003f707e    00000005                   : F2802x_DefaultIsr.obj (.text:_INT14_ISR)
                  003f7083    00000005                   : F2802x_DefaultIsr.obj (.text:_NMI_ISR)
                  003f7088    00000005                   : F2802x_DefaultIsr.obj (.text:_PIE_RESERVED)
                  003f708d    00000005                   : F2802x_DefaultIsr.obj (.text:_RTOSINT_ISR)
                  003f7092    00000005                   : F2802x_DefaultIsr.obj (.text:_SCIRXINTA_ISR)
                  003f7097    00000005                   : F2802x_DefaultIsr.obj (.text:_SCITXINTA_ISR)
                  003f709c    00000005                   : F2802x_DefaultIsr.obj (.text:_SPIRXINTA_ISR)
                  003f70a1    00000005                   : F2802x_DefaultIsr.obj (.text:_SPITXINTA_ISR)
                  003f70a6    00000005                   : F2802x_DefaultIsr.obj (.text:_TINT0_ISR)
                  003f70ab    00000005                   : F2802x_DefaultIsr.obj (.text:_USER10_ISR)
                  003f70b0    00000005                   : F2802x_DefaultIsr.obj (.text:_USER11_ISR)
                  003f70b5    00000005                   : F2802x_DefaultIsr.obj (.text:_USER12_ISR)
                  003f70ba    00000005                   : F2802x_DefaultIsr.obj (.text:_USER1_ISR)
                  003f70bf    00000005                   : F2802x_DefaultIsr.obj (.text:_USER2_ISR)
                  003f70c4    00000005                   : F2802x_DefaultIsr.obj (.text:_USER3_ISR)
                  003f70c9    00000005                   : F2802x_DefaultIsr.obj (.text:_USER4_ISR)
                  003f70ce    00000005                   : F2802x_DefaultIsr.obj (.text:_USER5_ISR)
                  003f70d3    00000005                   : F2802x_DefaultIsr.obj (.text:_USER6_ISR)
                  003f70d8    00000005                   : F2802x_DefaultIsr.obj (.text:_USER7_ISR)
                  003f70dd    00000005                   : F2802x_DefaultIsr.obj (.text:_USER8_ISR)
                  003f70e2    00000005                   : F2802x_DefaultIsr.obj (.text:_USER9_ISR)
                  003f70e7    00000005                   : F2802x_DefaultIsr.obj (.text:_WAKEINT_ISR)
                  003f70ec    00000005                   : F2802x_DefaultIsr.obj (.text:_XINT1_ISR)
                  003f70f1    00000005                   : F2802x_DefaultIsr.obj (.text:_XINT2_ISR)
                  003f70f6    00000005                   : F2802x_DefaultIsr.obj (.text:_XINT3_ISR)
                  003f70fb    00000005                   : F2802x_DefaultIsr.obj (.text:_rsvd_ISR)
                  003f7100    00000005     rts2800_ml.lib : strcpy.obj (.text)
                  003f7105    00000004     driverlib.lib : cpu.obj (.text:_CPU_init)
                  003f7109    00000004                   : sci.obj (.text:_SCI_clearRxFifoInt)
                  003f710d    00000004                   : sci.obj (.text:_SCI_clearTxFifoInt)
                  003f7111    00000004                   : sci.obj (.text:_SCI_enableFifoEnh)
                  003f7115    00000004                   : sci.obj (.text:_SCI_setCharLength)
                  003f7119    00000004                   : sci.obj (.text:_SCI_setNumStopBits)
                  003f711d    00000003                   : cpu.obj (.text:_CPU_clearIntFlags)
                  003f7120    00000003                   : cpu.obj (.text:_CPU_disableGlobalInts)
                  003f7123    00000003                   : pie.obj (.text:_PIE_disable)
                  003f7126    00000003                   : pie.obj (.text:_PIE_enable)
                  003f7129    00000003                   : pll.obj (.text:_PLL_getClkStatus)
                  003f712c    00000003                   : pll.obj (.text:_PLL_getLockStatus)
                  003f712f    00000003                   : sci.obj (.text:_SCI_disableParity)
                  003f7132    00000003                   : sci.obj (.text:_SCI_enable)
                  003f7135    00000003                   : sci.obj (.text:_SCI_enableRx)
                  003f7138    00000003                   : sci.obj (.text:_SCI_enableRxInt)
                  003f713b    00000003                   : sci.obj (.text:_SCI_enableTx)
                  003f713e    00000003                   : sci.obj (.text:_SCI_enableTxInt)
                  003f7141    00000003                   : sci.obj (.text:_SCI_setPriority)
                  003f7144    00000003     rts2800_ml.lib : remove.obj (.text)
                  003f7147    00000002     driverlib.lib : sci_io.obj (.text:_SCI_lseek)
                  003f7149    00000002                   : sci_io.obj (.text:_SCI_rename)
                  003f714b    00000002                   : sci_io.obj (.text:_SCI_unlink)

.cinit     0    003f714d    0000007d     
                  003f714d    00000031     rts2800_ml.lib : lowlev.obj (.cinit)
                  003f717e    0000002a                    : defs.obj (.cinit)
                  003f71a8    0000000a                    : _lock.obj (.cinit)
                  003f71b2    0000000a                    : exit.obj (.cinit)
                  003f71bc    00000004     driverlib.lib : sci_io.obj (.cinit)
                  003f71c0    00000004     rts2800_ml.lib : fopen.obj (.cinit)
                  003f71c4    00000004                    : memory.obj (.cinit)
                  003f71c8    00000002     --HOLE-- [fill = 0]

csm_rsvd   0    003f7f80    00000076     
                  003f7f80    00000076     driverlib.lib : F2802x_asmfuncs.obj (csm_rsvd)

codestart 
*          0    003f7ff6    00000002     
                  003f7ff6    00000002     driverlib.lib : F2802x_asmfuncs.obj (codestart)

csmpasswds 
*          0    003f7ff8    00000008     
                  003f7ff8    00000008     driverlib.lib : F2802x_asmfuncs.obj (csmpasswds)

.reset     0    003fffc0    00000002     DSECT
                  003fffc0    00000002     rts2800_ml.lib : boot.obj (.reset)

vectors    0    003fffc2    00000000     DSECT

.stack     1    00000050    00000300     UNINITIALIZED
                  00000050    00000300     --HOLE--

.cio       1    00000400    00000120     UNINITIALIZED
                  00000400    00000120     rts2800_ml.lib : ankmsg.obj (.cio)

.ebss      1    00008800    00000214     UNINITIALIZED
                  00008800    00000160     rts2800_ml.lib : defs.obj (.ebss)
                  00008960    0000000e     ShowerModule.obj (.ebss)
                  0000896e    00000008     rts2800_ml.lib : memory.obj (.ebss)
                  00008976    00000008                    : trgdrv.obj (.ebss)
                  0000897e    00000001     driverlib.lib : cpu.obj (.ebss)
                  0000897f    00000001     rts2800_ml.lib : fopen.obj (.ebss)
                  00008980    00000088                    : lowlev.obj (.ebss)
                  00008a08    00000004     driverlib.lib : sci_io.obj (.ebss)
                  00008a0c    00000004     rts2800_ml.lib : _lock.obj (.ebss)
                  00008a10    00000004                    : exit.obj (.ebss)

.sysmem    1    00008a14    00000200     UNINITIALIZED
                  00008a14    00000001     rts2800_ml.lib : memory.obj (.sysmem)
                  00008a15    000001ff     --HOLE--


GLOBAL DATA SYMBOLS: SORTED BY DATA PAGE

address     data page           name
--------    ----------------    ----
00000050       1 (00000040)     __stack

00000400      10 (00000400)     __CIOBUF_

00008800     220 (00008800)     ___TI_ft_end

00008840     221 (00008840)     __ftable

000088c0     223 (000088c0)     ___TI_tmpnams

00008960     225 (00008940)     _referenceTemp
00008961     225 (00008940)     _currentTemp
00008962     225 (00008940)     _myAdc
00008964     225 (00008940)     _myPie
00008966     225 (00008940)     _mySci
00008968     225 (00008940)     _myFlash
0000896a     225 (00008940)     _myGpio
0000896c     225 (00008940)     _myClk
0000897e     225 (00008940)     _cpu

00008a08     228 (00008a00)     _deviceOpen
00008a0a     228 (00008a00)     _ioSci
00008a0c     228 (00008a00)     __unlock
00008a0e     228 (00008a00)     __lock
00008a10     228 (00008a00)     ___TI_cleanup_ptr
00008a12     228 (00008a00)     ___TI_dtors_ptr
00008a14     228 (00008a00)     __sys_memory

003f6000    fd80 (003f6000)     _PIE_tableDebugInit


GLOBAL SYMBOLS: SORTED ALPHABETICALLY BY Name 

address    name
--------   ----
ffffffff   .text
003f6e18   C$$EXIT
003f6a45   C$$IO$$
003f7010   _ADCINT1_ISR
003f7015   _ADCINT2_ISR
003f701a   _ADCINT3_ISR
003f701f   _ADCINT4_ISR
003f7024   _ADCINT5_ISR
003f7029   _ADCINT6_ISR
003f702e   _ADCINT7_ISR
003f7033   _ADCINT8_ISR
003f7038   _ADCINT9_ISR
003f6f0b   _ADC_enable
003f6f16   _ADC_enableBandGap
003f6e31   _ADC_enableInt
003f6f21   _ADC_enableRefBuffers
003f6f2c   _ADC_enableTempSensor
003f6f90   _ADC_init
003f6f37   _ADC_powerUp
003f6d48   _ADC_setIntSrc
003f6dab   _ADC_setSocChanNumber
003f6dc7   _ADC_setSocSampleWindow
003f6eaa   _ADC_setVoltRefSrc
003f6fb0   _CLK_enableAdcClock
003f6f75   _CLK_enableSciaClock
003f6fb7   _CLK_init
003f6fbe   _CLK_setClkOutPreScaler
003f6fc5   _CLK_setOscSrc
003f711d   _CPU_clearIntFlags
003f7120   _CPU_disableGlobalInts
003f7105   _CPU_init
003f703d   _DATALOG_ISR
003f6ec7   _DSP28x_DisableInt
003f6ecb   _DSP28x_RestoreInt
0000801c   _DSP28x_usDelay
003f7042   _ECAP1_INT_ISR
003f7047   _EMUINT_ISR
003f704c   _EPWM1_INT_ISR
003f7051   _EPWM1_TZINT_ISR
003f7056   _EPWM2_INT_ISR
003f705b   _EPWM2_TZINT_ISR
003f7060   _EPWM3_INT_ISR
003f7065   _EPWM3_TZINT_ISR
0000800c   _FLASH_enablePipelineMode
003f6fcc   _FLASH_init
00008012   _FLASH_setActiveWaitCount
00008017   _FLASH_setStandbyWaitCount
00008000   _FLASH_setup
003f6ece   _GPIO_getData
003f6fd3   _GPIO_init
003f6cb5   _GPIO_setDirection
003f6e5e   _GPIO_setHigh
003f6e71   _GPIO_setLow
003f6c28   _GPIO_setMode
003f6ce9   _GPIO_setPullUp
003f6d1d   _GPIO_setQualification
003f66f9   _HOSTclock
003f66d2   _HOSTclose
003f66a8   _HOSTgetenv
003f6661   _HOSTlseek
003f662a   _HOSTopen
003f65f4   _HOSTread
003f65b6   _HOSTrename
003f658c   _HOSTtime
003f6567   _HOSTunlink
003f6531   _HOSTwrite
003f706a   _I2CINT1A_ISR
003f706f   _I2CINT2A_ISR
003f7074   _ILLEGAL_ISR
003f7079   _INT13_ISR
003f707e   _INT14_ISR
003f7083   _NMI_ISR
003f7088   _PIE_RESERVED
003f7123   _PIE_disable
003f6ef0   _PIE_disableAllInts
003f7126   _PIE_enable
003f6f98   _PIE_init
003f6edf   _PIE_setDebugIntVectorTable
003f6000   _PIE_tableDebugInit
003f7129   _PLL_getClkStatus
003f712c   _PLL_getLockStatus
003f6fda   _PLL_init
003f6fe1   _PLL_setDivider
003f7004   _PLL_setMultiplier
003f6e49   _PLL_setup
003f708d   _RTOSINT_ISR
00000020   _RamfuncsLoadSize
003f610e   _RamfuncsLoadStart
00008000   _RamfuncsRunStart
003f7092   _SCIRXINTA_ISR
003f7097   _SCITXINTA_ISR
003f7109   _SCI_clearRxFifoInt
003f710d   _SCI_clearTxFifoInt
003f6eff   _SCI_close
003f712f   _SCI_disableParity
003f7132   _SCI_enable
003f7111   _SCI_enableFifoEnh
003f7135   _SCI_enableRx
003f7138   _SCI_enableRxInt
003f713b   _SCI_enableTx
003f713e   _SCI_enableTxInt
003f6fe8   _SCI_init
003f7147   _SCI_lseek
003f6e84   _SCI_open
003f6f7e   _SCI_putDataBlocking
003f6e97   _SCI_read
003f7149   _SCI_rename
003f6f4d   _SCI_resetChannels
003f6f57   _SCI_resetRxFifo
003f6f61   _SCI_resetTxFifo
003f700a   _SCI_setBaudRate
003f7115   _SCI_setCharLength
003f7119   _SCI_setNumStopBits
003f7141   _SCI_setPriority
003f6fef   _SCI_setRxFifoIntLevel
003f6ff6   _SCI_setTxFifoIntLevel
003f714b   _SCI_unlink
003f6de3   _SCI_write
003f709c   _SPIRXINTA_ISR
003f70a1   _SPITXINTA_ISR
003f70a6   _TINT0_ISR
003f70ab   _USER10_ISR
003f70b0   _USER11_ISR
003f70b5   _USER12_ISR
003f70ba   _USER1_ISR
003f70bf   _USER2_ISR
003f70c4   _USER3_ISR
003f70c9   _USER4_ISR
003f70ce   _USER5_ISR
003f70d3   _USER6_ISR
003f70d8   _USER7_ISR
003f70dd   _USER8_ISR
003f70e2   _USER9_ISR
003f70e7   _WAKEINT_ISR
003f6fa0   _WDOG_disable
003f6ffd   _WDOG_init
003f70ec   _XINT1_ISR
003f70f1   _XINT2_ISR
003f70f6   _XINT3_ISR
00000400   __CIOBUF_
00000350   __STACK_END
00000300   __STACK_SIZE
00000200   __SYSMEM_SIZE
00000001   __TI_args_main
003f696e   ___TI_cleanup
00008a10   ___TI_cleanup_ptr
003f6bcd   ___TI_closefile
003f6afc   ___TI_doflush
00008a12   ___TI_dtors_ptr
00008800   ___TI_ft_end
003f6a49   ___TI_readmsg
000088c0   ___TI_tmpnams
003f69f5   ___TI_writemsg
ffffffff   ___binit__
ffffffff   ___c_args__
003f714d   ___cinit__
ffffffff   ___etext__
003f6d6c   ___memcpy_ff
ffffffff   ___pinit__
ffffffff   ___text__
003f6dff   __args_main
00008840   __ftable
00008a0e   __lock
003f6f8f   __nop
003f6f8b   __register_lock
003f6f87   __register_unlock
00000050   __stack
00008a14   __sys_memory
00008a0c   __unlock
003f6e18   _abort
003f64c5   _add_device
003f6c71   _c_int00
003f68de   _calloc
003f68dc   _chkheap
003f6493   _close
0000897e   _cpu
00008961   _currentTemp
00008a08   _deviceOpen
003f6e1a   _exit
003f6c0f   _fclose
003f6b2b   _fflush
003f69db   _fopen
003f6723   _free
003f68c0   _free_memory
003f698b   _freopen
00008a0a   _ioSci
003f647b   _lseek
003f612e   _main
003f678c   _malloc
003f68a0   _max_free
003f6768   _minit
00008962   _myAdc
0000896c   _myClk
00008968   _myFlash
0000896a   _myGpio
00008964   _myPie
00008966   _mySci
003f6409   _open
003f63f1   _read
003f67ec   _realloc
00008960   _referenceTemp
003f7144   _remove
003f63d7   _remove_device
003f63ae   _rename
003f70fb   _rsvd_ISR
003f6b67   _scia_init
003f6ec4   _setDBGIER
003f6a83   _setvbuf
003f6f42   _strchr
003f6f6b   _strcmp
003f7100   _strcpy
003f6fa8   _strlen
003f6d8d   _strncpy
003f6396   _unlink
003f6330   _write
ffffffff   binit
003f714d   cinit
003f7ff6   code_start
ffffffff   etext
ffffffff   pinit


GLOBAL SYMBOLS: SORTED BY Symbol Address 

address    name
--------   ----
00000001   __TI_args_main
00000020   _RamfuncsLoadSize
00000050   __stack
00000200   __SYSMEM_SIZE
00000300   __STACK_SIZE
00000350   __STACK_END
00000400   __CIOBUF_
00008000   _FLASH_setup
00008000   _RamfuncsRunStart
0000800c   _FLASH_enablePipelineMode
00008012   _FLASH_setActiveWaitCount
00008017   _FLASH_setStandbyWaitCount
0000801c   _DSP28x_usDelay
00008800   ___TI_ft_end
00008840   __ftable
000088c0   ___TI_tmpnams
00008960   _referenceTemp
00008961   _currentTemp
00008962   _myAdc
00008964   _myPie
00008966   _mySci
00008968   _myFlash
0000896a   _myGpio
0000896c   _myClk
0000897e   _cpu
00008a08   _deviceOpen
00008a0a   _ioSci
00008a0c   __unlock
00008a0e   __lock
00008a10   ___TI_cleanup_ptr
00008a12   ___TI_dtors_ptr
00008a14   __sys_memory
003f6000   _PIE_tableDebugInit
003f610e   _RamfuncsLoadStart
003f612e   _main
003f6330   _write
003f6396   _unlink
003f63ae   _rename
003f63d7   _remove_device
003f63f1   _read
003f6409   _open
003f647b   _lseek
003f6493   _close
003f64c5   _add_device
003f6531   _HOSTwrite
003f6567   _HOSTunlink
003f658c   _HOSTtime
003f65b6   _HOSTrename
003f65f4   _HOSTread
003f662a   _HOSTopen
003f6661   _HOSTlseek
003f66a8   _HOSTgetenv
003f66d2   _HOSTclose
003f66f9   _HOSTclock
003f6723   _free
003f6768   _minit
003f678c   _malloc
003f67ec   _realloc
003f68a0   _max_free
003f68c0   _free_memory
003f68dc   _chkheap
003f68de   _calloc
003f696e   ___TI_cleanup
003f698b   _freopen
003f69db   _fopen
003f69f5   ___TI_writemsg
003f6a45   C$$IO$$
003f6a49   ___TI_readmsg
003f6a83   _setvbuf
003f6afc   ___TI_doflush
003f6b2b   _fflush
003f6b67   _scia_init
003f6bcd   ___TI_closefile
003f6c0f   _fclose
003f6c28   _GPIO_setMode
003f6c71   _c_int00
003f6cb5   _GPIO_setDirection
003f6ce9   _GPIO_setPullUp
003f6d1d   _GPIO_setQualification
003f6d48   _ADC_setIntSrc
003f6d6c   ___memcpy_ff
003f6d8d   _strncpy
003f6dab   _ADC_setSocChanNumber
003f6dc7   _ADC_setSocSampleWindow
003f6de3   _SCI_write
003f6dff   __args_main
003f6e18   C$$EXIT
003f6e18   _abort
003f6e1a   _exit
003f6e31   _ADC_enableInt
003f6e49   _PLL_setup
003f6e5e   _GPIO_setHigh
003f6e71   _GPIO_setLow
003f6e84   _SCI_open
003f6e97   _SCI_read
003f6eaa   _ADC_setVoltRefSrc
003f6ec4   _setDBGIER
003f6ec7   _DSP28x_DisableInt
003f6ecb   _DSP28x_RestoreInt
003f6ece   _GPIO_getData
003f6edf   _PIE_setDebugIntVectorTable
003f6ef0   _PIE_disableAllInts
003f6eff   _SCI_close
003f6f0b   _ADC_enable
003f6f16   _ADC_enableBandGap
003f6f21   _ADC_enableRefBuffers
003f6f2c   _ADC_enableTempSensor
003f6f37   _ADC_powerUp
003f6f42   _strchr
003f6f4d   _SCI_resetChannels
003f6f57   _SCI_resetRxFifo
003f6f61   _SCI_resetTxFifo
003f6f6b   _strcmp
003f6f75   _CLK_enableSciaClock
003f6f7e   _SCI_putDataBlocking
003f6f87   __register_unlock
003f6f8b   __register_lock
003f6f8f   __nop
003f6f90   _ADC_init
003f6f98   _PIE_init
003f6fa0   _WDOG_disable
003f6fa8   _strlen
003f6fb0   _CLK_enableAdcClock
003f6fb7   _CLK_init
003f6fbe   _CLK_setClkOutPreScaler
003f6fc5   _CLK_setOscSrc
003f6fcc   _FLASH_init
003f6fd3   _GPIO_init
003f6fda   _PLL_init
003f6fe1   _PLL_setDivider
003f6fe8   _SCI_init
003f6fef   _SCI_setRxFifoIntLevel
003f6ff6   _SCI_setTxFifoIntLevel
003f6ffd   _WDOG_init
003f7004   _PLL_setMultiplier
003f700a   _SCI_setBaudRate
003f7010   _ADCINT1_ISR
003f7015   _ADCINT2_ISR
003f701a   _ADCINT3_ISR
003f701f   _ADCINT4_ISR
003f7024   _ADCINT5_ISR
003f7029   _ADCINT6_ISR
003f702e   _ADCINT7_ISR
003f7033   _ADCINT8_ISR
003f7038   _ADCINT9_ISR
003f703d   _DATALOG_ISR
003f7042   _ECAP1_INT_ISR
003f7047   _EMUINT_ISR
003f704c   _EPWM1_INT_ISR
003f7051   _EPWM1_TZINT_ISR
003f7056   _EPWM2_INT_ISR
003f705b   _EPWM2_TZINT_ISR
003f7060   _EPWM3_INT_ISR
003f7065   _EPWM3_TZINT_ISR
003f706a   _I2CINT1A_ISR
003f706f   _I2CINT2A_ISR
003f7074   _ILLEGAL_ISR
003f7079   _INT13_ISR
003f707e   _INT14_ISR
003f7083   _NMI_ISR
003f7088   _PIE_RESERVED
003f708d   _RTOSINT_ISR
003f7092   _SCIRXINTA_ISR
003f7097   _SCITXINTA_ISR
003f709c   _SPIRXINTA_ISR
003f70a1   _SPITXINTA_ISR
003f70a6   _TINT0_ISR
003f70ab   _USER10_ISR
003f70b0   _USER11_ISR
003f70b5   _USER12_ISR
003f70ba   _USER1_ISR
003f70bf   _USER2_ISR
003f70c4   _USER3_ISR
003f70c9   _USER4_ISR
003f70ce   _USER5_ISR
003f70d3   _USER6_ISR
003f70d8   _USER7_ISR
003f70dd   _USER8_ISR
003f70e2   _USER9_ISR
003f70e7   _WAKEINT_ISR
003f70ec   _XINT1_ISR
003f70f1   _XINT2_ISR
003f70f6   _XINT3_ISR
003f70fb   _rsvd_ISR
003f7100   _strcpy
003f7105   _CPU_init
003f7109   _SCI_clearRxFifoInt
003f710d   _SCI_clearTxFifoInt
003f7111   _SCI_enableFifoEnh
003f7115   _SCI_setCharLength
003f7119   _SCI_setNumStopBits
003f711d   _CPU_clearIntFlags
003f7120   _CPU_disableGlobalInts
003f7123   _PIE_disable
003f7126   _PIE_enable
003f7129   _PLL_getClkStatus
003f712c   _PLL_getLockStatus
003f712f   _SCI_disableParity
003f7132   _SCI_enable
003f7135   _SCI_enableRx
003f7138   _SCI_enableRxInt
003f713b   _SCI_enableTx
003f713e   _SCI_enableTxInt
003f7141   _SCI_setPriority
003f7144   _remove
003f7147   _SCI_lseek
003f7149   _SCI_rename
003f714b   _SCI_unlink
003f714d   ___cinit__
003f714d   cinit
003f7ff6   code_start
ffffffff   .text
ffffffff   ___binit__
ffffffff   ___c_args__
ffffffff   ___etext__
ffffffff   ___pinit__
ffffffff   ___text__
ffffffff   binit
ffffffff   etext
ffffffff   pinit

[220 symbols]
