<?xml version="1.0"?>
<link_info>
   <banner>TMS320C2000 Linker PC v6.2.8</banner>
   <copyright>Copyright (c) 1996-2014 Texas Instruments Incorporated</copyright>
   <link_time>0x545fe1cf</link_time>
   <link_errors>0x0</link_errors>
   <output_file>Example_F2802xLaunchPad_demo.out</output_file>
   <entry_point>
      <name>code_start</name>
      <address>0x3f7ff6</address>
   </entry_point>
   <input_file_list>
      <input_file id="fl-2">
         <path>.\</path>
         <kind>object</kind>
         <file>ShowerModule.obj</file>
         <name>ShowerModule.obj</name>
      </input_file>
      <input_file id="fl-9">
         <path>C:\ti\controlSUITE\development_kits\C2000_LaunchPad\f2802x_common\lib\</path>
         <kind>archive</kind>
         <file>driverlib.lib</file>
         <name>wdog.obj</name>
      </input_file>
      <input_file id="fl-a">
         <path>C:\ti\controlSUITE\development_kits\C2000_LaunchPad\f2802x_common\lib\</path>
         <kind>archive</kind>
         <file>driverlib.lib</file>
         <name>sci_io.obj</name>
      </input_file>
      <input_file id="fl-b">
         <path>C:\ti\controlSUITE\development_kits\C2000_LaunchPad\f2802x_common\lib\</path>
         <kind>archive</kind>
         <file>driverlib.lib</file>
         <name>sci.obj</name>
      </input_file>
      <input_file id="fl-c">
         <path>C:\ti\controlSUITE\development_kits\C2000_LaunchPad\f2802x_common\lib\</path>
         <kind>archive</kind>
         <file>driverlib.lib</file>
         <name>pwm.obj</name>
      </input_file>
      <input_file id="fl-d">
         <path>C:\ti\controlSUITE\development_kits\C2000_LaunchPad\f2802x_common\lib\</path>
         <kind>archive</kind>
         <file>driverlib.lib</file>
         <name>pll.obj</name>
      </input_file>
      <input_file id="fl-e">
         <path>C:\ti\controlSUITE\development_kits\C2000_LaunchPad\f2802x_common\lib\</path>
         <kind>archive</kind>
         <file>driverlib.lib</file>
         <name>pie.obj</name>
      </input_file>
      <input_file id="fl-f">
         <path>C:\ti\controlSUITE\development_kits\C2000_LaunchPad\f2802x_common\lib\</path>
         <kind>archive</kind>
         <file>driverlib.lib</file>
         <name>gpio.obj</name>
      </input_file>
      <input_file id="fl-10">
         <path>C:\ti\controlSUITE\development_kits\C2000_LaunchPad\f2802x_common\lib\</path>
         <kind>archive</kind>
         <file>driverlib.lib</file>
         <name>flash.obj</name>
      </input_file>
      <input_file id="fl-11">
         <path>C:\ti\controlSUITE\development_kits\C2000_LaunchPad\f2802x_common\lib\</path>
         <kind>archive</kind>
         <file>driverlib.lib</file>
         <name>cpu.obj</name>
      </input_file>
      <input_file id="fl-12">
         <path>C:\ti\controlSUITE\development_kits\C2000_LaunchPad\f2802x_common\lib\</path>
         <kind>archive</kind>
         <file>driverlib.lib</file>
         <name>clk.obj</name>
      </input_file>
      <input_file id="fl-13">
         <path>C:\ti\controlSUITE\development_kits\C2000_LaunchPad\f2802x_common\lib\</path>
         <kind>archive</kind>
         <file>driverlib.lib</file>
         <name>adc.obj</name>
      </input_file>
      <input_file id="fl-14">
         <path>C:\ti\controlSUITE\development_kits\C2000_LaunchPad\f2802x_common\lib\</path>
         <kind>archive</kind>
         <file>driverlib.lib</file>
         <name>F2802x_asmfuncs.obj</name>
      </input_file>
      <input_file id="fl-15">
         <path>C:\ti\controlSUITE\development_kits\C2000_LaunchPad\f2802x_common\lib\</path>
         <kind>archive</kind>
         <file>driverlib.lib</file>
         <name>F2802x_DefaultIsr.obj</name>
      </input_file>
      <input_file id="fl-16">
         <path>c:\ti\ccsv6\tools\compiler\c2000_6.2.8\lib\</path>
         <kind>archive</kind>
         <file>rts2800_ml.lib</file>
         <name>boot.obj</name>
      </input_file>
      <input_file id="fl-17">
         <path>c:\ti\ccsv6\tools\compiler\c2000_6.2.8\lib\</path>
         <kind>archive</kind>
         <file>rts2800_ml.lib</file>
         <name>defs.obj</name>
      </input_file>
      <input_file id="fl-18">
         <path>c:\ti\ccsv6\tools\compiler\c2000_6.2.8\lib\</path>
         <kind>archive</kind>
         <file>rts2800_ml.lib</file>
         <name>exit.obj</name>
      </input_file>
      <input_file id="fl-19">
         <path>c:\ti\ccsv6\tools\compiler\c2000_6.2.8\lib\</path>
         <kind>archive</kind>
         <file>rts2800_ml.lib</file>
         <name>fopen.obj</name>
      </input_file>
      <input_file id="fl-1a">
         <path>c:\ti\ccsv6\tools\compiler\c2000_6.2.8\lib\</path>
         <kind>archive</kind>
         <file>rts2800_ml.lib</file>
         <name>fs_add.obj</name>
      </input_file>
      <input_file id="fl-1b">
         <path>c:\ti\ccsv6\tools\compiler\c2000_6.2.8\lib\</path>
         <kind>archive</kind>
         <file>rts2800_ml.lib</file>
         <name>fs_div.obj</name>
      </input_file>
      <input_file id="fl-1c">
         <path>c:\ti\ccsv6\tools\compiler\c2000_6.2.8\lib\</path>
         <kind>archive</kind>
         <file>rts2800_ml.lib</file>
         <name>fs_mpy.obj</name>
      </input_file>
      <input_file id="fl-1d">
         <path>c:\ti\ccsv6\tools\compiler\c2000_6.2.8\lib\</path>
         <kind>archive</kind>
         <file>rts2800_ml.lib</file>
         <name>fs_toi.obj</name>
      </input_file>
      <input_file id="fl-1e">
         <path>c:\ti\ccsv6\tools\compiler\c2000_6.2.8\lib\</path>
         <kind>archive</kind>
         <file>rts2800_ml.lib</file>
         <name>i_div.obj</name>
      </input_file>
      <input_file id="fl-1f">
         <path>c:\ti\ccsv6\tools\compiler\c2000_6.2.8\lib\</path>
         <kind>archive</kind>
         <file>rts2800_ml.lib</file>
         <name>i_tofs.obj</name>
      </input_file>
      <input_file id="fl-20">
         <path>c:\ti\ccsv6\tools\compiler\c2000_6.2.8\lib\</path>
         <kind>archive</kind>
         <file>rts2800_ml.lib</file>
         <name>lowlev.obj</name>
      </input_file>
      <input_file id="fl-21">
         <path>c:\ti\ccsv6\tools\compiler\c2000_6.2.8\lib\</path>
         <kind>archive</kind>
         <file>rts2800_ml.lib</file>
         <name>memcpy_ff.obj</name>
      </input_file>
      <input_file id="fl-22">
         <path>c:\ti\ccsv6\tools\compiler\c2000_6.2.8\lib\</path>
         <kind>archive</kind>
         <file>rts2800_ml.lib</file>
         <name>printf.obj</name>
      </input_file>
      <input_file id="fl-23">
         <path>c:\ti\ccsv6\tools\compiler\c2000_6.2.8\lib\</path>
         <kind>archive</kind>
         <file>rts2800_ml.lib</file>
         <name>setvbuf.obj</name>
      </input_file>
      <input_file id="fl-24">
         <path>c:\ti\ccsv6\tools\compiler\c2000_6.2.8\lib\</path>
         <kind>archive</kind>
         <file>rts2800_ml.lib</file>
         <name>strchr.obj</name>
      </input_file>
      <input_file id="fl-25">
         <path>c:\ti\ccsv6\tools\compiler\c2000_6.2.8\lib\</path>
         <kind>archive</kind>
         <file>rts2800_ml.lib</file>
         <name>strcmp.obj</name>
      </input_file>
      <input_file id="fl-26">
         <path>c:\ti\ccsv6\tools\compiler\c2000_6.2.8\lib\</path>
         <kind>archive</kind>
         <file>rts2800_ml.lib</file>
         <name>strncpy.obj</name>
      </input_file>
      <input_file id="fl-27">
         <path>c:\ti\ccsv6\tools\compiler\c2000_6.2.8\lib\</path>
         <kind>archive</kind>
         <file>rts2800_ml.lib</file>
         <name>trgdrv.obj</name>
      </input_file>
      <input_file id="fl-28">
         <path>c:\ti\ccsv6\tools\compiler\c2000_6.2.8\lib\</path>
         <kind>archive</kind>
         <file>rts2800_ml.lib</file>
         <name>_lock.obj</name>
      </input_file>
      <input_file id="fl-29">
         <path>c:\ti\ccsv6\tools\compiler\c2000_6.2.8\lib\</path>
         <kind>archive</kind>
         <file>rts2800_ml.lib</file>
         <name>_printfi.obj</name>
      </input_file>
      <input_file id="fl-2a">
         <path>c:\ti\ccsv6\tools\compiler\c2000_6.2.8\lib\</path>
         <kind>archive</kind>
         <file>rts2800_ml.lib</file>
         <name>ankmsg.obj</name>
      </input_file>
      <input_file id="fl-2b">
         <path>c:\ti\ccsv6\tools\compiler\c2000_6.2.8\lib\</path>
         <kind>archive</kind>
         <file>rts2800_ml.lib</file>
         <name>args_main.obj</name>
      </input_file>
      <input_file id="fl-2c">
         <path>c:\ti\ccsv6\tools\compiler\c2000_6.2.8\lib\</path>
         <kind>archive</kind>
         <file>rts2800_ml.lib</file>
         <name>atoi.obj</name>
      </input_file>
      <input_file id="fl-2d">
         <path>c:\ti\ccsv6\tools\compiler\c2000_6.2.8\lib\</path>
         <kind>archive</kind>
         <file>rts2800_ml.lib</file>
         <name>ctype.obj</name>
      </input_file>
      <input_file id="fl-2e">
         <path>c:\ti\ccsv6\tools\compiler\c2000_6.2.8\lib\</path>
         <kind>archive</kind>
         <file>rts2800_ml.lib</file>
         <name>fclose.obj</name>
      </input_file>
      <input_file id="fl-2f">
         <path>c:\ti\ccsv6\tools\compiler\c2000_6.2.8\lib\</path>
         <kind>archive</kind>
         <file>rts2800_ml.lib</file>
         <name>fd_cmp.obj</name>
      </input_file>
      <input_file id="fl-30">
         <path>c:\ti\ccsv6\tools\compiler\c2000_6.2.8\lib\</path>
         <kind>archive</kind>
         <file>rts2800_ml.lib</file>
         <name>fd_div.obj</name>
      </input_file>
      <input_file id="fl-31">
         <path>c:\ti\ccsv6\tools\compiler\c2000_6.2.8\lib\</path>
         <kind>archive</kind>
         <file>rts2800_ml.lib</file>
         <name>fd_mpy.obj</name>
      </input_file>
      <input_file id="fl-32">
         <path>c:\ti\ccsv6\tools\compiler\c2000_6.2.8\lib\</path>
         <kind>archive</kind>
         <file>rts2800_ml.lib</file>
         <name>fd_neg.obj</name>
      </input_file>
      <input_file id="fl-33">
         <path>c:\ti\ccsv6\tools\compiler\c2000_6.2.8\lib\</path>
         <kind>archive</kind>
         <file>rts2800_ml.lib</file>
         <name>fd_sub.obj</name>
      </input_file>
      <input_file id="fl-34">
         <path>c:\ti\ccsv6\tools\compiler\c2000_6.2.8\lib\</path>
         <kind>archive</kind>
         <file>rts2800_ml.lib</file>
         <name>fd_toi.obj</name>
      </input_file>
      <input_file id="fl-35">
         <path>c:\ti\ccsv6\tools\compiler\c2000_6.2.8\lib\</path>
         <kind>archive</kind>
         <file>rts2800_ml.lib</file>
         <name>fd_tol.obj</name>
      </input_file>
      <input_file id="fl-36">
         <path>c:\ti\ccsv6\tools\compiler\c2000_6.2.8\lib\</path>
         <kind>archive</kind>
         <file>rts2800_ml.lib</file>
         <name>fflush.obj</name>
      </input_file>
      <input_file id="fl-37">
         <path>c:\ti\ccsv6\tools\compiler\c2000_6.2.8\lib\</path>
         <kind>archive</kind>
         <file>rts2800_ml.lib</file>
         <name>fputc.obj</name>
      </input_file>
      <input_file id="fl-38">
         <path>c:\ti\ccsv6\tools\compiler\c2000_6.2.8\lib\</path>
         <kind>archive</kind>
         <file>rts2800_ml.lib</file>
         <name>fputs.obj</name>
      </input_file>
      <input_file id="fl-39">
         <path>c:\ti\ccsv6\tools\compiler\c2000_6.2.8\lib\</path>
         <kind>archive</kind>
         <file>rts2800_ml.lib</file>
         <name>fs_tofd.obj</name>
      </input_file>
      <input_file id="fl-3a">
         <path>c:\ti\ccsv6\tools\compiler\c2000_6.2.8\lib\</path>
         <kind>archive</kind>
         <file>rts2800_ml.lib</file>
         <name>l_tofd.obj</name>
      </input_file>
      <input_file id="fl-3b">
         <path>c:\ti\ccsv6\tools\compiler\c2000_6.2.8\lib\</path>
         <kind>archive</kind>
         <file>rts2800_ml.lib</file>
         <name>ll_aox.obj</name>
      </input_file>
      <input_file id="fl-3c">
         <path>c:\ti\ccsv6\tools\compiler\c2000_6.2.8\lib\</path>
         <kind>archive</kind>
         <file>rts2800_ml.lib</file>
         <name>ll_cmp.obj</name>
      </input_file>
      <input_file id="fl-3d">
         <path>c:\ti\ccsv6\tools\compiler\c2000_6.2.8\lib\</path>
         <kind>archive</kind>
         <file>rts2800_ml.lib</file>
         <name>ll_div.obj</name>
      </input_file>
      <input_file id="fl-3e">
         <path>c:\ti\ccsv6\tools\compiler\c2000_6.2.8\lib\</path>
         <kind>archive</kind>
         <file>rts2800_ml.lib</file>
         <name>ll_mpy.obj</name>
      </input_file>
      <input_file id="fl-3f">
         <path>c:\ti\ccsv6\tools\compiler\c2000_6.2.8\lib\</path>
         <kind>archive</kind>
         <file>rts2800_ml.lib</file>
         <name>ltoa.obj</name>
      </input_file>
      <input_file id="fl-40">
         <path>c:\ti\ccsv6\tools\compiler\c2000_6.2.8\lib\</path>
         <kind>archive</kind>
         <file>rts2800_ml.lib</file>
         <name>memccpy.obj</name>
      </input_file>
      <input_file id="fl-41">
         <path>c:\ti\ccsv6\tools\compiler\c2000_6.2.8\lib\</path>
         <kind>archive</kind>
         <file>rts2800_ml.lib</file>
         <name>memchr.obj</name>
      </input_file>
      <input_file id="fl-42">
         <path>c:\ti\ccsv6\tools\compiler\c2000_6.2.8\lib\</path>
         <kind>archive</kind>
         <file>rts2800_ml.lib</file>
         <name>memory.obj</name>
      </input_file>
      <input_file id="fl-43">
         <path>c:\ti\ccsv6\tools\compiler\c2000_6.2.8\lib\</path>
         <kind>archive</kind>
         <file>rts2800_ml.lib</file>
         <name>memset.obj</name>
      </input_file>
      <input_file id="fl-44">
         <path>c:\ti\ccsv6\tools\compiler\c2000_6.2.8\lib\</path>
         <kind>archive</kind>
         <file>rts2800_ml.lib</file>
         <name>remove.obj</name>
      </input_file>
      <input_file id="fl-45">
         <path>c:\ti\ccsv6\tools\compiler\c2000_6.2.8\lib\</path>
         <kind>archive</kind>
         <file>rts2800_ml.lib</file>
         <name>strcpy.obj</name>
      </input_file>
      <input_file id="fl-46">
         <path>c:\ti\ccsv6\tools\compiler\c2000_6.2.8\lib\</path>
         <kind>archive</kind>
         <file>rts2800_ml.lib</file>
         <name>strlen.obj</name>
      </input_file>
      <input_file id="fl-47">
         <path>c:\ti\ccsv6\tools\compiler\c2000_6.2.8\lib\</path>
         <kind>archive</kind>
         <file>rts2800_ml.lib</file>
         <name>_io_perm.obj</name>
      </input_file>
      <input_file id="fl-48">
         <path>c:\ti\ccsv6\tools\compiler\c2000_6.2.8\lib\</path>
         <kind>archive</kind>
         <file>rts2800_ml.lib</file>
         <name>fd_add.obj</name>
      </input_file>
      <input_file id="fl-49">
         <path>c:\ti\ccsv6\tools\compiler\c2000_6.2.8\lib\</path>
         <kind>archive</kind>
         <file>rts2800_ml.lib</file>
         <name>fseek.obj</name>
      </input_file>
      <input_file id="fl-4a">
         <path>c:\ti\ccsv6\tools\compiler\c2000_6.2.8\lib\</path>
         <kind>archive</kind>
         <file>rts2800_ml.lib</file>
         <name>l_div.obj</name>
      </input_file>
   </input_file_list>
   <object_component_list>
      <object_component id="oc-a9">
         <name>.cinit</name>
         <load_address>0x3f256f</load_address>
         <run_address>0x3f256f</run_address>
         <size>0x31</size>
         <input_file_ref idref="fl-20"/>
      </object_component>
      <object_component id="oc-39">
         <name>.cinit</name>
         <load_address>0x3f25a0</load_address>
         <run_address>0x3f25a0</run_address>
         <size>0x2e</size>
         <input_file_ref idref="fl-2"/>
      </object_component>
      <object_component id="oc-81">
         <name>.cinit</name>
         <load_address>0x3f25ce</load_address>
         <run_address>0x3f25ce</run_address>
         <size>0x2a</size>
         <input_file_ref idref="fl-17"/>
      </object_component>
      <object_component id="oc-cc">
         <name>.cinit</name>
         <load_address>0x3f25f8</load_address>
         <run_address>0x3f25f8</run_address>
         <size>0xa</size>
         <input_file_ref idref="fl-28"/>
      </object_component>
      <object_component id="oc-85">
         <name>.cinit</name>
         <load_address>0x3f2602</load_address>
         <run_address>0x3f2602</run_address>
         <size>0xa</size>
         <input_file_ref idref="fl-18"/>
      </object_component>
      <object_component id="oc-45">
         <name>.cinit</name>
         <load_address>0x3f260c</load_address>
         <run_address>0x3f260c</run_address>
         <size>0x4</size>
         <input_file_ref idref="fl-a"/>
      </object_component>
      <object_component id="oc-8b">
         <name>.cinit</name>
         <load_address>0x3f2610</load_address>
         <run_address>0x3f2610</run_address>
         <size>0x4</size>
         <input_file_ref idref="fl-19"/>
      </object_component>
      <object_component id="oc-138">
         <name>.cinit</name>
         <load_address>0x3f2614</load_address>
         <run_address>0x3f2614</run_address>
         <size>0x4</size>
         <input_file_ref idref="fl-42"/>
      </object_component>
      <object_component id="oc-15a">
         <name>.text</name>
         <load_address>0x3f2000</load_address>
         <run_address>0x3f2000</run_address>
         <size>0x2a</size>
         <input_file_ref idref="fl-4a"/>
      </object_component>
      <object_component id="oc-9c">
         <name>.text</name>
         <load_address>0x3f202a</load_address>
         <run_address>0x3f202a</run_address>
         <size>0x25</size>
         <input_file_ref idref="fl-1d"/>
      </object_component>
      <object_component id="oc-a0">
         <name>.text</name>
         <load_address>0x3f204f</load_address>
         <run_address>0x3f204f</run_address>
         <size>0x22</size>
         <input_file_ref idref="fl-1e"/>
      </object_component>
      <object_component id="oc-fe">
         <name>.text</name>
         <load_address>0x3f2071</load_address>
         <run_address>0x3f2071</run_address>
         <size>0x21</size>
         <input_file_ref idref="fl-34"/>
      </object_component>
      <object_component id="oc-179">
         <name>.text</name>
         <load_address>0x3f2092</load_address>
         <run_address>0x3f2092</run_address>
         <size>0x21</size>
         <input_file_ref idref="fl-21"/>
      </object_component>
      <object_component id="oc-102">
         <name>.text</name>
         <load_address>0x3f20b3</load_address>
         <run_address>0x3f20b3</run_address>
         <size>0x1f</size>
         <input_file_ref idref="fl-35"/>
      </object_component>
      <object_component id="oc-11f">
         <name>.text</name>
         <load_address>0x3f20d2</load_address>
         <run_address>0x3f20d2</run_address>
         <size>0x1e</size>
         <input_file_ref idref="fl-3c"/>
      </object_component>
      <object_component id="oc-1c8">
         <name>.text</name>
         <load_address>0x3f20f0</load_address>
         <run_address>0x3f20f0</run_address>
         <size>0x1e</size>
         <input_file_ref idref="fl-26"/>
      </object_component>
      <object_component id="oc-113">
         <name>.text</name>
         <load_address>0x3f210e</load_address>
         <run_address>0x3f210e</run_address>
         <size>0x1c</size>
         <input_file_ref idref="fl-39"/>
      </object_component>
      <object_component id="oc-117">
         <name>.text</name>
         <load_address>0x3f212a</load_address>
         <run_address>0x3f212a</run_address>
         <size>0x1c</size>
         <input_file_ref idref="fl-3a"/>
      </object_component>
      <object_component id="oc-a4">
         <name>.text</name>
         <load_address>0x3f2146</load_address>
         <run_address>0x3f2146</run_address>
         <size>0x1a</size>
         <input_file_ref idref="fl-1f"/>
      </object_component>
      <object_component id="oc-15e">
         <name>.text</name>
         <load_address>0x3f2160</load_address>
         <run_address>0x3f2160</run_address>
         <size>0x19</size>
         <input_file_ref idref="fl-2b"/>
      </object_component>
      <object_component id="oc-15f">
         <name>.text</name>
         <load_address>0x3f2179</load_address>
         <run_address>0x3f2179</run_address>
         <size>0x19</size>
         <input_file_ref idref="fl-18"/>
      </object_component>
      <object_component id="oc-11b">
         <name>.text</name>
         <load_address>0x3f2192</load_address>
         <run_address>0x3f2192</run_address>
         <size>0x18</size>
         <input_file_ref idref="fl-3b"/>
      </object_component>
      <object_component id="oc-174">
         <name>.text:_PLL_setup</name>
         <load_address>0x3f21aa</load_address>
         <run_address>0x3f21aa</run_address>
         <size>0x15</size>
         <input_file_ref idref="fl-d"/>
      </object_component>
      <object_component id="oc-127">
         <name>.text</name>
         <load_address>0x3f21bf</load_address>
         <run_address>0x3f21bf</run_address>
         <size>0x14</size>
         <input_file_ref idref="fl-3e"/>
      </object_component>
      <object_component id="oc-203">
         <name>.text:_GPIO_setHigh</name>
         <load_address>0x3f21d3</load_address>
         <run_address>0x3f21d3</run_address>
         <size>0x13</size>
         <input_file_ref idref="fl-f"/>
      </object_component>
      <object_component id="oc-202">
         <name>.text:_GPIO_setLow</name>
         <load_address>0x3f21e6</load_address>
         <run_address>0x3f21e6</run_address>
         <size>0x13</size>
         <input_file_ref idref="fl-f"/>
      </object_component>
      <object_component id="oc-18b">
         <name>.text:_SCI_open</name>
         <load_address>0x3f21f9</load_address>
         <run_address>0x3f21f9</run_address>
         <size>0x13</size>
         <input_file_ref idref="fl-a"/>
      </object_component>
      <object_component id="oc-18c">
         <name>.text:_SCI_read</name>
         <load_address>0x3f220c</load_address>
         <run_address>0x3f220c</run_address>
         <size>0x13</size>
         <input_file_ref idref="fl-a"/>
      </object_component>
      <object_component id="oc-3b">
         <name>.text:_epwm1_isr</name>
         <load_address>0x3f221f</load_address>
         <run_address>0x3f221f</run_address>
         <size>0x12</size>
         <input_file_ref idref="fl-2"/>
      </object_component>
      <object_component id="oc-6f">
         <name>.text</name>
         <load_address>0x3f2231</load_address>
         <run_address>0x3f2231</run_address>
         <size>0x12</size>
         <input_file_ref idref="fl-14"/>
      </object_component>
      <object_component id="oc-205">
         <name>.text</name>
         <load_address>0x3f2243</load_address>
         <run_address>0x3f2243</run_address>
         <size>0x12</size>
         <input_file_ref idref="fl-41"/>
      </object_component>
      <object_component id="oc-195">
         <name>.text:_GPIO_getData</name>
         <load_address>0x3f2255</load_address>
         <run_address>0x3f2255</run_address>
         <size>0x11</size>
         <input_file_ref idref="fl-f"/>
      </object_component>
      <object_component id="oc-17a">
         <name>.text:_PIE_setDebugIntVectorTable</name>
         <load_address>0x3f2266</load_address>
         <run_address>0x3f2266</run_address>
         <size>0x11</size>
         <input_file_ref idref="fl-e"/>
      </object_component>
      <object_component id="oc-176">
         <name>.text:_PIE_disableAllInts</name>
         <load_address>0x3f2277</load_address>
         <run_address>0x3f2277</run_address>
         <size>0xf</size>
         <input_file_ref idref="fl-e"/>
      </object_component>
      <object_component id="oc-182">
         <name>.text:_PIE_registerPieIntHandler</name>
         <load_address>0x3f2286</load_address>
         <run_address>0x3f2286</run_address>
         <size>0xf</size>
         <input_file_ref idref="fl-e"/>
      </object_component>
      <object_component id="oc-fa">
         <name>.text</name>
         <load_address>0x3f2295</load_address>
         <run_address>0x3f2295</run_address>
         <size>0xe</size>
         <input_file_ref idref="fl-33"/>
      </object_component>
      <object_component id="oc-187">
         <name>.text:_PIE_enablePwmInt</name>
         <load_address>0x3f22a3</load_address>
         <run_address>0x3f22a3</run_address>
         <size>0xd</size>
         <input_file_ref idref="fl-e"/>
      </object_component>
      <object_component id="oc-209">
         <name>.text</name>
         <load_address>0x3f22b0</load_address>
         <run_address>0x3f22b0</run_address>
         <size>0xd</size>
         <input_file_ref idref="fl-40"/>
      </object_component>
      <object_component id="oc-208">
         <name>.text</name>
         <load_address>0x3f22bd</load_address>
         <run_address>0x3f22bd</run_address>
         <size>0xd</size>
         <input_file_ref idref="fl-43"/>
      </object_component>
      <object_component id="oc-18a">
         <name>.text:_SCI_close</name>
         <load_address>0x3f22ca</load_address>
         <run_address>0x3f22ca</run_address>
         <size>0xc</size>
         <input_file_ref idref="fl-a"/>
      </object_component>
      <object_component id="oc-1c7">
         <name>.text</name>
         <load_address>0x3f22d6</load_address>
         <run_address>0x3f22d6</run_address>
         <size>0xb</size>
         <input_file_ref idref="fl-24"/>
      </object_component>
      <object_component id="oc-1a8">
         <name>.text:_SCI_resetChannels</name>
         <load_address>0x3f22e1</load_address>
         <run_address>0x3f22e1</run_address>
         <size>0xa</size>
         <input_file_ref idref="fl-b"/>
      </object_component>
      <object_component id="oc-1aa">
         <name>.text:_SCI_resetRxFifo</name>
         <load_address>0x3f22eb</load_address>
         <run_address>0x3f22eb</run_address>
         <size>0xa</size>
         <input_file_ref idref="fl-b"/>
      </object_component>
      <object_component id="oc-1a6">
         <name>.text:_SCI_resetTxFifo</name>
         <load_address>0x3f22f5</load_address>
         <run_address>0x3f22f5</run_address>
         <size>0xa</size>
         <input_file_ref idref="fl-b"/>
      </object_component>
      <object_component id="oc-1c6">
         <name>.text</name>
         <load_address>0x3f22ff</load_address>
         <run_address>0x3f22ff</run_address>
         <size>0xa</size>
         <input_file_ref idref="fl-25"/>
      </object_component>
      <object_component id="oc-1b2">
         <name>.text:_CLK_enablePwmClock</name>
         <load_address>0x3f2309</load_address>
         <run_address>0x3f2309</run_address>
         <size>0x9</size>
         <input_file_ref idref="fl-12"/>
      </object_component>
      <object_component id="oc-19c">
         <name>.text:_CLK_enableSciaClock</name>
         <load_address>0x3f2312</load_address>
         <run_address>0x3f2312</run_address>
         <size>0x9</size>
         <input_file_ref idref="fl-12"/>
      </object_component>
      <object_component id="oc-1bf">
         <name>.text:_PWM_setActionQual_CntUp_CmpA_PwmA</name>
         <load_address>0x3f231b</load_address>
         <run_address>0x3f231b</run_address>
         <size>0x9</size>
         <input_file_ref idref="fl-c"/>
      </object_component>
      <object_component id="oc-1c1">
         <name>.text:_PWM_setActionQual_CntUp_CmpB_PwmB</name>
         <load_address>0x3f2324</load_address>
         <run_address>0x3f2324</run_address>
         <size>0x9</size>
         <input_file_ref idref="fl-c"/>
      </object_component>
      <object_component id="oc-1c5">
         <name>.text:_SCI_putDataBlocking</name>
         <load_address>0x3f232d</load_address>
         <run_address>0x3f232d</run_address>
         <size>0x9</size>
         <input_file_ref idref="fl-b"/>
      </object_component>
      <object_component id="oc-161">
         <name>.text</name>
         <load_address>0x3f2336</load_address>
         <run_address>0x3f2336</run_address>
         <size>0x9</size>
         <input_file_ref idref="fl-28"/>
      </object_component>
      <object_component id="oc-f6">
         <name>.text</name>
         <load_address>0x3f233f</load_address>
         <run_address>0x3f233f</run_address>
         <size>0x9</size>
         <input_file_ref idref="fl-32"/>
      </object_component>
      <object_component id="oc-166">
         <name>.text:_ADC_init</name>
         <load_address>0x3f2348</load_address>
         <run_address>0x3f2348</run_address>
         <size>0x8</size>
         <input_file_ref idref="fl-13"/>
      </object_component>
      <object_component id="oc-16b">
         <name>.text:_PIE_init</name>
         <load_address>0x3f2350</load_address>
         <run_address>0x3f2350</run_address>
         <size>0x8</size>
         <input_file_ref idref="fl-e"/>
      </object_component>
      <object_component id="oc-170">
         <name>.text:_WDOG_disable</name>
         <load_address>0x3f2358</load_address>
         <run_address>0x3f2358</run_address>
         <size>0x8</size>
         <input_file_ref idref="fl-9"/>
      </object_component>
      <object_component id="oc-164">
         <name>.text</name>
         <load_address>0x3f2360</load_address>
         <run_address>0x3f2360</run_address>
         <size>0x8</size>
         <input_file_ref idref="fl-46"/>
      </object_component>
      <object_component id="oc-172">
         <name>.text:_CLK_disableAdcClock</name>
         <load_address>0x3f2368</load_address>
         <run_address>0x3f2368</run_address>
         <size>0x7</size>
         <input_file_ref idref="fl-12"/>
      </object_component>
      <object_component id="oc-183">
         <name>.text:_CLK_disableTbClockSync</name>
         <load_address>0x3f236f</load_address>
         <run_address>0x3f236f</run_address>
         <size>0x7</size>
         <input_file_ref idref="fl-12"/>
      </object_component>
      <object_component id="oc-171">
         <name>.text:_CLK_enableAdcClock</name>
         <load_address>0x3f2376</load_address>
         <run_address>0x3f2376</run_address>
         <size>0x7</size>
         <input_file_ref idref="fl-12"/>
      </object_component>
      <object_component id="oc-185">
         <name>.text:_CLK_enableTbClockSync</name>
         <load_address>0x3f237d</load_address>
         <run_address>0x3f237d</run_address>
         <size>0x7</size>
         <input_file_ref idref="fl-12"/>
      </object_component>
      <object_component id="oc-167">
         <name>.text:_CLK_init</name>
         <load_address>0x3f2384</load_address>
         <run_address>0x3f2384</run_address>
         <size>0x7</size>
         <input_file_ref idref="fl-12"/>
      </object_component>
      <object_component id="oc-173">
         <name>.text:_CLK_setOscSrc</name>
         <load_address>0x3f238b</load_address>
         <run_address>0x3f238b</run_address>
         <size>0x7</size>
         <input_file_ref idref="fl-12"/>
      </object_component>
      <object_component id="oc-169">
         <name>.text:_FLASH_init</name>
         <load_address>0x3f2392</load_address>
         <run_address>0x3f2392</run_address>
         <size>0x7</size>
         <input_file_ref idref="fl-10"/>
      </object_component>
      <object_component id="oc-16a">
         <name>.text:_GPIO_init</name>
         <load_address>0x3f2399</load_address>
         <run_address>0x3f2399</run_address>
         <size>0x7</size>
         <input_file_ref idref="fl-f"/>
      </object_component>
      <object_component id="oc-16c">
         <name>.text:_PLL_init</name>
         <load_address>0x3f23a0</load_address>
         <run_address>0x3f23a0</run_address>
         <size>0x7</size>
         <input_file_ref idref="fl-d"/>
      </object_component>
      <object_component id="oc-198">
         <name>.text:_PLL_setDivider</name>
         <load_address>0x3f23a7</load_address>
         <run_address>0x3f23a7</run_address>
         <size>0x7</size>
         <input_file_ref idref="fl-d"/>
      </object_component>
      <object_component id="oc-16f">
         <name>.text:_PWM_init</name>
         <load_address>0x3f23ae</load_address>
         <run_address>0x3f23ae</run_address>
         <size>0x7</size>
         <input_file_ref idref="fl-c"/>
      </object_component>
      <object_component id="oc-1be">
         <name>.text:_PWM_setActionQual_Zero_PwmA</name>
         <load_address>0x3f23b5</load_address>
         <run_address>0x3f23b5</run_address>
         <size>0x7</size>
         <input_file_ref idref="fl-c"/>
      </object_component>
      <object_component id="oc-1c0">
         <name>.text:_PWM_setActionQual_Zero_PwmB</name>
         <load_address>0x3f23bc</load_address>
         <run_address>0x3f23bc</run_address>
         <size>0x7</size>
         <input_file_ref idref="fl-c"/>
      </object_component>
      <object_component id="oc-1c2">
         <name>.text:_PWM_setIntMode</name>
         <load_address>0x3f23c3</load_address>
         <run_address>0x3f23c3</run_address>
         <size>0x7</size>
         <input_file_ref idref="fl-c"/>
      </object_component>
      <object_component id="oc-1c4">
         <name>.text:_PWM_setIntPeriod</name>
         <load_address>0x3f23ca</load_address>
         <run_address>0x3f23ca</run_address>
         <size>0x7</size>
         <input_file_ref idref="fl-c"/>
      </object_component>
      <object_component id="oc-16d">
         <name>.text:_SCI_init</name>
         <load_address>0x3f23d1</load_address>
         <run_address>0x3f23d1</run_address>
         <size>0x7</size>
         <input_file_ref idref="fl-b"/>
      </object_component>
      <object_component id="oc-1ac">
         <name>.text:_SCI_setRxFifoIntLevel</name>
         <load_address>0x3f23d8</load_address>
         <run_address>0x3f23d8</run_address>
         <size>0x7</size>
         <input_file_ref idref="fl-b"/>
      </object_component>
      <object_component id="oc-1a9">
         <name>.text:_SCI_setTxFifoIntLevel</name>
         <load_address>0x3f23df</load_address>
         <run_address>0x3f23df</run_address>
         <size>0x7</size>
         <input_file_ref idref="fl-b"/>
      </object_component>
      <object_component id="oc-16e">
         <name>.text:_WDOG_init</name>
         <load_address>0x3f23e6</load_address>
         <run_address>0x3f23e6</run_address>
         <size>0x7</size>
         <input_file_ref idref="fl-9"/>
      </object_component>
      <object_component id="oc-199">
         <name>.text:_PLL_setMultiplier</name>
         <load_address>0x3f23ed</load_address>
         <run_address>0x3f23ed</run_address>
         <size>0x6</size>
         <input_file_ref idref="fl-d"/>
      </object_component>
      <object_component id="oc-1bd">
         <name>.text:_PWM_setLoadMode_CmpB</name>
         <load_address>0x3f23f3</load_address>
         <run_address>0x3f23f3</run_address>
         <size>0x6</size>
         <input_file_ref idref="fl-c"/>
      </object_component>
      <object_component id="oc-1ba">
         <name>.text:_PWM_setShadowMode_CmpA</name>
         <load_address>0x3f23f9</load_address>
         <run_address>0x3f23f9</run_address>
         <size>0x6</size>
         <input_file_ref idref="fl-c"/>
      </object_component>
      <object_component id="oc-1bb">
         <name>.text:_PWM_setShadowMode_CmpB</name>
         <load_address>0x3f23ff</load_address>
         <run_address>0x3f23ff</run_address>
         <size>0x6</size>
         <input_file_ref idref="fl-c"/>
      </object_component>
      <object_component id="oc-1a4">
         <name>.text:_SCI_setBaudRate</name>
         <load_address>0x3f2405</load_address>
         <run_address>0x3f2405</run_address>
         <size>0x6</size>
         <input_file_ref idref="fl-b"/>
      </object_component>
      <object_component id="oc-1e4">
         <name>.text:_ADCINT1_ISR</name>
         <load_address>0x3f240b</load_address>
         <run_address>0x3f240b</run_address>
         <size>0x5</size>
         <input_file_ref idref="fl-15"/>
      </object_component>
      <object_component id="oc-1e5">
         <name>.text:_ADCINT2_ISR</name>
         <load_address>0x3f2410</load_address>
         <run_address>0x3f2410</run_address>
         <size>0x5</size>
         <input_file_ref idref="fl-15"/>
      </object_component>
      <object_component id="oc-1f9">
         <name>.text:_ADCINT3_ISR</name>
         <load_address>0x3f2415</load_address>
         <run_address>0x3f2415</run_address>
         <size>0x5</size>
         <input_file_ref idref="fl-15"/>
      </object_component>
      <object_component id="oc-1fa">
         <name>.text:_ADCINT4_ISR</name>
         <load_address>0x3f241a</load_address>
         <run_address>0x3f241a</run_address>
         <size>0x5</size>
         <input_file_ref idref="fl-15"/>
      </object_component>
      <object_component id="oc-1fb">
         <name>.text:_ADCINT5_ISR</name>
         <load_address>0x3f241f</load_address>
         <run_address>0x3f241f</run_address>
         <size>0x5</size>
         <input_file_ref idref="fl-15"/>
      </object_component>
      <object_component id="oc-1fc">
         <name>.text:_ADCINT6_ISR</name>
         <load_address>0x3f2424</load_address>
         <run_address>0x3f2424</run_address>
         <size>0x5</size>
         <input_file_ref idref="fl-15"/>
      </object_component>
      <object_component id="oc-1fd">
         <name>.text:_ADCINT7_ISR</name>
         <load_address>0x3f2429</load_address>
         <run_address>0x3f2429</run_address>
         <size>0x5</size>
         <input_file_ref idref="fl-15"/>
      </object_component>
      <object_component id="oc-1fe">
         <name>.text:_ADCINT8_ISR</name>
         <load_address>0x3f242e</load_address>
         <run_address>0x3f242e</run_address>
         <size>0x5</size>
         <input_file_ref idref="fl-15"/>
      </object_component>
      <object_component id="oc-1e9">
         <name>.text:_ADCINT9_ISR</name>
         <load_address>0x3f2433</load_address>
         <run_address>0x3f2433</run_address>
         <size>0x5</size>
         <input_file_ref idref="fl-15"/>
      </object_component>
      <object_component id="oc-1d3">
         <name>.text:_DATALOG_ISR</name>
         <load_address>0x3f2438</load_address>
         <run_address>0x3f2438</run_address>
         <size>0x5</size>
         <input_file_ref idref="fl-15"/>
      </object_component>
      <object_component id="oc-1f2">
         <name>.text:_ECAP1_INT_ISR</name>
         <load_address>0x3f243d</load_address>
         <run_address>0x3f243d</run_address>
         <size>0x5</size>
         <input_file_ref idref="fl-15"/>
      </object_component>
      <object_component id="oc-1d5">
         <name>.text:_EMUINT_ISR</name>
         <load_address>0x3f2442</load_address>
         <run_address>0x3f2442</run_address>
         <size>0x5</size>
         <input_file_ref idref="fl-15"/>
      </object_component>
      <object_component id="oc-1ef">
         <name>.text:_EPWM1_INT_ISR</name>
         <load_address>0x3f2447</load_address>
         <run_address>0x3f2447</run_address>
         <size>0x5</size>
         <input_file_ref idref="fl-15"/>
      </object_component>
      <object_component id="oc-1ec">
         <name>.text:_EPWM1_TZINT_ISR</name>
         <load_address>0x3f244c</load_address>
         <run_address>0x3f244c</run_address>
         <size>0x5</size>
         <input_file_ref idref="fl-15"/>
      </object_component>
      <object_component id="oc-1f0">
         <name>.text:_EPWM2_INT_ISR</name>
         <load_address>0x3f2451</load_address>
         <run_address>0x3f2451</run_address>
         <size>0x5</size>
         <input_file_ref idref="fl-15"/>
      </object_component>
      <object_component id="oc-1ed">
         <name>.text:_EPWM2_TZINT_ISR</name>
         <load_address>0x3f2456</load_address>
         <run_address>0x3f2456</run_address>
         <size>0x5</size>
         <input_file_ref idref="fl-15"/>
      </object_component>
      <object_component id="oc-1f1">
         <name>.text:_EPWM3_INT_ISR</name>
         <load_address>0x3f245b</load_address>
         <run_address>0x3f245b</run_address>
         <size>0x5</size>
         <input_file_ref idref="fl-15"/>
      </object_component>
      <object_component id="oc-1ee">
         <name>.text:_EPWM3_TZINT_ISR</name>
         <load_address>0x3f2460</load_address>
         <run_address>0x3f2460</run_address>
         <size>0x5</size>
         <input_file_ref idref="fl-15"/>
      </object_component>
      <object_component id="oc-1f5">
         <name>.text:_I2CINT1A_ISR</name>
         <load_address>0x3f2465</load_address>
         <run_address>0x3f2465</run_address>
         <size>0x5</size>
         <input_file_ref idref="fl-15"/>
      </object_component>
      <object_component id="oc-1f6">
         <name>.text:_I2CINT2A_ISR</name>
         <load_address>0x3f246a</load_address>
         <run_address>0x3f246a</run_address>
         <size>0x5</size>
         <input_file_ref idref="fl-15"/>
      </object_component>
      <object_component id="oc-1d7">
         <name>.text:_ILLEGAL_ISR</name>
         <load_address>0x3f246f</load_address>
         <run_address>0x3f246f</run_address>
         <size>0x5</size>
         <input_file_ref idref="fl-15"/>
      </object_component>
      <object_component id="oc-1d1">
         <name>.text:_INT13_ISR</name>
         <load_address>0x3f2474</load_address>
         <run_address>0x3f2474</run_address>
         <size>0x5</size>
         <input_file_ref idref="fl-15"/>
      </object_component>
      <object_component id="oc-1d2">
         <name>.text:_INT14_ISR</name>
         <load_address>0x3f2479</load_address>
         <run_address>0x3f2479</run_address>
         <size>0x5</size>
         <input_file_ref idref="fl-15"/>
      </object_component>
      <object_component id="oc-1d6">
         <name>.text:_NMI_ISR</name>
         <load_address>0x3f247e</load_address>
         <run_address>0x3f247e</run_address>
         <size>0x5</size>
         <input_file_ref idref="fl-15"/>
      </object_component>
      <object_component id="oc-1d0">
         <name>.text:_PIE_RESERVED</name>
         <load_address>0x3f2483</load_address>
         <run_address>0x3f2483</run_address>
         <size>0x5</size>
         <input_file_ref idref="fl-15"/>
      </object_component>
      <object_component id="oc-1d4">
         <name>.text:_RTOSINT_ISR</name>
         <load_address>0x3f2488</load_address>
         <run_address>0x3f2488</run_address>
         <size>0x5</size>
         <input_file_ref idref="fl-15"/>
      </object_component>
      <object_component id="oc-1f7">
         <name>.text:_SCIRXINTA_ISR</name>
         <load_address>0x3f248d</load_address>
         <run_address>0x3f248d</run_address>
         <size>0x5</size>
         <input_file_ref idref="fl-15"/>
      </object_component>
      <object_component id="oc-1f8">
         <name>.text:_SCITXINTA_ISR</name>
         <load_address>0x3f2492</load_address>
         <run_address>0x3f2492</run_address>
         <size>0x5</size>
         <input_file_ref idref="fl-15"/>
      </object_component>
      <object_component id="oc-1f3">
         <name>.text:_SPIRXINTA_ISR</name>
         <load_address>0x3f2497</load_address>
         <run_address>0x3f2497</run_address>
         <size>0x5</size>
         <input_file_ref idref="fl-15"/>
      </object_component>
      <object_component id="oc-1f4">
         <name>.text:_SPITXINTA_ISR</name>
         <load_address>0x3f249c</load_address>
         <run_address>0x3f249c</run_address>
         <size>0x5</size>
         <input_file_ref idref="fl-15"/>
      </object_component>
      <object_component id="oc-1ea">
         <name>.text:_TINT0_ISR</name>
         <load_address>0x3f24a1</load_address>
         <run_address>0x3f24a1</run_address>
         <size>0x5</size>
         <input_file_ref idref="fl-15"/>
      </object_component>
      <object_component id="oc-1e1">
         <name>.text:_USER10_ISR</name>
         <load_address>0x3f24a6</load_address>
         <run_address>0x3f24a6</run_address>
         <size>0x5</size>
         <input_file_ref idref="fl-15"/>
      </object_component>
      <object_component id="oc-1e2">
         <name>.text:_USER11_ISR</name>
         <load_address>0x3f24ab</load_address>
         <run_address>0x3f24ab</run_address>
         <size>0x5</size>
         <input_file_ref idref="fl-15"/>
      </object_component>
      <object_component id="oc-1e3">
         <name>.text:_USER12_ISR</name>
         <load_address>0x3f24b0</load_address>
         <run_address>0x3f24b0</run_address>
         <size>0x5</size>
         <input_file_ref idref="fl-15"/>
      </object_component>
      <object_component id="oc-1d8">
         <name>.text:_USER1_ISR</name>
         <load_address>0x3f24b5</load_address>
         <run_address>0x3f24b5</run_address>
         <size>0x5</size>
         <input_file_ref idref="fl-15"/>
      </object_component>
      <object_component id="oc-1d9">
         <name>.text:_USER2_ISR</name>
         <load_address>0x3f24ba</load_address>
         <run_address>0x3f24ba</run_address>
         <size>0x5</size>
         <input_file_ref idref="fl-15"/>
      </object_component>
      <object_component id="oc-1da">
         <name>.text:_USER3_ISR</name>
         <load_address>0x3f24bf</load_address>
         <run_address>0x3f24bf</run_address>
         <size>0x5</size>
         <input_file_ref idref="fl-15"/>
      </object_component>
      <object_component id="oc-1db">
         <name>.text:_USER4_ISR</name>
         <load_address>0x3f24c4</load_address>
         <run_address>0x3f24c4</run_address>
         <size>0x5</size>
         <input_file_ref idref="fl-15"/>
      </object_component>
      <object_component id="oc-1dc">
         <name>.text:_USER5_ISR</name>
         <load_address>0x3f24c9</load_address>
         <run_address>0x3f24c9</run_address>
         <size>0x5</size>
         <input_file_ref idref="fl-15"/>
      </object_component>
      <object_component id="oc-1dd">
         <name>.text:_USER6_ISR</name>
         <load_address>0x3f24ce</load_address>
         <run_address>0x3f24ce</run_address>
         <size>0x5</size>
         <input_file_ref idref="fl-15"/>
      </object_component>
      <object_component id="oc-1de">
         <name>.text:_USER7_ISR</name>
         <load_address>0x3f24d3</load_address>
         <run_address>0x3f24d3</run_address>
         <size>0x5</size>
         <input_file_ref idref="fl-15"/>
      </object_component>
      <object_component id="oc-1df">
         <name>.text:_USER8_ISR</name>
         <load_address>0x3f24d8</load_address>
         <run_address>0x3f24d8</run_address>
         <size>0x5</size>
         <input_file_ref idref="fl-15"/>
      </object_component>
      <object_component id="oc-1e0">
         <name>.text:_USER9_ISR</name>
         <load_address>0x3f24dd</load_address>
         <run_address>0x3f24dd</run_address>
         <size>0x5</size>
         <input_file_ref idref="fl-15"/>
      </object_component>
      <object_component id="oc-1eb">
         <name>.text:_WAKEINT_ISR</name>
         <load_address>0x3f24e2</load_address>
         <run_address>0x3f24e2</run_address>
         <size>0x5</size>
         <input_file_ref idref="fl-15"/>
      </object_component>
      <object_component id="oc-1e7">
         <name>.text:_XINT1_ISR</name>
         <load_address>0x3f24e7</load_address>
         <run_address>0x3f24e7</run_address>
         <size>0x5</size>
         <input_file_ref idref="fl-15"/>
      </object_component>
      <object_component id="oc-1e8">
         <name>.text:_XINT2_ISR</name>
         <load_address>0x3f24ec</load_address>
         <run_address>0x3f24ec</run_address>
         <size>0x5</size>
         <input_file_ref idref="fl-15"/>
      </object_component>
      <object_component id="oc-1ff">
         <name>.text:_XINT3_ISR</name>
         <load_address>0x3f24f1</load_address>
         <run_address>0x3f24f1</run_address>
         <size>0x5</size>
         <input_file_ref idref="fl-15"/>
      </object_component>
      <object_component id="oc-1e6">
         <name>.text:_rsvd_ISR</name>
         <load_address>0x3f24f6</load_address>
         <run_address>0x3f24f6</run_address>
         <size>0x5</size>
         <input_file_ref idref="fl-15"/>
      </object_component>
      <object_component id="oc-165">
         <name>.text</name>
         <load_address>0x3f24fb</load_address>
         <run_address>0x3f24fb</run_address>
         <size>0x5</size>
         <input_file_ref idref="fl-45"/>
      </object_component>
      <object_component id="oc-186">
         <name>.text:_CPU_enableInt</name>
         <load_address>0x3f2500</load_address>
         <run_address>0x3f2500</run_address>
         <size>0x4</size>
         <input_file_ref idref="fl-11"/>
      </object_component>
      <object_component id="oc-168">
         <name>.text:_CPU_init</name>
         <load_address>0x3f2504</load_address>
         <run_address>0x3f2504</run_address>
         <size>0x4</size>
         <input_file_ref idref="fl-11"/>
      </object_component>
      <object_component id="oc-1c3">
         <name>.text:_PWM_enableInt</name>
         <load_address>0x3f2508</load_address>
         <run_address>0x3f2508</run_address>
         <size>0x4</size>
         <input_file_ref idref="fl-c"/>
      </object_component>
      <object_component id="oc-1b9">
         <name>.text:_PWM_setClkDiv</name>
         <load_address>0x3f250c</load_address>
         <run_address>0x3f250c</run_address>
         <size>0x4</size>
         <input_file_ref idref="fl-c"/>
      </object_component>
      <object_component id="oc-1b3">
         <name>.text:_PWM_setCounterMode</name>
         <load_address>0x3f2510</load_address>
         <run_address>0x3f2510</run_address>
         <size>0x4</size>
         <input_file_ref idref="fl-c"/>
      </object_component>
      <object_component id="oc-1b8">
         <name>.text:_PWM_setHighSpeedClkDiv</name>
         <load_address>0x3f2514</load_address>
         <run_address>0x3f2514</run_address>
         <size>0x4</size>
         <input_file_ref idref="fl-c"/>
      </object_component>
      <object_component id="oc-1bc">
         <name>.text:_PWM_setLoadMode_CmpA</name>
         <load_address>0x3f2518</load_address>
         <run_address>0x3f2518</run_address>
         <size>0x4</size>
         <input_file_ref idref="fl-c"/>
      </object_component>
      <object_component id="oc-1ab">
         <name>.text:_SCI_clearRxFifoInt</name>
         <load_address>0x3f251c</load_address>
         <run_address>0x3f251c</run_address>
         <size>0x4</size>
         <input_file_ref idref="fl-b"/>
      </object_component>
      <object_component id="oc-1a7">
         <name>.text:_SCI_clearTxFifoInt</name>
         <load_address>0x3f2520</load_address>
         <run_address>0x3f2520</run_address>
         <size>0x4</size>
         <input_file_ref idref="fl-b"/>
      </object_component>
      <object_component id="oc-1a5">
         <name>.text:_SCI_enableFifoEnh</name>
         <load_address>0x3f2524</load_address>
         <run_address>0x3f2524</run_address>
         <size>0x4</size>
         <input_file_ref idref="fl-b"/>
      </object_component>
      <object_component id="oc-19f">
         <name>.text:_SCI_setCharLength</name>
         <load_address>0x3f2528</load_address>
         <run_address>0x3f2528</run_address>
         <size>0x4</size>
         <input_file_ref idref="fl-b"/>
      </object_component>
      <object_component id="oc-19e">
         <name>.text:_SCI_setNumStopBits</name>
         <load_address>0x3f252c</load_address>
         <run_address>0x3f252c</run_address>
         <size>0x4</size>
         <input_file_ref idref="fl-b"/>
      </object_component>
      <object_component id="oc-178">
         <name>.text:_CPU_clearIntFlags</name>
         <load_address>0x3f2530</load_address>
         <run_address>0x3f2530</run_address>
         <size>0x3</size>
         <input_file_ref idref="fl-11"/>
      </object_component>
      <object_component id="oc-177">
         <name>.text:_CPU_disableGlobalInts</name>
         <load_address>0x3f2533</load_address>
         <run_address>0x3f2533</run_address>
         <size>0x3</size>
         <input_file_ref idref="fl-11"/>
      </object_component>
      <object_component id="oc-189">
         <name>.text:_CPU_enableDebugInt</name>
         <load_address>0x3f2536</load_address>
         <run_address>0x3f2536</run_address>
         <size>0x3</size>
         <input_file_ref idref="fl-11"/>
      </object_component>
      <object_component id="oc-188">
         <name>.text:_CPU_enableGlobalInts</name>
         <load_address>0x3f2539</load_address>
         <run_address>0x3f2539</run_address>
         <size>0x3</size>
         <input_file_ref idref="fl-11"/>
      </object_component>
      <object_component id="oc-175">
         <name>.text:_PIE_disable</name>
         <load_address>0x3f253c</load_address>
         <run_address>0x3f253c</run_address>
         <size>0x3</size>
         <input_file_ref idref="fl-e"/>
      </object_component>
      <object_component id="oc-17b">
         <name>.text:_PIE_enable</name>
         <load_address>0x3f253f</load_address>
         <run_address>0x3f253f</run_address>
         <size>0x3</size>
         <input_file_ref idref="fl-e"/>
      </object_component>
      <object_component id="oc-197">
         <name>.text:_PLL_getClkStatus</name>
         <load_address>0x3f2542</load_address>
         <run_address>0x3f2542</run_address>
         <size>0x3</size>
         <input_file_ref idref="fl-d"/>
      </object_component>
      <object_component id="oc-19a">
         <name>.text:_PLL_getLockStatus</name>
         <load_address>0x3f2545</load_address>
         <run_address>0x3f2545</run_address>
         <size>0x3</size>
         <input_file_ref idref="fl-d"/>
      </object_component>
      <object_component id="oc-1b5">
         <name>.text:_PWM_disableCounterLoad</name>
         <load_address>0x3f2548</load_address>
         <run_address>0x3f2548</run_address>
         <size>0x3</size>
         <input_file_ref idref="fl-c"/>
      </object_component>
      <object_component id="oc-19d">
         <name>.text:_SCI_disableParity</name>
         <load_address>0x3f254b</load_address>
         <run_address>0x3f254b</run_address>
         <size>0x3</size>
         <input_file_ref idref="fl-b"/>
      </object_component>
      <object_component id="oc-1ae">
         <name>.text:_SCI_enable</name>
         <load_address>0x3f254e</load_address>
         <run_address>0x3f254e</run_address>
         <size>0x3</size>
         <input_file_ref idref="fl-b"/>
      </object_component>
      <object_component id="oc-1a1">
         <name>.text:_SCI_enableRx</name>
         <load_address>0x3f2551</load_address>
         <run_address>0x3f2551</run_address>
         <size>0x3</size>
         <input_file_ref idref="fl-b"/>
      </object_component>
      <object_component id="oc-1a3">
         <name>.text:_SCI_enableRxInt</name>
         <load_address>0x3f2554</load_address>
         <run_address>0x3f2554</run_address>
         <size>0x3</size>
         <input_file_ref idref="fl-b"/>
      </object_component>
      <object_component id="oc-1a0">
         <name>.text:_SCI_enableTx</name>
         <load_address>0x3f2557</load_address>
         <run_address>0x3f2557</run_address>
         <size>0x3</size>
         <input_file_ref idref="fl-b"/>
      </object_component>
      <object_component id="oc-1a2">
         <name>.text:_SCI_enableTxInt</name>
         <load_address>0x3f255a</load_address>
         <run_address>0x3f255a</run_address>
         <size>0x3</size>
         <input_file_ref idref="fl-b"/>
      </object_component>
      <object_component id="oc-1ad">
         <name>.text:_SCI_setPriority</name>
         <load_address>0x3f255d</load_address>
         <run_address>0x3f255d</run_address>
         <size>0x3</size>
         <input_file_ref idref="fl-b"/>
      </object_component>
      <object_component id="oc-201">
         <name>.text</name>
         <load_address>0x3f2560</load_address>
         <run_address>0x3f2560</run_address>
         <size>0x3</size>
         <input_file_ref idref="fl-44"/>
      </object_component>
      <object_component id="oc-1b7">
         <name>.text:_PWM_setCount</name>
         <load_address>0x3f2563</load_address>
         <run_address>0x3f2563</run_address>
         <size>0x2</size>
         <input_file_ref idref="fl-c"/>
      </object_component>
      <object_component id="oc-1b4">
         <name>.text:_PWM_setPeriod</name>
         <load_address>0x3f2565</load_address>
         <run_address>0x3f2565</run_address>
         <size>0x2</size>
         <input_file_ref idref="fl-c"/>
      </object_component>
      <object_component id="oc-1b6">
         <name>.text:_PWM_setPhase</name>
         <load_address>0x3f2567</load_address>
         <run_address>0x3f2567</run_address>
         <size>0x2</size>
         <input_file_ref idref="fl-c"/>
      </object_component>
      <object_component id="oc-18e">
         <name>.text:_SCI_lseek</name>
         <load_address>0x3f2569</load_address>
         <run_address>0x3f2569</run_address>
         <size>0x2</size>
         <input_file_ref idref="fl-a"/>
      </object_component>
      <object_component id="oc-190">
         <name>.text:_SCI_rename</name>
         <load_address>0x3f256b</load_address>
         <run_address>0x3f256b</run_address>
         <size>0x2</size>
         <input_file_ref idref="fl-a"/>
      </object_component>
      <object_component id="oc-18f">
         <name>.text:_SCI_unlink</name>
         <load_address>0x3f256d</load_address>
         <run_address>0x3f256d</run_address>
         <size>0x2</size>
         <input_file_ref idref="fl-a"/>
      </object_component>
      <object_component id="oc-1cf">
         <name>.text</name>
         <load_address>0x3f6298</load_address>
         <run_address>0x3f6298</run_address>
         <size>0x930</size>
         <input_file_ref idref="fl-29"/>
      </object_component>
      <object_component id="oc-191">
         <name>.text</name>
         <load_address>0x3f6bc8</load_address>
         <run_address>0x3f6bc8</run_address>
         <size>0x201</size>
         <input_file_ref idref="fl-20"/>
      </object_component>
      <object_component id="oc-160">
         <name>.text</name>
         <load_address>0x3f6dc9</load_address>
         <run_address>0x3f6dc9</run_address>
         <size>0x1f2</size>
         <input_file_ref idref="fl-27"/>
      </object_component>
      <object_component id="oc-1ca">
         <name>.text</name>
         <load_address>0x3f6fbb</load_address>
         <run_address>0x3f6fbb</run_address>
         <size>0x1d3</size>
         <input_file_ref idref="fl-42"/>
      </object_component>
      <object_component id="oc-162">
         <name>.text:_main</name>
         <load_address>0x3f718e</load_address>
         <run_address>0x3f718e</run_address>
         <size>0x1b8</size>
         <input_file_ref idref="fl-2"/>
      </object_component>
      <object_component id="oc-123">
         <name>.text</name>
         <load_address>0x3f7346</load_address>
         <run_address>0x3f7346</run_address>
         <size>0x107</size>
         <input_file_ref idref="fl-3d"/>
      </object_component>
      <object_component id="oc-192">
         <name>.text</name>
         <load_address>0x3f744d</load_address>
         <run_address>0x3f744d</run_address>
         <size>0xff</size>
         <input_file_ref idref="fl-19"/>
      </object_component>
      <object_component id="oc-1ce">
         <name>.text</name>
         <load_address>0x3f754c</load_address>
         <run_address>0x3f754c</run_address>
         <size>0xa8</size>
         <input_file_ref idref="fl-38"/>
      </object_component>
      <object_component id="oc-152">
         <name>.text</name>
         <load_address>0x3f75f4</load_address>
         <run_address>0x3f75f4</run_address>
         <size>0x9c</size>
         <input_file_ref idref="fl-48"/>
      </object_component>
      <object_component id="oc-163">
         <name>.text</name>
         <load_address>0x3f7690</load_address>
         <run_address>0x3f7690</run_address>
         <size>0x8e</size>
         <input_file_ref idref="fl-2a"/>
      </object_component>
      <object_component id="oc-184">
         <name>.text:_InitEPwm1</name>
         <load_address>0x3f771e</load_address>
         <run_address>0x3f771e</run_address>
         <size>0x8c</size>
         <input_file_ref idref="fl-2"/>
      </object_component>
      <object_component id="oc-ee">
         <name>.text</name>
         <load_address>0x3f77aa</load_address>
         <run_address>0x3f77aa</run_address>
         <size>0x8b</size>
         <input_file_ref idref="fl-30"/>
      </object_component>
      <object_component id="oc-f2">
         <name>.text</name>
         <load_address>0x3f7835</load_address>
         <run_address>0x3f7835</run_address>
         <size>0x83</size>
         <input_file_ref idref="fl-31"/>
      </object_component>
      <object_component id="oc-94">
         <name>.text</name>
         <load_address>0x3f78b8</load_address>
         <run_address>0x3f78b8</run_address>
         <size>0x83</size>
         <input_file_ref idref="fl-1b"/>
      </object_component>
      <object_component id="oc-193">
         <name>.text</name>
         <load_address>0x3f793b</load_address>
         <run_address>0x3f793b</run_address>
         <size>0x79</size>
         <input_file_ref idref="fl-23"/>
      </object_component>
      <object_component id="oc-90">
         <name>.text</name>
         <load_address>0x3f79b4</load_address>
         <run_address>0x3f79b4</run_address>
         <size>0x78</size>
         <input_file_ref idref="fl-1a"/>
      </object_component>
      <object_component id="oc-1cb">
         <name>.text:_display_on_LCD</name>
         <load_address>0x3f7a2c</load_address>
         <run_address>0x3f7a2c</run_address>
         <size>0x6e</size>
         <input_file_ref idref="fl-2"/>
      </object_component>
      <object_component id="oc-200">
         <name>.text</name>
         <load_address>0x3f7a9a</load_address>
         <run_address>0x3f7a9a</run_address>
         <size>0x6b</size>
         <input_file_ref idref="fl-36"/>
      </object_component>
      <object_component id="oc-17c">
         <name>.text:_scia_init</name>
         <load_address>0x3f7b05</load_address>
         <run_address>0x3f7b05</run_address>
         <size>0x66</size>
         <input_file_ref idref="fl-2"/>
      </object_component>
      <object_component id="oc-204">
         <name>.text</name>
         <load_address>0x3f7b6b</load_address>
         <run_address>0x3f7b6b</run_address>
         <size>0x65</size>
         <input_file_ref idref="fl-47"/>
      </object_component>
      <object_component id="oc-1c9">
         <name>.text</name>
         <load_address>0x3f7bd0</load_address>
         <run_address>0x3f7bd0</run_address>
         <size>0x5b</size>
         <input_file_ref idref="fl-2e"/>
      </object_component>
      <object_component id="oc-98">
         <name>.text</name>
         <load_address>0x3f7c2b</load_address>
         <run_address>0x3f7c2b</run_address>
         <size>0x5a</size>
         <input_file_ref idref="fl-1c"/>
      </object_component>
      <object_component id="oc-1cd">
         <name>.text</name>
         <load_address>0x3f7c85</load_address>
         <run_address>0x3f7c85</run_address>
         <size>0x50</size>
         <input_file_ref idref="fl-37"/>
      </object_component>
      <object_component id="oc-194">
         <name>.text:_turn_motor_to</name>
         <load_address>0x3f7cd5</load_address>
         <run_address>0x3f7cd5</run_address>
         <size>0x4e</size>
         <input_file_ref idref="fl-2"/>
      </object_component>
      <object_component id="oc-180">
         <name>.text:_GPIO_setMode</name>
         <load_address>0x3f7d23</load_address>
         <run_address>0x3f7d23</run_address>
         <size>0x49</size>
         <input_file_ref idref="fl-f"/>
      </object_component>
      <object_component id="oc-7a">
         <name>.text</name>
         <load_address>0x3f7d6c</load_address>
         <run_address>0x3f7d6c</run_address>
         <size>0x44</size>
         <input_file_ref idref="fl-16"/>
      </object_component>
      <object_component id="oc-20a">
         <name>.text</name>
         <load_address>0x3f7db0</load_address>
         <run_address>0x3f7db0</run_address>
         <size>0x3d</size>
         <input_file_ref idref="fl-49"/>
      </object_component>
      <object_component id="oc-181">
         <name>.text:_GPIO_setDirection</name>
         <load_address>0x3f7ded</load_address>
         <run_address>0x3f7ded</run_address>
         <size>0x34</size>
         <input_file_ref idref="fl-f"/>
      </object_component>
      <object_component id="oc-17e">
         <name>.text:_GPIO_setPullUp</name>
         <load_address>0x3f7e21</load_address>
         <run_address>0x3f7e21</run_address>
         <size>0x34</size>
         <input_file_ref idref="fl-f"/>
      </object_component>
      <object_component id="oc-196">
         <name>.text</name>
         <load_address>0x3f7e55</load_address>
         <run_address>0x3f7e55</run_address>
         <size>0x32</size>
         <input_file_ref idref="fl-22"/>
      </object_component>
      <object_component id="oc-206">
         <name>.text</name>
         <load_address>0x3f7e87</load_address>
         <run_address>0x3f7e87</run_address>
         <size>0x31</size>
         <input_file_ref idref="fl-2c"/>
      </object_component>
      <object_component id="oc-207">
         <name>.text</name>
         <load_address>0x3f7eb8</load_address>
         <run_address>0x3f7eb8</run_address>
         <size>0x2c</size>
         <input_file_ref idref="fl-3f"/>
      </object_component>
      <object_component id="oc-17f">
         <name>.text:_GPIO_setQualification</name>
         <load_address>0x3f7ee4</load_address>
         <run_address>0x3f7ee4</run_address>
         <size>0x2b</size>
         <input_file_ref idref="fl-f"/>
      </object_component>
      <object_component id="oc-1cc">
         <name>.text:_pwm_period_for_motor</name>
         <load_address>0x3f7f0f</load_address>
         <run_address>0x3f7f0f</run_address>
         <size>0x2a</size>
         <input_file_ref idref="fl-2"/>
      </object_component>
      <object_component id="oc-ea">
         <name>.text</name>
         <load_address>0x3f7f39</load_address>
         <run_address>0x3f7f39</run_address>
         <size>0x2a</size>
         <input_file_ref idref="fl-2f"/>
      </object_component>
      <object_component id="oc-18d">
         <name>.text:_SCI_write</name>
         <load_address>0x3f7f63</load_address>
         <run_address>0x3f7f63</run_address>
         <size>0x1c</size>
         <input_file_ref idref="fl-a"/>
      </object_component>
      <object_component id="oc-37">
         <name>codestart</name>
         <load_address>0x3f7ff6</load_address>
         <run_address>0x3f7ff6</run_address>
         <size>0x2</size>
         <input_file_ref idref="fl-14"/>
      </object_component>
      <object_component id="oc-17d">
         <name>ramfuncs:_FLASH_setup</name>
         <load_address>0x3f6278</load_address>
         <run_address>0x8000</run_address>
         <size>0xc</size>
         <input_file_ref idref="fl-10"/>
      </object_component>
      <object_component id="oc-1af">
         <name>ramfuncs:_FLASH_enablePipelineMode</name>
         <load_address>0x3f6284</load_address>
         <run_address>0x800c</run_address>
         <size>0x6</size>
         <input_file_ref idref="fl-10"/>
      </object_component>
      <object_component id="oc-1b1">
         <name>ramfuncs:_FLASH_setActiveWaitCount</name>
         <load_address>0x3f628a</load_address>
         <run_address>0x8012</run_address>
         <size>0x5</size>
         <input_file_ref idref="fl-10"/>
      </object_component>
      <object_component id="oc-1b0">
         <name>ramfuncs:_FLASH_setStandbyWaitCount</name>
         <load_address>0x3f628f</load_address>
         <run_address>0x8017</run_address>
         <size>0x5</size>
         <input_file_ref idref="fl-10"/>
      </object_component>
      <object_component id="oc-70">
         <name>ramfuncs</name>
         <load_address>0x3f6294</load_address>
         <run_address>0x801c</run_address>
         <size>0x4</size>
         <input_file_ref idref="fl-14"/>
      </object_component>
      <object_component id="oc-71">
         <name>csmpasswds</name>
         <load_address>0x3f7ff8</load_address>
         <run_address>0x3f7ff8</run_address>
         <size>0x8</size>
         <input_file_ref idref="fl-14"/>
      </object_component>
      <object_component id="oc-72">
         <name>csm_rsvd</name>
         <load_address>0x3f7f80</load_address>
         <run_address>0x3f7f80</run_address>
         <size>0x76</size>
         <input_file_ref idref="fl-14"/>
      </object_component>
      <object_component id="oc-7b">
         <name>.stack</name>
         <uninitialized>true</uninitialized>
         <run_address>0x50</run_address>
         <size>0x0</size>
         <input_file_ref idref="fl-16"/>
      </object_component>
      <object_component id="oc-248">
         <name>.stack</name>
         <uninitialized>true</uninitialized>
         <run_address>0x50</run_address>
         <size>0x0</size>
      </object_component>
      <object_component id="oc-3a">
         <name>.ebss</name>
         <uninitialized>true</uninitialized>
         <run_address>0x8a08</run_address>
         <size>0x36</size>
         <input_file_ref idref="fl-2"/>
      </object_component>
      <object_component id="oc-46">
         <name>.ebss</name>
         <uninitialized>true</uninitialized>
         <run_address>0x8970</run_address>
         <size>0x4</size>
         <input_file_ref idref="fl-a"/>
      </object_component>
      <object_component id="oc-63">
         <name>.ebss</name>
         <uninitialized>true</uninitialized>
         <run_address>0x897c</run_address>
         <size>0x1</size>
         <input_file_ref idref="fl-11"/>
      </object_component>
      <object_component id="oc-82">
         <name>.ebss</name>
         <uninitialized>true</uninitialized>
         <run_address>0x8800</run_address>
         <size>0x160</size>
         <input_file_ref idref="fl-17"/>
      </object_component>
      <object_component id="oc-86">
         <name>.ebss</name>
         <uninitialized>true</uninitialized>
         <run_address>0x8978</run_address>
         <size>0x4</size>
         <input_file_ref idref="fl-18"/>
      </object_component>
      <object_component id="oc-8c">
         <name>.ebss</name>
         <uninitialized>true</uninitialized>
         <run_address>0x897d</run_address>
         <size>0x1</size>
         <input_file_ref idref="fl-19"/>
      </object_component>
      <object_component id="oc-aa">
         <name>.ebss</name>
         <uninitialized>true</uninitialized>
         <run_address>0x8980</run_address>
         <size>0x88</size>
         <input_file_ref idref="fl-20"/>
      </object_component>
      <object_component id="oc-c7">
         <name>.ebss</name>
         <uninitialized>true</uninitialized>
         <run_address>0x8968</run_address>
         <size>0x8</size>
         <input_file_ref idref="fl-27"/>
      </object_component>
      <object_component id="oc-cd">
         <name>.ebss</name>
         <uninitialized>true</uninitialized>
         <run_address>0x8974</run_address>
         <size>0x4</size>
         <input_file_ref idref="fl-28"/>
      </object_component>
      <object_component id="oc-13a">
         <name>.ebss</name>
         <uninitialized>true</uninitialized>
         <run_address>0x8960</run_address>
         <size>0x8</size>
         <input_file_ref idref="fl-42"/>
      </object_component>
      <object_component id="oc-139">
         <name>.sysmem</name>
         <uninitialized>true</uninitialized>
         <run_address>0x8a3e</run_address>
         <size>0x1</size>
         <input_file_ref idref="fl-42"/>
      </object_component>
      <object_component id="oc-249">
         <name>.sysmem</name>
         <uninitialized>true</uninitialized>
         <run_address>0x8a3e</run_address>
         <size>0x0</size>
      </object_component>
      <object_component id="oc-d8">
         <name>.cio</name>
         <uninitialized>true</uninitialized>
         <run_address>0x400</run_address>
         <size>0x120</size>
         <input_file_ref idref="fl-2a"/>
      </object_component>
      <object_component id="oc-20b">
         <name>.econst:.string:__ctypes_</name>
         <load_address>0x3f6000</load_address>
         <run_address>0x3f6000</run_address>
         <size>0x101</size>
         <input_file_ref idref="fl-2d"/>
      </object_component>
      <object_component id="oc-19b">
         <name>.econst:_PIE_tableDebugInit</name>
         <load_address>0x3f6102</load_address>
         <run_address>0x3f6102</run_address>
         <size>0x100</size>
         <input_file_ref idref="fl-e"/>
      </object_component>
      <object_component id="oc-3c">
         <name>.econst:.string</name>
         <load_address>0x3f6202</load_address>
         <run_address>0x3f6202</run_address>
         <size>0x38</size>
         <input_file_ref idref="fl-2"/>
      </object_component>
      <object_component id="oc-d3">
         <name>.econst:.string</name>
         <load_address>0x3f623a</load_address>
         <run_address>0x3f623a</run_address>
         <size>0x24</size>
         <input_file_ref idref="fl-29"/>
      </object_component>
      <object_component id="oc-d2">
         <name>.econst</name>
         <load_address>0x3f625e</load_address>
         <run_address>0x3f625e</run_address>
         <size>0x18</size>
         <input_file_ref idref="fl-29"/>
      </object_component>
      <object_component id="oc-10f">
         <name>.econst:.string</name>
         <load_address>0x3f6276</load_address>
         <run_address>0x3f6276</run_address>
         <size>0x2</size>
         <input_file_ref idref="fl-38"/>
      </object_component>
      <object_component id="oc-7c">
         <name>.reset</name>
         <load_address>0x3fffc0</load_address>
         <run_address>0x3fffc0</run_address>
         <size>0x2</size>
         <input_file_ref idref="fl-16"/>
      </object_component>
      <object_component id="oc-38">
         <name>.debug_info</name>
         <load_address>0x0</load_address>
         <run_address>0x0</run_address>
         <size>0x57b7</size>
         <input_file_ref idref="fl-2"/>
      </object_component>
      <object_component id="oc-40">
         <name>.debug_info</name>
         <load_address>0x57b7</load_address>
         <run_address>0x57b7</run_address>
         <size>0x7f6</size>
         <input_file_ref idref="fl-9"/>
      </object_component>
      <object_component id="oc-44">
         <name>.debug_info</name>
         <load_address>0x5fad</load_address>
         <run_address>0x5fad</run_address>
         <size>0x105b</size>
         <input_file_ref idref="fl-a"/>
      </object_component>
      <object_component id="oc-4a">
         <name>.debug_info</name>
         <load_address>0x7008</load_address>
         <run_address>0x7008</run_address>
         <size>0x2147</size>
         <input_file_ref idref="fl-b"/>
      </object_component>
      <object_component id="oc-4e">
         <name>.debug_info</name>
         <load_address>0x914f</load_address>
         <run_address>0x914f</run_address>
         <size>0x3c01</size>
         <input_file_ref idref="fl-c"/>
      </object_component>
      <object_component id="oc-52">
         <name>.debug_info</name>
         <load_address>0xcd50</load_address>
         <run_address>0xcd50</run_address>
         <size>0xed2</size>
         <input_file_ref idref="fl-d"/>
      </object_component>
      <object_component id="oc-56">
         <name>.debug_info</name>
         <load_address>0xdc22</load_address>
         <run_address>0xdc22</run_address>
         <size>0x2dd6</size>
         <input_file_ref idref="fl-e"/>
      </object_component>
      <object_component id="oc-5a">
         <name>.debug_info</name>
         <load_address>0x109f8</load_address>
         <run_address>0x109f8</run_address>
         <size>0x2060</size>
         <input_file_ref idref="fl-f"/>
      </object_component>
      <object_component id="oc-5e">
         <name>.debug_info</name>
         <load_address>0x12a58</load_address>
         <run_address>0x12a58</run_address>
         <size>0x11f4</size>
         <input_file_ref idref="fl-10"/>
      </object_component>
      <object_component id="oc-62">
         <name>.debug_info</name>
         <load_address>0x13c4c</load_address>
         <run_address>0x13c4c</run_address>
         <size>0xb3e</size>
         <input_file_ref idref="fl-11"/>
      </object_component>
      <object_component id="oc-67">
         <name>.debug_info</name>
         <load_address>0x1478a</load_address>
         <run_address>0x1478a</run_address>
         <size>0x12c9</size>
         <input_file_ref idref="fl-12"/>
      </object_component>
      <object_component id="oc-6b">
         <name>.debug_info</name>
         <load_address>0x15a53</load_address>
         <run_address>0x15a53</run_address>
         <size>0x1c94</size>
         <input_file_ref idref="fl-13"/>
      </object_component>
      <object_component id="oc-73">
         <name>.debug_info</name>
         <load_address>0x176e7</load_address>
         <run_address>0x176e7</run_address>
         <size>0x329</size>
         <input_file_ref idref="fl-14"/>
      </object_component>
      <object_component id="oc-76">
         <name>.debug_info</name>
         <load_address>0x17a10</load_address>
         <run_address>0x17a10</run_address>
         <size>0x5348</size>
         <input_file_ref idref="fl-15"/>
      </object_component>
      <object_component id="oc-7d">
         <name>.debug_info</name>
         <load_address>0x1cd58</load_address>
         <run_address>0x1cd58</run_address>
         <size>0xde</size>
         <input_file_ref idref="fl-16"/>
      </object_component>
      <object_component id="oc-80">
         <name>.debug_info</name>
         <load_address>0x1ce36</load_address>
         <run_address>0x1ce36</run_address>
         <size>0x3a7</size>
         <input_file_ref idref="fl-17"/>
      </object_component>
      <object_component id="oc-84">
         <name>.debug_info</name>
         <load_address>0x1d1dd</load_address>
         <run_address>0x1d1dd</run_address>
         <size>0x3d6</size>
         <input_file_ref idref="fl-18"/>
      </object_component>
      <object_component id="oc-8a">
         <name>.debug_info</name>
         <load_address>0x1d5b3</load_address>
         <run_address>0x1d5b3</run_address>
         <size>0x850</size>
         <input_file_ref idref="fl-19"/>
      </object_component>
      <object_component id="oc-91">
         <name>.debug_info</name>
         <load_address>0x1de03</load_address>
         <run_address>0x1de03</run_address>
         <size>0xc0</size>
         <input_file_ref idref="fl-1a"/>
      </object_component>
      <object_component id="oc-95">
         <name>.debug_info</name>
         <load_address>0x1dec3</load_address>
         <run_address>0x1dec3</run_address>
         <size>0xc0</size>
         <input_file_ref idref="fl-1b"/>
[...]
         <object_component_ref idref="oc-1d6"/>
      </symbol>
      <symbol id="sm-391">
         <name>_ADCINT2_ISR</name>
         <value>0x3f2410</value>
         <object_component_ref idref="oc-1e5"/>
      </symbol>
      <symbol id="sm-392">
         <name>_PIE_RESERVED</name>
         <value>0x3f2483</value>
         <object_component_ref idref="oc-1d0"/>
      </symbol>
      <symbol id="sm-393">
         <name>_I2CINT1A_ISR</name>
         <value>0x3f2465</value>
         <object_component_ref idref="oc-1f5"/>
      </symbol>
      <symbol id="sm-394">
         <name>_XINT2_ISR</name>
         <value>0x3f24ec</value>
         <object_component_ref idref="oc-1e8"/>
      </symbol>
      <symbol id="sm-395">
         <name>_I2CINT2A_ISR</name>
         <value>0x3f246a</value>
         <object_component_ref idref="oc-1f6"/>
      </symbol>
      <symbol id="sm-396">
         <name>_RTOSINT_ISR</name>
         <value>0x3f2488</value>
         <object_component_ref idref="oc-1d4"/>
      </symbol>
      <symbol id="sm-397">
         <name>_EPWM3_INT_ISR</name>
         <value>0x3f245b</value>
         <object_component_ref idref="oc-1f1"/>
      </symbol>
      <symbol id="sm-398">
         <name>_ADCINT3_ISR</name>
         <value>0x3f2415</value>
         <object_component_ref idref="oc-1f9"/>
      </symbol>
      <symbol id="sm-399">
         <name>_USER9_ISR</name>
         <value>0x3f24dd</value>
         <object_component_ref idref="oc-1e0"/>
      </symbol>
      <symbol id="sm-39a">
         <name>_USER3_ISR</name>
         <value>0x3f24bf</value>
         <object_component_ref idref="oc-1da"/>
      </symbol>
      <symbol id="sm-39b">
         <name>_USER8_ISR</name>
         <value>0x3f24d8</value>
         <object_component_ref idref="oc-1df"/>
      </symbol>
      <symbol id="sm-39c">
         <name>_EPWM1_INT_ISR</name>
         <value>0x3f2447</value>
         <object_component_ref idref="oc-1ef"/>
      </symbol>
      <symbol id="sm-39d">
         <name>_USER2_ISR</name>
         <value>0x3f24ba</value>
         <object_component_ref idref="oc-1d9"/>
      </symbol>
      <symbol id="sm-39e">
         <name>_SCITXINTA_ISR</name>
         <value>0x3f2492</value>
         <object_component_ref idref="oc-1f8"/>
      </symbol>
      <symbol id="sm-39f">
         <name>_SCIRXINTA_ISR</name>
         <value>0x3f248d</value>
         <object_component_ref idref="oc-1f7"/>
      </symbol>
      <symbol id="sm-3a0">
         <name>_rsvd_ISR</name>
         <value>0x3f24f6</value>
         <object_component_ref idref="oc-1e6"/>
      </symbol>
      <symbol id="sm-3b4">
         <name>_c_int00</name>
         <value>0x3f7d6c</value>
         <object_component_ref idref="oc-7a"/>
      </symbol>
      <symbol id="sm-3b5">
         <name>__stack</name>
         <value>0x50</value>
         <object_component_ref idref="oc-7b"/>
      </symbol>
      <symbol id="sm-3bf">
         <name>___TI_ft_end</name>
         <value>0x8800</value>
         <object_component_ref idref="oc-82"/>
      </symbol>
      <symbol id="sm-3c0">
         <name>___TI_tmpnams</name>
         <value>0x88c0</value>
         <object_component_ref idref="oc-82"/>
      </symbol>
      <symbol id="sm-3c1">
         <name>__ftable</name>
         <value>0x8840</value>
         <object_component_ref idref="oc-82"/>
      </symbol>
      <symbol id="sm-3d2">
         <name>C$$EXIT</name>
         <value>0x3f2179</value>
         <object_component_ref idref="oc-15f"/>
      </symbol>
      <symbol id="sm-3d3">
         <name>_exit</name>
         <value>0x3f217b</value>
         <object_component_ref idref="oc-15f"/>
      </symbol>
      <symbol id="sm-3d4">
         <name>___TI_cleanup_ptr</name>
         <value>0x8978</value>
         <object_component_ref idref="oc-86"/>
      </symbol>
      <symbol id="sm-3d5">
         <name>_abort</name>
         <value>0x3f2179</value>
         <object_component_ref idref="oc-15f"/>
      </symbol>
      <symbol id="sm-3d6">
         <name>___TI_dtors_ptr</name>
         <value>0x897a</value>
         <object_component_ref idref="oc-86"/>
      </symbol>
      <symbol id="sm-409">
         <name>_fopen</name>
         <value>0x3f7532</value>
         <object_component_ref idref="oc-192"/>
      </symbol>
      <symbol id="sm-40a">
         <name>___TI_cleanup</name>
         <value>0x3f74c5</value>
         <object_component_ref idref="oc-192"/>
      </symbol>
      <symbol id="sm-40b">
         <name>_freopen</name>
         <value>0x3f74e2</value>
         <object_component_ref idref="oc-192"/>
      </symbol>
      <symbol id="sm-421">
         <name>FS$$ADD</name>
         <value>0x3f79b9</value>
         <object_component_ref idref="oc-90"/>
      </symbol>
      <symbol id="sm-422">
         <name>FS$$SUB</name>
         <value>0x3f79b4</value>
         <object_component_ref idref="oc-90"/>
      </symbol>
      <symbol id="sm-42f">
         <name>FS$$DIV</name>
         <value>0x3f78b8</value>
         <object_component_ref idref="oc-94"/>
      </symbol>
      <symbol id="sm-43c">
         <name>FS$$MPY</name>
         <value>0x3f7c2b</value>
         <object_component_ref idref="oc-98"/>
      </symbol>
      <symbol id="sm-449">
         <name>FS$$TOI</name>
         <value>0x3f202a</value>
         <object_component_ref idref="oc-9c"/>
      </symbol>
      <symbol id="sm-453">
         <name>I$$MOD</name>
         <value>0x3f2060</value>
         <object_component_ref idref="oc-a0"/>
      </symbol>
      <symbol id="sm-454">
         <name>I$$DIV</name>
         <value>0x3f204f</value>
         <object_component_ref idref="oc-a0"/>
      </symbol>
      <symbol id="sm-45f">
         <name>I$$TOFS</name>
         <value>0x3f2146</value>
         <object_component_ref idref="oc-a4"/>
      </symbol>
      <symbol id="sm-494">
         <name>_add_device</name>
         <value>0x3f6d5d</value>
         <object_component_ref idref="oc-191"/>
      </symbol>
      <symbol id="sm-495">
         <name>_rename</name>
         <value>0x3f6c46</value>
         <object_component_ref idref="oc-191"/>
      </symbol>
      <symbol id="sm-496">
         <name>_read</name>
         <value>0x3f6c89</value>
         <object_component_ref idref="oc-191"/>
      </symbol>
      <symbol id="sm-497">
         <name>_unlink</name>
         <value>0x3f6c2e</value>
         <object_component_ref idref="oc-191"/>
      </symbol>
      <symbol id="sm-498">
         <name>_remove_device</name>
         <value>0x3f6c6f</value>
         <object_component_ref idref="oc-191"/>
      </symbol>
      <symbol id="sm-499">
         <name>_open</name>
         <value>0x3f6ca1</value>
         <object_component_ref idref="oc-191"/>
      </symbol>
      <symbol id="sm-49a">
         <name>_lseek</name>
         <value>0x3f6d13</value>
         <object_component_ref idref="oc-191"/>
      </symbol>
      <symbol id="sm-49b">
         <name>_close</name>
         <value>0x3f6d2b</value>
         <object_component_ref idref="oc-191"/>
      </symbol>
      <symbol id="sm-49c">
         <name>_write</name>
         <value>0x3f6bc8</value>
         <object_component_ref idref="oc-191"/>
      </symbol>
      <symbol id="sm-4ab">
         <name>___memcpy_ff</name>
         <value>0x3f2092</value>
         <object_component_ref idref="oc-179"/>
      </symbol>
      <symbol id="sm-4b9">
         <name>_printf</name>
         <value>0x3f7e5b</value>
         <object_component_ref idref="oc-196"/>
      </symbol>
      <symbol id="sm-4ce">
         <name>_setvbuf</name>
         <value>0x3f793b</value>
         <object_component_ref idref="oc-193"/>
      </symbol>
      <symbol id="sm-4db">
         <name>_strchr</name>
         <value>0x3f22d6</value>
         <object_component_ref idref="oc-1c7"/>
      </symbol>
      <symbol id="sm-4e7">
         <name>_strcmp</name>
         <value>0x3f22ff</value>
         <object_component_ref idref="oc-1c6"/>
      </symbol>
      <symbol id="sm-4f5">
         <name>_strncpy</name>
         <value>0x3f20f0</value>
         <object_component_ref idref="oc-1c8"/>
      </symbol>
      <symbol id="sm-506">
         <name>_HOSTopen</name>
         <value>0x3f6ec2</value>
         <object_component_ref idref="oc-160"/>
      </symbol>
      <symbol id="sm-507">
         <name>_HOSTread</name>
         <value>0x3f6e8c</value>
         <object_component_ref idref="oc-160"/>
      </symbol>
      <symbol id="sm-508">
         <name>_HOSTgetenv</name>
         <value>0x3f6f40</value>
         <object_component_ref idref="oc-160"/>
      </symbol>
      <symbol id="sm-509">
         <name>_HOSTtime</name>
         <value>0x3f6e24</value>
         <object_component_ref idref="oc-160"/>
      </symbol>
      <symbol id="sm-50a">
         <name>_HOSTrename</name>
         <value>0x3f6e4e</value>
         <object_component_ref idref="oc-160"/>
      </symbol>
      <symbol id="sm-50b">
         <name>_HOSTclock</name>
         <value>0x3f6f91</value>
         <object_component_ref idref="oc-160"/>
      </symbol>
      <symbol id="sm-50c">
         <name>_HOSTwrite</name>
         <value>0x3f6dc9</value>
         <object_component_ref idref="oc-160"/>
      </symbol>
      <symbol id="sm-50d">
         <name>_HOSTlseek</name>
         <value>0x3f6ef9</value>
         <object_component_ref idref="oc-160"/>
      </symbol>
      <symbol id="sm-50e">
         <name>_HOSTunlink</name>
         <value>0x3f6dff</value>
         <object_component_ref idref="oc-160"/>
      </symbol>
      <symbol id="sm-50f">
         <name>_HOSTclose</name>
         <value>0x3f6f6a</value>
         <object_component_ref idref="oc-160"/>
      </symbol>
      <symbol id="sm-51d">
         <name>__unlock</name>
         <value>0x8974</value>
         <object_component_ref idref="oc-cd"/>
      </symbol>
      <symbol id="sm-51e">
         <name>__lock</name>
         <value>0x8976</value>
         <object_component_ref idref="oc-cd"/>
      </symbol>
      <symbol id="sm-51f">
         <name>__register_lock</name>
         <value>0x3f233a</value>
         <object_component_ref idref="oc-161"/>
      </symbol>
      <symbol id="sm-520">
         <name>__nop</name>
         <value>0x3f233e</value>
         <object_component_ref idref="oc-161"/>
      </symbol>
      <symbol id="sm-521">
         <name>__register_unlock</name>
         <value>0x3f2336</value>
         <object_component_ref idref="oc-161"/>
      </symbol>
      <symbol id="sm-62a">
         <name>___TI_printfi</name>
         <value>0x3f6ad6</value>
         <object_component_ref idref="oc-1cf"/>
      </symbol>
      <symbol id="sm-640">
         <name>___TI_readmsg</name>
         <value>0x3f76e4</value>
         <object_component_ref idref="oc-163"/>
      </symbol>
      <symbol id="sm-641">
         <name>C$$IO$$</name>
         <value>0x3f76e0</value>
         <object_component_ref idref="oc-163"/>
      </symbol>
      <symbol id="sm-642">
         <name>__CIOBUF_</name>
         <value>0x400</value>
         <object_component_ref idref="oc-d8"/>
      </symbol>
      <symbol id="sm-643">
         <name>___TI_writemsg</name>
         <value>0x3f7690</value>
         <object_component_ref idref="oc-163"/>
      </symbol>
      <symbol id="sm-64f">
         <name>__args_main</name>
         <value>0x3f2160</value>
         <object_component_ref idref="oc-15e"/>
      </symbol>
      <symbol id="sm-650">
         <name>__TI_args_main</name>
         <value>0x1</value>
      </symbol>
      <symbol id="sm-661">
         <name>_atoi</name>
         <value>0x3f7e87</value>
         <object_component_ref idref="oc-206"/>
      </symbol>
      <symbol id="sm-669">
         <name>__ctypes_</name>
         <value>0x3f6000</value>
         <object_component_ref idref="oc-20b"/>
      </symbol>
      <symbol id="sm-678">
         <name>___TI_closefile</name>
         <value>0x3f7bd0</value>
         <object_component_ref idref="oc-1c9"/>
      </symbol>
      <symbol id="sm-679">
         <name>_fclose</name>
         <value>0x3f7c12</value>
         <object_component_ref idref="oc-1c9"/>
      </symbol>
      <symbol id="sm-685">
         <name>FD$$CMP</name>
         <value>0x3f7f39</value>
         <object_component_ref idref="oc-ea"/>
      </symbol>
      <symbol id="sm-698">
         <name>FD$$DIV</name>
         <value>0x3f77aa</value>
         <object_component_ref idref="oc-ee"/>
      </symbol>
      <symbol id="sm-6a6">
         <name>FD$$MPY</name>
         <value>0x3f7835</value>
         <object_component_ref idref="oc-f2"/>
      </symbol>
      <symbol id="sm-6af">
         <name>FD$$NEG</name>
         <value>0x3f233f</value>
         <object_component_ref idref="oc-f6"/>
      </symbol>
      <symbol id="sm-6b7">
         <name>FD$$SUB</name>
         <value>0x3f2295</value>
         <object_component_ref idref="oc-fa"/>
      </symbol>
      <symbol id="sm-6c2">
         <name>FD$$TOI</name>
         <value>0x3f2071</value>
         <object_component_ref idref="oc-fe"/>
      </symbol>
      <symbol id="sm-6cd">
         <name>FD$$TOL</name>
         <value>0x3f20b3</value>
         <object_component_ref idref="oc-102"/>
      </symbol>
      <symbol id="sm-6e0">
         <name>___TI_doflush</name>
         <value>0x3f7a9a</value>
         <object_component_ref idref="oc-200"/>
      </symbol>
      <symbol id="sm-6e1">
         <name>_fflush</name>
         <value>0x3f7ac9</value>
         <object_component_ref idref="oc-200"/>
      </symbol>
      <symbol id="sm-6f1">
         <name>_putchar</name>
         <value>0x3f7cd0</value>
         <object_component_ref idref="oc-1cd"/>
      </symbol>
      <symbol id="sm-6f2">
         <name>_putc</name>
         <value>0x3f7c85</value>
         <object_component_ref idref="oc-1cd"/>
      </symbol>
      <symbol id="sm-6f3">
         <name>_fputc</name>
         <value>0x3f7c85</value>
         <object_component_ref idref="oc-1cd"/>
      </symbol>
      <symbol id="sm-70d">
         <name>_puts</name>
         <value>0x3f75e2</value>
         <object_component_ref idref="oc-1ce"/>
      </symbol>
      <symbol id="sm-70e">
         <name>_fputs</name>
         <value>0x3f754c</value>
         <object_component_ref idref="oc-1ce"/>
      </symbol>
      <symbol id="sm-71a">
         <name>FS$$TOFD</name>
         <value>0x3f210e</value>
         <object_component_ref idref="oc-113"/>
      </symbol>
      <symbol id="sm-726">
         <name>L$$TOFD</name>
         <value>0x3f212a</value>
         <object_component_ref idref="oc-117"/>
      </symbol>
      <symbol id="sm-72e">
         <name>LL$$AND</name>
         <value>0x3f2192</value>
         <object_component_ref idref="oc-11b"/>
      </symbol>
      <symbol id="sm-72f">
         <name>LL$$OR</name>
         <value>0x3f219a</value>
         <object_component_ref idref="oc-11b"/>
      </symbol>
      <symbol id="sm-730">
         <name>LL$$XOR</name>
         <value>0x3f21a2</value>
         <object_component_ref idref="oc-11b"/>
      </symbol>
      <symbol id="sm-73a">
         <name>ULL$$CMP</name>
         <value>0x3f20e4</value>
         <object_component_ref idref="oc-11f"/>
      </symbol>
      <symbol id="sm-73b">
         <name>LL$$CMP</name>
         <value>0x3f20d2</value>
         <object_component_ref idref="oc-11f"/>
      </symbol>
      <symbol id="sm-762">
         <name>ULL$$MOD</name>
         <value>0x3f73eb</value>
         <object_component_ref idref="oc-123"/>
      </symbol>
      <symbol id="sm-763">
         <name>ULL$$DIV</name>
         <value>0x3f73bc</value>
         <object_component_ref idref="oc-123"/>
      </symbol>
      <symbol id="sm-764">
         <name>LL$$MOD</name>
         <value>0x3f7382</value>
         <object_component_ref idref="oc-123"/>
      </symbol>
      <symbol id="sm-765">
         <name>LL$$DIV</name>
         <value>0x3f7346</value>
         <object_component_ref idref="oc-123"/>
      </symbol>
      <symbol id="sm-76d">
         <name>LL$$MPY</name>
         <value>0x3f21bf</value>
         <object_component_ref idref="oc-127"/>
      </symbol>
      <symbol id="sm-779">
         <name>_ltoa</name>
         <value>0x3f7eb8</value>
         <object_component_ref idref="oc-207"/>
      </symbol>
      <symbol id="sm-786">
         <name>_memccpy</name>
         <value>0x3f22b0</value>
         <object_component_ref idref="oc-209"/>
      </symbol>
      <symbol id="sm-793">
         <name>_memchr</name>
         <value>0x3f2243</value>
         <object_component_ref idref="oc-205"/>
      </symbol>
      <symbol id="sm-7db">
         <name>__sys_memory</name>
         <value>0x8a3e</value>
         <object_component_ref idref="oc-139"/>
      </symbol>
      <symbol id="sm-7dc">
         <name>_chkheap</name>
         <value>0x3f7174</value>
         <object_component_ref idref="oc-1ca"/>
      </symbol>
      <symbol id="sm-7dd">
         <name>_realloc</name>
         <value>0x3f7084</value>
         <object_component_ref idref="oc-1ca"/>
      </symbol>
      <symbol id="sm-7de">
         <name>_free_memory</name>
         <value>0x3f7158</value>
         <object_component_ref idref="oc-1ca"/>
      </symbol>
      <symbol id="sm-7df">
         <name>_max_free</name>
         <value>0x3f7138</value>
         <object_component_ref idref="oc-1ca"/>
      </symbol>
      <symbol id="sm-7e0">
         <name>_free</name>
         <value>0x3f6fbb</value>
         <object_component_ref idref="oc-1ca"/>
      </symbol>
      <symbol id="sm-7e1">
         <name>_calloc</name>
         <value>0x3f7176</value>
         <object_component_ref idref="oc-1ca"/>
      </symbol>
      <symbol id="sm-7e2">
         <name>_malloc</name>
         <value>0x3f7024</value>
         <object_component_ref idref="oc-1ca"/>
      </symbol>
      <symbol id="sm-7e3">
         <name>_minit</name>
         <value>0x3f7000</value>
         <object_component_ref idref="oc-1ca"/>
      </symbol>
      <symbol id="sm-7ef">
         <name>_memset</name>
         <value>0x3f22bd</value>
         <object_component_ref idref="oc-208"/>
      </symbol>
      <symbol id="sm-7f9">
         <name>_remove</name>
         <value>0x3f2560</value>
         <object_component_ref idref="oc-201"/>
      </symbol>
      <symbol id="sm-804">
         <name>_strcpy</name>
         <value>0x3f24fb</value>
         <object_component_ref idref="oc-165"/>
      </symbol>
      <symbol id="sm-80f">
         <name>_strlen</name>
         <value>0x3f2360</value>
         <object_component_ref idref="oc-164"/>
      </symbol>
      <symbol id="sm-824">
         <name>___TI_rd_ok</name>
         <value>0x3f7ba5</value>
         <object_component_ref idref="oc-204"/>
      </symbol>
      <symbol id="sm-825">
         <name>___TI_wrt_ok</name>
         <value>0x3f7b6b</value>
         <object_component_ref idref="oc-204"/>
      </symbol>
      <symbol id="sm-83c">
         <name>FD$$ADD</name>
         <value>0x3f75f4</value>
         <object_component_ref idref="oc-152"/>
      </symbol>
      <symbol id="sm-84a">
         <name>_fseek</name>
         <value>0x3f7db0</value>
         <object_component_ref idref="oc-20a"/>
      </symbol>
      <symbol id="sm-852">
         <name>UL$$MOD</name>
         <value>0x3f2024</value>
         <object_component_ref idref="oc-15a"/>
      </symbol>
      <symbol id="sm-853">
         <name>L$$MOD</name>
         <value>0x3f200f</value>
         <object_component_ref idref="oc-15a"/>
      </symbol>
      <symbol id="sm-854">
         <name>L$$DIV</name>
         <value>0x3f2000</value>
         <object_component_ref idref="oc-15a"/>
      </symbol>
      <symbol id="sm-855">
         <name>UL$$DIV</name>
         <value>0x3f201d</value>
         <object_component_ref idref="oc-15a"/>
      </symbol>
   </symbol_table>
   <title>Link successful</title>
</link_info>
