******************************************************************************
             TMS320C2000 Linker PC v6.2.8                      
******************************************************************************
>> Linked Wed Nov 05 18:05:55 2014

OUTPUT FILE NAME:   <Example_F2802xLaunchPad_demo.out>
ENTRY POINT SYMBOL: "code_start"  address: 003f7ff6


MEMORY CONFIGURATION

         name            origin    length      used     unused   attr    fill
----------------------  --------  ---------  --------  --------  ----  --------
PAGE 0:
  PRAML0                00008000   00000800  00000020  000007e0  RWIX
  OTP                   003d7800   00000400  00000000  00000400  RWIX
  FLASHD                003f0000   00002000  00000000  00002000  RWIX
  FLASHC                003f2000   00002000  000004eb  00001b15  RWIX
  FLASHA                003f6000   00001f80  00001f80  00000000  RWIX
  CSM_RSVD              003f7f80   00000076  00000076  00000000  RWIX
  BEGIN                 003f7ff6   00000002  00000002  00000000  RWIX
  CSM_PWL_P0            003f7ff8   00000008  00000008  00000000  RWIX
  IQTABLES              003fe000   00000b50  00000000  00000b50  RWIX
  IQTABLES2             003feb50   0000008c  00000000  0000008c  RWIX
  IQTABLES3             003febdc   000000aa  00000000  000000aa  RWIX
  ROM                   003ff27c   00000d44  00000000  00000d44  RWIX
  RESET                 003fffc0   00000002  00000000  00000002  RWIX
  VECTORS               003fffc2   0000003e  00000000  0000003e  RWIX

PAGE 1:
  BOOT_RSVD             00000000   00000050  00000000  00000050  RWIX
  RAMM0                 00000050   000003b0  00000300  000000b0  RWIX
  RAMM1                 00000400   00000400  00000120  000002e0  RWIX
  DEV_EMU               00000880   00000105  00000000  00000105  RWIX
  SYS_PWR_CTL           00000985   00000003  00000000  00000003  RWIX
  FLASH_REGS            00000a80   00000060  00000000  00000060  RWIX
  CSM                   00000ae0   00000010  00000000  00000010  RWIX
  ADC_RESULT            00000b00   00000020  00000000  00000020  RWIX
  CPU_TIMER0            00000c00   00000008  00000000  00000008  RWIX
  CPU_TIMER1            00000c08   00000008  00000000  00000008  RWIX
  CPU_TIMER2            00000c10   00000008  00000000  00000008  RWIX
  PIE_CTRL              00000ce0   00000020  00000000  00000020  RWIX
  PIE_VECT              00000d00   00000100  00000000  00000100  RWIX
  COMP1                 00006400   00000020  00000000  00000020  RWIX
  COMP2                 00006420   00000020  00000000  00000020  RWIX
  EPWM1                 00006800   00000040  00000000  00000040  RWIX
  EPWM2                 00006840   00000040  00000000  00000040  RWIX
  EPWM3                 00006880   00000040  00000000  00000040  RWIX
  EPWM4                 000068c0   00000040  00000000  00000040  RWIX
  ECAP1                 00006a00   00000020  00000000  00000020  RWIX
  GPIOCTRL              00006f80   00000040  00000000  00000040  RWIX
  GPIODAT               00006fc0   00000020  00000000  00000020  RWIX
  GPIOINT               00006fe0   00000020  00000000  00000020  RWIX
  SYSTEM                00007010   00000020  00000000  00000020  RWIX
  SPIA                  00007040   00000010  00000000  00000010  RWIX
  SCIA                  00007050   00000010  00000000  00000010  RWIX
  NMIINTRUPT            00007060   00000010  00000000  00000010  RWIX
  XINTRUPT              00007070   00000010  00000000  00000010  RWIX
  ADC                   00007100   00000080  00000000  00000080  RWIX
  I2CA                  00007900   00000040  00000000  00000040  RWIX
  DRAML0                00008800   00000800  0000043c  000003c4  RWIX
  PARTID                003d7fff   00000001  00000000  00000001  RWIX
  FLASHB                003f4000   00002000  00000000  00002000  RWIX
  CSM_PWL               003f7ff8   00000008  00000000  00000008  RWIX


SECTION ALLOCATION MAP

 output                                  attributes/
section   page    origin      length       input sections
--------  ----  ----------  ----------   ----------------
.pinit     0    003f6000    00000000     UNINITIALIZED

.text.1    0    003f2000    00000448     
                  003f2000    0000001c     rts2800_ml.lib : fs_tofd.obj (.text)
                  003f201c    0000001c                    : l_tofd.obj (.text)
                  003f2038    0000001a                    : i_tofs.obj (.text)
                  003f2052    00000019                    : args_main.obj (.text)
                  003f206b    00000019                    : exit.obj (.text)
                  003f2084    00000018                    : ll_aox.obj (.text)
                  003f209c    00000015     driverlib.lib : pll.obj (.text:_PLL_setup)
                  003f20b1    00000014     rts2800_ml.lib : ll_mpy.obj (.text)
                  003f20c5    00000013     driverlib.lib : gpio.obj (.text:_GPIO_setHigh)
                  003f20d8    00000013                   : sci_io.obj (.text:_SCI_open)
                  003f20eb    00000013                   : sci_io.obj (.text:_SCI_read)
                  003f20fe    00000012     ShowerModule.obj (.text:_epwm1_isr)
                  003f2110    00000012     driverlib.lib : F2802x_asmfuncs.obj (.text)
                  003f2122    00000012     rts2800_ml.lib : memchr.obj (.text)
                  003f2134    00000011     driverlib.lib : gpio.obj (.text:_GPIO_getData)
                  003f2145    00000011                   : pie.obj (.text:_PIE_setDebugIntVectorTable)
                  003f2156    0000000f                   : pie.obj (.text:_PIE_disableAllInts)
                  003f2165    0000000f                   : pie.obj (.text:_PIE_registerPieIntHandler)
                  003f2174    0000000e     rts2800_ml.lib : fd_sub.obj (.text)
                  003f2182    0000000d                    : memccpy.obj (.text)
                  003f218f    0000000d                    : memset.obj (.text)
                  003f219c    0000000c     driverlib.lib : sci_io.obj (.text:_SCI_close)
                  003f21a8    0000000b     rts2800_ml.lib : strchr.obj (.text)
                  003f21b3    0000000a     driverlib.lib : sci.obj (.text:_SCI_resetChannels)
                  003f21bd    0000000a                   : sci.obj (.text:_SCI_resetRxFifo)
                  003f21c7    0000000a                   : sci.obj (.text:_SCI_resetTxFifo)
                  003f21d1    0000000a     rts2800_ml.lib : strcmp.obj (.text)
                  003f21db    00000009     driverlib.lib : clk.obj (.text:_CLK_enablePwmClock)
                  003f21e4    00000009                   : clk.obj (.text:_CLK_enableSciaClock)
                  003f21ed    00000009                   : pwm.obj (.text:_PWM_setActionQual_CntUp_CmpA_PwmA)
                  003f21f6    00000009                   : pwm.obj (.text:_PWM_setActionQual_CntUp_CmpB_PwmB)
                  003f21ff    00000009                   : sci.obj (.text:_SCI_putDataBlocking)
                  003f2208    00000009     rts2800_ml.lib : _lock.obj (.text)
                  003f2211    00000009                    : fd_neg.obj (.text)
                  003f221a    00000008     driverlib.lib : adc.obj (.text:_ADC_init)
                  003f2222    00000008                   : pie.obj (.text:_PIE_init)
                  003f222a    00000008                   : wdog.obj (.text:_WDOG_disable)
                  003f2232    00000008     rts2800_ml.lib : strlen.obj (.text)
                  003f223a    00000007     driverlib.lib : clk.obj (.text:_CLK_disableAdcClock)
                  003f2241    00000007                   : clk.obj (.text:_CLK_disableTbClockSync)
                  003f2248    00000007                   : clk.obj (.text:_CLK_enableAdcClock)
                  003f224f    00000007                   : clk.obj (.text:_CLK_enableTbClockSync)
                  003f2256    00000007                   : clk.obj (.text:_CLK_init)
                  003f225d    00000007                   : clk.obj (.text:_CLK_setClkOutPreScaler)
                  003f2264    00000007                   : clk.obj (.text:_CLK_setOscSrc)
                  003f226b    00000007                   : flash.obj (.text:_FLASH_init)
                  003f2272    00000007                   : gpio.obj (.text:_GPIO_init)
                  003f2279    00000007                   : pll.obj (.text:_PLL_init)
                  003f2280    00000007                   : pll.obj (.text:_PLL_setDivider)
                  003f2287    00000007                   : pwm.obj (.text:_PWM_init)
                  003f228e    00000007                   : pwm.obj (.text:_PWM_setActionQual_Zero_PwmA)
                  003f2295    00000007                   : pwm.obj (.text:_PWM_setActionQual_Zero_PwmB)
                  003f229c    00000007                   : pwm.obj (.text:_PWM_setIntMode)
                  003f22a3    00000007                   : pwm.obj (.text:_PWM_setIntPeriod)
                  003f22aa    00000007                   : sci.obj (.text:_SCI_init)
                  003f22b1    00000007                   : sci.obj (.text:_SCI_setRxFifoIntLevel)
                  003f22b8    00000007                   : sci.obj (.text:_SCI_setTxFifoIntLevel)
                  003f22bf    00000007                   : wdog.obj (.text:_WDOG_init)
                  003f22c6    00000006                   : pll.obj (.text:_PLL_setMultiplier)
                  003f22cc    00000006                   : pwm.obj (.text:_PWM_setLoadMode_CmpB)
                  003f22d2    00000006                   : pwm.obj (.text:_PWM_setShadowMode_CmpA)
                  003f22d8    00000006                   : pwm.obj (.text:_PWM_setShadowMode_CmpB)
                  003f22de    00000006                   : sci.obj (.text:_SCI_setBaudRate)
                  003f22e4    00000005                   : F2802x_DefaultIsr.obj (.text:_ADCINT1_ISR)
                  003f22e9    00000005                   : F2802x_DefaultIsr.obj (.text:_ADCINT2_ISR)
                  003f22ee    00000005                   : F2802x_DefaultIsr.obj (.text:_ADCINT3_ISR)
                  003f22f3    00000005                   : F2802x_DefaultIsr.obj (.text:_ADCINT4_ISR)
                  003f22f8    00000005                   : F2802x_DefaultIsr.obj (.text:_ADCINT5_ISR)
                  003f22fd    00000005                   : F2802x_DefaultIsr.obj (.text:_ADCINT6_ISR)
                  003f2302    00000005                   : F2802x_DefaultIsr.obj (.text:_ADCINT7_ISR)
                  003f2307    00000005                   : F2802x_DefaultIsr.obj (.text:_ADCINT8_ISR)
                  003f230c    00000005                   : F2802x_DefaultIsr.obj (.text:_ADCINT9_ISR)
                  003f2311    00000005                   : F2802x_DefaultIsr.obj (.text:_DATALOG_ISR)
                  003f2316    00000005                   : F2802x_DefaultIsr.obj (.text:_ECAP1_INT_ISR)
                  003f231b    00000005                   : F2802x_DefaultIsr.obj (.text:_EMUINT_ISR)
                  003f2320    00000005                   : F2802x_DefaultIsr.obj (.text:_EPWM1_INT_ISR)
                  003f2325    00000005                   : F2802x_DefaultIsr.obj (.text:_EPWM1_TZINT_ISR)
                  003f232a    00000005                   : F2802x_DefaultIsr.obj (.text:_EPWM2_INT_ISR)
                  003f232f    00000005                   : F2802x_DefaultIsr.obj (.text:_EPWM2_TZINT_ISR)
                  003f2334    00000005                   : F2802x_DefaultIsr.obj (.text:_EPWM3_INT_ISR)
                  003f2339    00000005                   : F2802x_DefaultIsr.obj (.text:_EPWM3_TZINT_ISR)
                  003f233e    00000005                   : F2802x_DefaultIsr.obj (.text:_I2CINT1A_ISR)
                  003f2343    00000005                   : F2802x_DefaultIsr.obj (.text:_I2CINT2A_ISR)
                  003f2348    00000005                   : F2802x_DefaultIsr.obj (.text:_ILLEGAL_ISR)
                  003f234d    00000005                   : F2802x_DefaultIsr.obj (.text:_INT13_ISR)
                  003f2352    00000005                   : F2802x_DefaultIsr.obj (.text:_INT14_ISR)
                  003f2357    00000005                   : F2802x_DefaultIsr.obj (.text:_NMI_ISR)
                  003f235c    00000005                   : F2802x_DefaultIsr.obj (.text:_PIE_RESERVED)
                  003f2361    00000005                   : F2802x_DefaultIsr.obj (.text:_RTOSINT_ISR)
                  003f2366    00000005                   : F2802x_DefaultIsr.obj (.text:_SCIRXINTA_ISR)
                  003f236b    00000005                   : F2802x_DefaultIsr.obj (.text:_SCITXINTA_ISR)
                  003f2370    00000005                   : F2802x_DefaultIsr.obj (.text:_SPIRXINTA_ISR)
                  003f2375    00000005                   : F2802x_DefaultIsr.obj (.text:_SPITXINTA_ISR)
                  003f237a    00000005                   : F2802x_DefaultIsr.obj (.text:_TINT0_ISR)
                  003f237f    00000005                   : F2802x_DefaultIsr.obj (.text:_USER10_ISR)
                  003f2384    00000005                   : F2802x_DefaultIsr.obj (.text:_USER11_ISR)
                  003f2389    00000005                   : F2802x_DefaultIsr.obj (.text:_USER12_ISR)
                  003f238e    00000005                   : F2802x_DefaultIsr.obj (.text:_USER1_ISR)
                  003f2393    00000005                   : F2802x_DefaultIsr.obj (.text:_USER2_ISR)
                  003f2398    00000005                   : F2802x_DefaultIsr.obj (.text:_USER3_ISR)
                  003f239d    00000005                   : F2802x_DefaultIsr.obj (.text:_USER4_ISR)
                  003f23a2    00000005                   : F2802x_DefaultIsr.obj (.text:_USER5_ISR)
                  003f23a7    00000005                   : F2802x_DefaultIsr.obj (.text:_USER6_ISR)
                  003f23ac    00000005                   : F2802x_DefaultIsr.obj (.text:_USER7_ISR)
                  003f23b1    00000005                   : F2802x_DefaultIsr.obj (.text:_USER8_ISR)
                  003f23b6    00000005                   : F2802x_DefaultIsr.obj (.text:_USER9_ISR)
                  003f23bb    00000005                   : F2802x_DefaultIsr.obj (.text:_WAKEINT_ISR)
                  003f23c0    00000005                   : F2802x_DefaultIsr.obj (.text:_XINT1_ISR)
                  003f23c5    00000005                   : F2802x_DefaultIsr.obj (.text:_XINT2_ISR)
                  003f23ca    00000005                   : F2802x_DefaultIsr.obj (.text:_XINT3_ISR)
                  003f23cf    00000005                   : F2802x_DefaultIsr.obj (.text:_rsvd_ISR)
                  003f23d4    00000005     rts2800_ml.lib : strcpy.obj (.text)
                  003f23d9    00000004     driverlib.lib : cpu.obj (.text:_CPU_enableInt)
                  003f23dd    00000004                   : cpu.obj (.text:_CPU_init)
                  003f23e1    00000004                   : pwm.obj (.text:_PWM_enableInt)
                  003f23e5    00000004                   : pwm.obj (.text:_PWM_setClkDiv)
                  003f23e9    00000004                   : pwm.obj (.text:_PWM_setCounterMode)
                  003f23ed    00000004                   : pwm.obj (.text:_PWM_setHighSpeedClkDiv)
                  003f23f1    00000004                   : pwm.obj (.text:_PWM_setLoadMode_CmpA)
                  003f23f5    00000004                   : sci.obj (.text:_SCI_clearRxFifoInt)
                  003f23f9    00000004                   : sci.obj (.text:_SCI_clearTxFifoInt)
                  003f23fd    00000004                   : sci.obj (.text:_SCI_enableFifoEnh)
                  003f2401    00000004                   : sci.obj (.text:_SCI_setCharLength)
                  003f2405    00000004                   : sci.obj (.text:_SCI_setNumStopBits)
                  003f2409    00000003                   : cpu.obj (.text:_CPU_clearIntFlags)
                  003f240c    00000003                   : cpu.obj (.text:_CPU_disableGlobalInts)
                  003f240f    00000003                   : cpu.obj (.text:_CPU_enableDebugInt)
                  003f2412    00000003                   : cpu.obj (.text:_CPU_enableGlobalInts)
                  003f2415    00000003                   : pie.obj (.text:_PIE_disable)
                  003f2418    00000003                   : pie.obj (.text:_PIE_enable)
                  003f241b    00000003                   : pll.obj (.text:_PLL_getClkStatus)
                  003f241e    00000003                   : pll.obj (.text:_PLL_getLockStatus)
                  003f2421    00000003                   : pwm.obj (.text:_PWM_disableCounterLoad)
                  003f2424    00000003                   : sci.obj (.text:_SCI_disableParity)
                  003f2427    00000003                   : sci.obj (.text:_SCI_enable)
                  003f242a    00000003                   : sci.obj (.text:_SCI_enableRx)
                  003f242d    00000003                   : sci.obj (.text:_SCI_enableRxInt)
                  003f2430    00000003                   : sci.obj (.text:_SCI_enableTx)
                  003f2433    00000003                   : sci.obj (.text:_SCI_enableTxInt)
                  003f2436    00000003                   : sci.obj (.text:_SCI_setPriority)
                  003f2439    00000003     rts2800_ml.lib : remove.obj (.text)
                  003f243c    00000002     driverlib.lib : pwm.obj (.text:_PWM_setCount)
                  003f243e    00000002                   : pwm.obj (.text:_PWM_setPeriod)
                  003f2440    00000002                   : pwm.obj (.text:_PWM_setPhase)
                  003f2442    00000002                   : sci_io.obj (.text:_SCI_lseek)
                  003f2444    00000002                   : sci_io.obj (.text:_SCI_rename)
                  003f2446    00000002                   : sci_io.obj (.text:_SCI_unlink)

.cinit     0    003f2448    000000a3     
                  003f2448    00000031     rts2800_ml.lib : lowlev.obj (.cinit)
                  003f2479    0000002a                    : defs.obj (.cinit)
                  003f24a3    00000026     ShowerModule.obj (.cinit)
                  003f24c9    0000000a     rts2800_ml.lib : _lock.obj (.cinit)
                  003f24d3    0000000a                    : exit.obj (.cinit)
                  003f24dd    00000004     driverlib.lib : sci_io.obj (.cinit)
                  003f24e1    00000004     rts2800_ml.lib : fopen.obj (.cinit)
                  003f24e5    00000004                    : memory.obj (.cinit)
                  003f24e9    00000002     --HOLE-- [fill = 0]

.econst    0    003f6000    0000025e     
                  003f6000    00000101     rts2800_ml.lib : ctype.obj (.econst:.string:__ctypes_)
                  003f6101    00000001     --HOLE-- [fill = 0]
                  003f6102    00000100     driverlib.lib : pie.obj (.econst:_PIE_tableDebugInit)
                  003f6202    00000024     rts2800_ml.lib : _printfi.obj (.econst:.string)
                  003f6226    0000001e     ShowerModule.obj (.econst:.string)
                  003f6244    00000018     rts2800_ml.lib : _printfi.obj (.econst)
                  003f625c    00000002                    : fputs.obj (.econst:.string)

ramfuncs   0    003f625e    00000020     RUN ADDR = 00008000
                  003f625e    0000000c     driverlib.lib : flash.obj (ramfuncs:_FLASH_setup)
                  003f626a    00000006                   : flash.obj (ramfuncs:_FLASH_enablePipelineMode)
                  003f6270    00000005                   : flash.obj (ramfuncs:_FLASH_setActiveWaitCount)
                  003f6275    00000005                   : flash.obj (ramfuncs:_FLASH_setStandbyWaitCount)
                  003f627a    00000004                   : F2802x_asmfuncs.obj (ramfuncs)

.text.2    0    003f627e    00001d02     
                  003f627e    00000930     rts2800_ml.lib : _printfi.obj (.text)
                  003f6bae    00000246     ShowerModule.obj (.text:_main)
                  003f6df4    00000201     rts2800_ml.lib : lowlev.obj (.text)
                  003f6ff5    000001f2                    : trgdrv.obj (.text)
                  003f71e7    000001d3                    : memory.obj (.text)
                  003f73ba    00000107                    : ll_div.obj (.text)
                  003f74c1    000000ff                    : fopen.obj (.text)
                  003f75c0    000000a8                    : fputs.obj (.text)
                  003f7668    0000009c                    : fd_add.obj (.text)
                  003f7704    0000008e                    : ankmsg.obj (.text)
                  003f7792    0000008c     ShowerModule.obj (.text:_InitEPwm1)
                  003f781e    0000008b     rts2800_ml.lib : fd_div.obj (.text)
                  003f78a9    00000083                    : fd_mpy.obj (.text)
                  003f792c    00000079                    : setvbuf.obj (.text)
                  003f79a5    00000078                    : fs_add.obj (.text)
                  003f7a1d    0000006b                    : fflush.obj (.text)
                  003f7a88    00000066     ShowerModule.obj (.text:_scia_init)
                  003f7aee    00000065     rts2800_ml.lib : _io_perm.obj (.text)
                  003f7b53    0000005b                    : fclose.obj (.text)
                  003f7bae    0000005a                    : fs_mpy.obj (.text)
                  003f7c08    00000050                    : fputc.obj (.text)
                  003f7c58    00000049     driverlib.lib : gpio.obj (.text:_GPIO_setMode)
                  003f7ca1    00000044     rts2800_ml.lib : boot.obj (.text)
                  003f7ce5    0000003d                    : fseek.obj (.text)
                  003f7d22    00000034     driverlib.lib : gpio.obj (.text:_GPIO_setDirection)
                  003f7d56    00000034                   : gpio.obj (.text:_GPIO_setPullUp)
                  003f7d8a    00000032     rts2800_ml.lib : printf.obj (.text)
                  003f7dbc    00000031                    : atoi.obj (.text)
                  003f7ded    0000002c                    : ltoa.obj (.text)
                  003f7e19    0000002b     driverlib.lib : gpio.obj (.text:_GPIO_setQualification)
                  003f7e44    0000002a     rts2800_ml.lib : fd_cmp.obj (.text)
                  003f7e6e    0000002a                    : l_div.obj (.text)
                  003f7e98    00000022                    : i_div.obj (.text)
                  003f7eba    00000021                    : fd_toi.obj (.text)
                  003f7edb    00000021                    : memcpy_ff.obj (.text)
                  003f7efc    0000001f                    : fd_tol.obj (.text)
                  003f7f1b    0000001e                    : ll_cmp.obj (.text)
                  003f7f39    0000001e                    : strncpy.obj (.text)
                  003f7f57    0000001c     driverlib.lib : sci_io.obj (.text:_SCI_write)
                  003f7f73    0000000d                   : pie.obj (.text:_PIE_enablePwmInt)

csm_rsvd   0    003f7f80    00000076     
                  003f7f80    00000076     driverlib.lib : F2802x_asmfuncs.obj (csm_rsvd)

codestart 
*          0    003f7ff6    00000002     
                  003f7ff6    00000002     driverlib.lib : F2802x_asmfuncs.obj (codestart)

csmpasswds 
*          0    003f7ff8    00000008     
                  003f7ff8    00000008     driverlib.lib : F2802x_asmfuncs.obj (csmpasswds)

.reset     0    003fffc0    00000002     DSECT
                  003fffc0    00000002     rts2800_ml.lib : boot.obj (.reset)

vectors    0    003fffc2    00000000     DSECT

.stack     1    00000050    00000300     UNINITIALIZED
                  00000050    00000300     --HOLE--

.cio       1    00000400    00000120     UNINITIALIZED
                  00000400    00000120     rts2800_ml.lib : ankmsg.obj (.cio)

.ebss      1    00008800    0000023c     UNINITIALIZED
                  00008800    00000160     rts2800_ml.lib : defs.obj (.ebss)
                  00008960    00000008                    : memory.obj (.ebss)
                  00008968    00000008                    : trgdrv.obj (.ebss)
                  00008970    00000004     driverlib.lib : sci_io.obj (.ebss)
                  00008974    00000004     rts2800_ml.lib : _lock.obj (.ebss)
                  00008978    00000004                    : exit.obj (.ebss)
                  0000897c    00000001     driverlib.lib : cpu.obj (.ebss)
                  0000897d    00000001     rts2800_ml.lib : fopen.obj (.ebss)
                  0000897e    00000002     --HOLE--
                  00008980    00000088                    : lowlev.obj (.ebss)
                  00008a08    00000034     ShowerModule.obj (.ebss)

.sysmem    1    00008a3c    00000200     UNINITIALIZED
                  00008a3c    00000001     rts2800_ml.lib : memory.obj (.sysmem)
                  00008a3d    000001ff     --HOLE--


GLOBAL DATA SYMBOLS: SORTED BY DATA PAGE

address     data page           name
--------    ----------------    ----
00000050       1 (00000040)     __stack

00000400      10 (00000400)     __CIOBUF_

00008800     220 (00008800)     ___TI_ft_end

00008840     221 (00008840)     __ftable

000088c0     223 (000088c0)     ___TI_tmpnams

00008970     225 (00008940)     _deviceOpen
00008972     225 (00008940)     _ioSci
00008974     225 (00008940)     __unlock
00008976     225 (00008940)     __lock
00008978     225 (00008940)     ___TI_cleanup_ptr
0000897a     225 (00008940)     ___TI_dtors_ptr
0000897c     225 (00008940)     _cpu

00008a08     228 (00008a00)     _currentTemp
00008a09     228 (00008a00)     _referenceTemp
00008a0a     228 (00008a00)     _myClk
00008a0c     228 (00008a00)     _myAdc
00008a0e     228 (00008a00)     _myPwm1
00008a10     228 (00008a00)     _motorIncrement
00008a12     228 (00008a00)     _mySci
00008a14     228 (00008a00)     _myGpio
00008a16     228 (00008a00)     _myPie
00008a18     228 (00008a00)     _myFlash
00008a1a     228 (00008a00)     _digit1Pins
00008a21     228 (00008a00)     _digit2Pins
00008a28     228 (00008a00)     _epwm1_info
00008a32     228 (00008a00)     _digit
00008a3c     228 (00008a00)     __sys_memory

003f6000    fd80 (003f6000)     __ctypes_

003f6102    fd84 (003f6100)     _PIE_tableDebugInit


GLOBAL SYMBOLS: SORTED ALPHABETICALLY BY Name 

address    name
--------   ----
ffffffff   .text
003f206b   C$$EXIT
003f7754   C$$IO$$
003f7668   FD$$ADD
003f7e44   FD$$CMP
003f781e   FD$$DIV
003f78a9   FD$$MPY
003f2211   FD$$NEG
003f2174   FD$$SUB
003f7eba   FD$$TOI
003f7efc   FD$$TOL
003f79aa   FS$$ADD
003f7bae   FS$$MPY
003f79a5   FS$$SUB
003f2000   FS$$TOFD
003f7e98   I$$DIV
003f7ea9   I$$MOD
003f2038   I$$TOFS
003f7e6e   L$$DIV
003f7e7d   L$$MOD
003f201c   L$$TOFD
003f2084   LL$$AND
003f7f1b   LL$$CMP
003f73ba   LL$$DIV
003f73f6   LL$$MOD
003f20b1   LL$$MPY
003f208c   LL$$OR
003f2094   LL$$XOR
003f7e8b   UL$$DIV
003f7e92   UL$$MOD
003f7f2d   ULL$$CMP
003f7430   ULL$$DIV
003f745f   ULL$$MOD
003f22e4   _ADCINT1_ISR
003f22e9   _ADCINT2_ISR
003f22ee   _ADCINT3_ISR
003f22f3   _ADCINT4_ISR
003f22f8   _ADCINT5_ISR
003f22fd   _ADCINT6_ISR
003f2302   _ADCINT7_ISR
003f2307   _ADCINT8_ISR
003f230c   _ADCINT9_ISR
003f221a   _ADC_init
003f223a   _CLK_disableAdcClock
003f2241   _CLK_disableTbClockSync
003f2248   _CLK_enableAdcClock
003f21db   _CLK_enablePwmClock
003f21e4   _CLK_enableSciaClock
003f224f   _CLK_enableTbClockSync
003f2256   _CLK_init
003f225d   _CLK_setClkOutPreScaler
003f2264   _CLK_setOscSrc
003f2409   _CPU_clearIntFlags
003f240c   _CPU_disableGlobalInts
003f240f   _CPU_enableDebugInt
003f2412   _CPU_enableGlobalInts
003f23d9   _CPU_enableInt
003f23dd   _CPU_init
003f2311   _DATALOG_ISR
003f211b   _DSP28x_DisableInt
003f211f   _DSP28x_RestoreInt
0000801c   _DSP28x_usDelay
003f2316   _ECAP1_INT_ISR
003f231b   _EMUINT_ISR
003f2320   _EPWM1_INT_ISR
003f2325   _EPWM1_TZINT_ISR
003f232a   _EPWM2_INT_ISR
003f232f   _EPWM2_TZINT_ISR
003f2334   _EPWM3_INT_ISR
003f2339   _EPWM3_TZINT_ISR
0000800c   _FLASH_enablePipelineMode
003f226b   _FLASH_init
00008012   _FLASH_setActiveWaitCount
00008017   _FLASH_setStandbyWaitCount
00008000   _FLASH_setup
003f2134   _GPIO_getData
003f2272   _GPIO_init
003f7d22   _GPIO_setDirection
003f20c5   _GPIO_setHigh
003f7c58   _GPIO_setMode
003f7d56   _GPIO_setPullUp
003f7e19   _GPIO_setQualification
003f71bd   _HOSTclock
003f7196   _HOSTclose
003f716c   _HOSTgetenv
003f7125   _HOSTlseek
003f70ee   _HOSTopen
003f70b8   _HOSTread
003f707a   _HOSTrename
003f7050   _HOSTtime
003f702b   _HOSTunlink
003f6ff5   _HOSTwrite
003f233e   _I2CINT1A_ISR
003f2343   _I2CINT2A_ISR
003f2348   _ILLEGAL_ISR
003f234d   _INT13_ISR
003f2352   _INT14_ISR
003f7792   _InitEPwm1
003f2357   _NMI_ISR
003f235c   _PIE_RESERVED
003f2415   _PIE_disable
003f2156   _PIE_disableAllInts
003f2418   _PIE_enable
003f7f73   _PIE_enablePwmInt
003f2222   _PIE_init
003f2165   _PIE_registerPieIntHandler
003f2145   _PIE_setDebugIntVectorTable
003f6102   _PIE_tableDebugInit
003f241b   _PLL_getClkStatus
003f241e   _PLL_getLockStatus
003f2279   _PLL_init
003f2280   _PLL_setDivider
003f22c6   _PLL_setMultiplier
003f209c   _PLL_setup
003f2421   _PWM_disableCounterLoad
003f23e1   _PWM_enableInt
003f2287   _PWM_init
003f21ed   _PWM_setActionQual_CntUp_CmpA_PwmA
003f21f6   _PWM_setActionQual_CntUp_CmpB_PwmB
003f228e   _PWM_setActionQual_Zero_PwmA
003f2295   _PWM_setActionQual_Zero_PwmB
003f23e5   _PWM_setClkDiv
003f243c   _PWM_setCount
003f23e9   _PWM_setCounterMode
003f23ed   _PWM_setHighSpeedClkDiv
003f229c   _PWM_setIntMode
003f22a3   _PWM_setIntPeriod
003f23f1   _PWM_setLoadMode_CmpA
003f22cc   _PWM_setLoadMode_CmpB
003f243e   _PWM_setPeriod
003f2440   _PWM_setPhase
003f22d2   _PWM_setShadowMode_CmpA
003f22d8   _PWM_setShadowMode_CmpB
003f2361   _RTOSINT_ISR
00000020   _RamfuncsLoadSize
003f625e   _RamfuncsLoadStart
00008000   _RamfuncsRunStart
003f2366   _SCIRXINTA_ISR
003f236b   _SCITXINTA_ISR
003f23f5   _SCI_clearRxFifoInt
003f23f9   _SCI_clearTxFifoInt
003f219c   _SCI_close
003f2424   _SCI_disableParity
003f2427   _SCI_enable
003f23fd   _SCI_enableFifoEnh
003f242a   _SCI_enableRx
003f242d   _SCI_enableRxInt
003f2430   _SCI_enableTx
003f2433   _SCI_enableTxInt
003f22aa   _SCI_init
003f2442   _SCI_lseek
003f20d8   _SCI_open
003f21ff   _SCI_putDataBlocking
003f20eb   _SCI_read
003f2444   _SCI_rename
003f21b3   _SCI_resetChannels
003f21bd   _SCI_resetRxFifo
003f21c7   _SCI_resetTxFifo
003f22de   _SCI_setBaudRate
003f2401   _SCI_setCharLength
003f2405   _SCI_setNumStopBits
003f2436   _SCI_setPriority
003f22b1   _SCI_setRxFifoIntLevel
003f22b8   _SCI_setTxFifoIntLevel
003f2446   _SCI_unlink
003f7f57   _SCI_write
003f2370   _SPIRXINTA_ISR
003f2375   _SPITXINTA_ISR
003f237a   _TINT0_ISR
003f237f   _USER10_ISR
003f2384   _USER11_ISR
003f2389   _USER12_ISR
003f238e   _USER1_ISR
003f2393   _USER2_ISR
003f2398   _USER3_ISR
003f239d   _USER4_ISR
003f23a2   _USER5_ISR
003f23a7   _USER6_ISR
003f23ac   _USER7_ISR
003f23b1   _USER8_ISR
003f23b6   _USER9_ISR
003f23bb   _WAKEINT_ISR
003f222a   _WDOG_disable
003f22bf   _WDOG_init
003f23c0   _XINT1_ISR
003f23c5   _XINT2_ISR
003f23ca   _XINT3_ISR
00000400   __CIOBUF_
00000350   __STACK_END
00000300   __STACK_SIZE
00000200   __SYSMEM_SIZE
00000001   __TI_args_main
003f7539   ___TI_cleanup
00008978   ___TI_cleanup_ptr
003f7b53   ___TI_closefile
003f7a1d   ___TI_doflush
0000897a   ___TI_dtors_ptr
00008800   ___TI_ft_end
003f6abc   ___TI_printfi
003f7b28   ___TI_rd_ok
003f7758   ___TI_readmsg
000088c0   ___TI_tmpnams
003f7704   ___TI_writemsg
003f7aee   ___TI_wrt_ok
ffffffff   ___binit__
ffffffff   ___c_args__
003f2448   ___cinit__
ffffffff   ___etext__
003f7edb   ___memcpy_ff
ffffffff   ___pinit__
ffffffff   ___text__
003f2052   __args_main
003f6000   __ctypes_
00008840   __ftable
00008976   __lock
003f2210   __nop
003f220c   __register_lock
003f2208   __register_unlock
00000050   __stack
00008a3c   __sys_memory
00008974   __unlock
003f206b   _abort
003f6f89   _add_device
003f7dbc   _atoi
003f7ca1   _c_int00
003f73a2   _calloc
003f73a0   _chkheap
003f6f57   _close
0000897c   _cpu
00008a08   _currentTemp
00008970   _deviceOpen
00008a32   _digit
00008a1a   _digit1Pins
00008a21   _digit2Pins
00008a28   _epwm1_info
003f20fe   _epwm1_isr
003f206d   _exit
003f7b95   _fclose
003f7a4c   _fflush
003f75a6   _fopen
003f7c08   _fputc
003f75c0   _fputs
003f71e7   _free
003f7384   _free_memory
003f7556   _freopen
003f7ce5   _fseek
00008972   _ioSci
003f6f3f   _lseek
003f7ded   _ltoa
003f6bae   _main
003f7250   _malloc
003f7364   _max_free
003f2182   _memccpy
003f2122   _memchr
003f218f   _memset
003f722c   _minit
00008a10   _motorIncrement
00008a0c   _myAdc
00008a0a   _myClk
00008a18   _myFlash
00008a14   _myGpio
00008a16   _myPie
00008a0e   _myPwm1
00008a12   _mySci
003f6ecd   _open
003f7d90   _printf
003f7c08   _putc
003f7c53   _putchar
003f7656   _puts
003f6eb5   _read
003f72b0   _realloc
00008a09   _referenceTemp
003f2439   _remove
003f6e9b   _remove_device
003f6e72   _rename
003f23cf   _rsvd_ISR
003f7a88   _scia_init
003f2118   _setDBGIER
003f792c   _setvbuf
003f21a8   _strchr
003f21d1   _strcmp
003f23d4   _strcpy
003f2232   _strlen
003f7f39   _strncpy
003f6e5a   _unlink
003f6df4   _write
ffffffff   binit
003f2448   cinit
003f7ff6   code_start
ffffffff   etext
ffffffff   pinit


GLOBAL SYMBOLS: SORTED BY Symbol Address 

address    name
--------   ----
00000001   __TI_args_main
00000020   _RamfuncsLoadSize
00000050   __stack
00000200   __SYSMEM_SIZE
00000300   __STACK_SIZE
00000350   __STACK_END
00000400   __CIOBUF_
00008000   _FLASH_setup
00008000   _RamfuncsRunStart
0000800c   _FLASH_enablePipelineMode
00008012   _FLASH_setActiveWaitCount
00008017   _FLASH_setStandbyWaitCount
0000801c   _DSP28x_usDelay
00008800   ___TI_ft_end
00008840   __ftable
000088c0   ___TI_tmpnams
00008970   _deviceOpen
00008972   _ioSci
00008974   __unlock
00008976   __lock
00008978   ___TI_cleanup_ptr
0000897a   ___TI_dtors_ptr
0000897c   _cpu
00008a08   _currentTemp
00008a09   _referenceTemp
00008a0a   _myClk
00008a0c   _myAdc
00008a0e   _myPwm1
00008a10   _motorIncrement
00008a12   _mySci
00008a14   _myGpio
00008a16   _myPie
00008a18   _myFlash
00008a1a   _digit1Pins
00008a21   _digit2Pins
00008a28   _epwm1_info
00008a32   _digit
00008a3c   __sys_memory
003f2000   FS$$TOFD
003f201c   L$$TOFD
003f2038   I$$TOFS
003f2052   __args_main
003f206b   C$$EXIT
003f206b   _abort
003f206d   _exit
003f2084   LL$$AND
003f208c   LL$$OR
003f2094   LL$$XOR
003f209c   _PLL_setup
003f20b1   LL$$MPY
003f20c5   _GPIO_setHigh
003f20d8   _SCI_open
003f20eb   _SCI_read
003f20fe   _epwm1_isr
003f2118   _setDBGIER
003f211b   _DSP28x_DisableInt
003f211f   _DSP28x_RestoreInt
003f2122   _memchr
003f2134   _GPIO_getData
003f2145   _PIE_setDebugIntVectorTable
003f2156   _PIE_disableAllInts
003f2165   _PIE_registerPieIntHandler
003f2174   FD$$SUB
003f2182   _memccpy
003f218f   _memset
003f219c   _SCI_close
003f21a8   _strchr
003f21b3   _SCI_resetChannels
003f21bd   _SCI_resetRxFifo
003f21c7   _SCI_resetTxFifo
003f21d1   _strcmp
003f21db   _CLK_enablePwmClock
003f21e4   _CLK_enableSciaClock
003f21ed   _PWM_setActionQual_CntUp_CmpA_PwmA
003f21f6   _PWM_setActionQual_CntUp_CmpB_PwmB
003f21ff   _SCI_putDataBlocking
003f2208   __register_unlock
003f220c   __register_lock
003f2210   __nop
003f2211   FD$$NEG
003f221a   _ADC_init
003f2222   _PIE_init
003f222a   _WDOG_disable
003f2232   _strlen
003f223a   _CLK_disableAdcClock
003f2241   _CLK_disableTbClockSync
003f2248   _CLK_enableAdcClock
003f224f   _CLK_enableTbClockSync
003f2256   _CLK_init
003f225d   _CLK_setClkOutPreScaler
003f2264   _CLK_setOscSrc
003f226b   _FLASH_init
003f2272   _GPIO_init
003f2279   _PLL_init
003f2280   _PLL_setDivider
003f2287   _PWM_init
003f228e   _PWM_setActionQual_Zero_PwmA
003f2295   _PWM_setActionQual_Zero_PwmB
003f229c   _PWM_setIntMode
003f22a3   _PWM_setIntPeriod
003f22aa   _SCI_init
003f22b1   _SCI_setRxFifoIntLevel
003f22b8   _SCI_setTxFifoIntLevel
003f22bf   _WDOG_init
003f22c6   _PLL_setMultiplier
003f22cc   _PWM_setLoadMode_CmpB
003f22d2   _PWM_setShadowMode_CmpA
003f22d8   _PWM_setShadowMode_CmpB
003f22de   _SCI_setBaudRate
003f22e4   _ADCINT1_ISR
003f22e9   _ADCINT2_ISR
003f22ee   _ADCINT3_ISR
003f22f3   _ADCINT4_ISR
003f22f8   _ADCINT5_ISR
003f22fd   _ADCINT6_ISR
003f2302   _ADCINT7_ISR
003f2307   _ADCINT8_ISR
003f230c   _ADCINT9_ISR
003f2311   _DATALOG_ISR
003f2316   _ECAP1_INT_ISR
003f231b   _EMUINT_ISR
003f2320   _EPWM1_INT_ISR
003f2325   _EPWM1_TZINT_ISR
003f232a   _EPWM2_INT_ISR
003f232f   _EPWM2_TZINT_ISR
003f2334   _EPWM3_INT_ISR
003f2339   _EPWM3_TZINT_ISR
003f233e   _I2CINT1A_ISR
003f2343   _I2CINT2A_ISR
003f2348   _ILLEGAL_ISR
003f234d   _INT13_ISR
003f2352   _INT14_ISR
003f2357   _NMI_ISR
003f235c   _PIE_RESERVED
003f2361   _RTOSINT_ISR
003f2366   _SCIRXINTA_ISR
003f236b   _SCITXINTA_ISR
003f2370   _SPIRXINTA_ISR
003f2375   _SPITXINTA_ISR
003f237a   _TINT0_ISR
003f237f   _USER10_ISR
003f2384   _USER11_ISR
003f2389   _USER12_ISR
003f238e   _USER1_ISR
003f2393   _USER2_ISR
003f2398   _USER3_ISR
003f239d   _USER4_ISR
003f23a2   _USER5_ISR
003f23a7   _USER6_ISR
003f23ac   _USER7_ISR
003f23b1   _USER8_ISR
003f23b6   _USER9_ISR
003f23bb   _WAKEINT_ISR
003f23c0   _XINT1_ISR
003f23c5   _XINT2_ISR
003f23ca   _XINT3_ISR
003f23cf   _rsvd_ISR
003f23d4   _strcpy
003f23d9   _CPU_enableInt
003f23dd   _CPU_init
003f23e1   _PWM_enableInt
003f23e5   _PWM_setClkDiv
003f23e9   _PWM_setCounterMode
003f23ed   _PWM_setHighSpeedClkDiv
003f23f1   _PWM_setLoadMode_CmpA
003f23f5   _SCI_clearRxFifoInt
003f23f9   _SCI_clearTxFifoInt
003f23fd   _SCI_enableFifoEnh
003f2401   _SCI_setCharLength
003f2405   _SCI_setNumStopBits
003f2409   _CPU_clearIntFlags
003f240c   _CPU_disableGlobalInts
003f240f   _CPU_enableDebugInt
003f2412   _CPU_enableGlobalInts
003f2415   _PIE_disable
003f2418   _PIE_enable
003f241b   _PLL_getClkStatus
003f241e   _PLL_getLockStatus
003f2421   _PWM_disableCounterLoad
003f2424   _SCI_disableParity
003f2427   _SCI_enable
003f242a   _SCI_enableRx
003f242d   _SCI_enableRxInt
003f2430   _SCI_enableTx
003f2433   _SCI_enableTxInt
003f2436   _SCI_setPriority
003f2439   _remove
003f243c   _PWM_setCount
003f243e   _PWM_setPeriod
003f2440   _PWM_setPhase
003f2442   _SCI_lseek
003f2444   _SCI_rename
003f2446   _SCI_unlink
003f2448   ___cinit__
003f2448   cinit
003f6000   __ctypes_
003f6102   _PIE_tableDebugInit
003f625e   _RamfuncsLoadStart
003f6abc   ___TI_printfi
003f6bae   _main
003f6df4   _write
003f6e5a   _unlink
003f6e72   _rename
003f6e9b   _remove_device
003f6eb5   _read
003f6ecd   _open
003f6f3f   _lseek
003f6f57   _close
003f6f89   _add_device
003f6ff5   _HOSTwrite
003f702b   _HOSTunlink
003f7050   _HOSTtime
003f707a   _HOSTrename
003f70b8   _HOSTread
003f70ee   _HOSTopen
003f7125   _HOSTlseek
003f716c   _HOSTgetenv
003f7196   _HOSTclose
003f71bd   _HOSTclock
003f71e7   _free
003f722c   _minit
003f7250   _malloc
003f72b0   _realloc
003f7364   _max_free
003f7384   _free_memory
003f73a0   _chkheap
003f73a2   _calloc
003f73ba   LL$$DIV
003f73f6   LL$$MOD
003f7430   ULL$$DIV
003f745f   ULL$$MOD
003f7539   ___TI_cleanup
003f7556   _freopen
003f75a6   _fopen
003f75c0   _fputs
003f7656   _puts
003f7668   FD$$ADD
003f7704   ___TI_writemsg
003f7754   C$$IO$$
003f7758   ___TI_readmsg
003f7792   _InitEPwm1
003f781e   FD$$DIV
003f78a9   FD$$MPY
003f792c   _setvbuf
003f79a5   FS$$SUB
003f79aa   FS$$ADD
003f7a1d   ___TI_doflush
003f7a4c   _fflush
003f7a88   _scia_init
003f7aee   ___TI_wrt_ok
003f7b28   ___TI_rd_ok
003f7b53   ___TI_closefile
003f7b95   _fclose
003f7bae   FS$$MPY
003f7c08   _fputc
003f7c08   _putc
003f7c53   _putchar
003f7c58   _GPIO_setMode
003f7ca1   _c_int00
003f7ce5   _fseek
003f7d22   _GPIO_setDirection
003f7d56   _GPIO_setPullUp
003f7d90   _printf
003f7dbc   _atoi
003f7ded   _ltoa
003f7e19   _GPIO_setQualification
003f7e44   FD$$CMP
003f7e6e   L$$DIV
003f7e7d   L$$MOD
003f7e8b   UL$$DIV
003f7e92   UL$$MOD
003f7e98   I$$DIV
003f7ea9   I$$MOD
003f7eba   FD$$TOI
003f7edb   ___memcpy_ff
003f7efc   FD$$TOL
003f7f1b   LL$$CMP
003f7f2d   ULL$$CMP
003f7f39   _strncpy
003f7f57   _SCI_write
003f7f73   _PIE_enablePwmInt
003f7ff6   code_start
ffffffff   .text
ffffffff   ___binit__
ffffffff   ___c_args__
ffffffff   ___etext__
ffffffff   ___pinit__
ffffffff   ___text__
ffffffff   binit
ffffffff   etext
ffffffff   pinit

[291 symbols]
