******************************************************************************
             TMS320C2000 Linker PC v6.2.8                      
******************************************************************************
>> Linked Sun Oct 26 21:34:19 2014

OUTPUT FILE NAME:   <Example_F2802xLaunchPad_demo.out>
ENTRY POINT SYMBOL: "code_start"  address: 003f7ff6


MEMORY CONFIGURATION

         name            origin    length      used     unused   attr    fill
----------------------  --------  ---------  --------  --------  ----  --------
PAGE 0:
  PRAML0                00008000   00000800  00000020  000007e0  RWIX
  OTP                   003d7800   00000400  00000000  00000400  RWIX
  FLASHD                003f0000   00002000  00000000  00002000  RWIX
  FLASHC                003f2000   00002000  00000000  00002000  RWIX
  FLASHA                003f6000   00001f80  00001235  00000d4b  RWIX
  CSM_RSVD              003f7f80   00000076  00000076  00000000  RWIX
  BEGIN                 003f7ff6   00000002  00000002  00000000  RWIX
  CSM_PWL_P0            003f7ff8   00000008  00000008  00000000  RWIX
  IQTABLES              003fe000   00000b50  00000000  00000b50  RWIX
  IQTABLES2             003feb50   0000008c  00000000  0000008c  RWIX
  IQTABLES3             003febdc   000000aa  00000000  000000aa  RWIX
  ROM                   003ff27c   00000d44  00000000  00000d44  RWIX
  RESET                 003fffc0   00000002  00000000  00000002  RWIX
  VECTORS               003fffc2   0000003e  00000000  0000003e  RWIX

PAGE 1:
  BOOT_RSVD             00000000   00000050  00000000  00000050  RWIX
  RAMM0                 00000050   000003b0  00000300  000000b0  RWIX
  RAMM1                 00000400   00000400  00000120  000002e0  RWIX
  DEV_EMU               00000880   00000105  00000000  00000105  RWIX
  SYS_PWR_CTL           00000985   00000003  00000000  00000003  RWIX
  FLASH_REGS            00000a80   00000060  00000000  00000060  RWIX
  CSM                   00000ae0   00000010  00000000  00000010  RWIX
  ADC_RESULT            00000b00   00000020  00000000  00000020  RWIX
  CPU_TIMER0            00000c00   00000008  00000000  00000008  RWIX
  CPU_TIMER1            00000c08   00000008  00000000  00000008  RWIX
  CPU_TIMER2            00000c10   00000008  00000000  00000008  RWIX
  PIE_CTRL              00000ce0   00000020  00000000  00000020  RWIX
  PIE_VECT              00000d00   00000100  00000000  00000100  RWIX
  COMP1                 00006400   00000020  00000000  00000020  RWIX
  COMP2                 00006420   00000020  00000000  00000020  RWIX
  EPWM1                 00006800   00000040  00000000  00000040  RWIX
  EPWM2                 00006840   00000040  00000000  00000040  RWIX
  EPWM3                 00006880   00000040  00000000  00000040  RWIX
  EPWM4                 000068c0   00000040  00000000  00000040  RWIX
  ECAP1                 00006a00   00000020  00000000  00000020  RWIX
  GPIOCTRL              00006f80   00000040  00000000  00000040  RWIX
  GPIODAT               00006fc0   00000020  00000000  00000020  RWIX
  GPIOINT               00006fe0   00000020  00000000  00000020  RWIX
  SYSTEM                00007010   00000020  00000000  00000020  RWIX
  SPIA                  00007040   00000010  00000000  00000010  RWIX
  SCIA                  00007050   00000010  00000000  00000010  RWIX
  NMIINTRUPT            00007060   00000010  00000000  00000010  RWIX
  XINTRUPT              00007070   00000010  00000000  00000010  RWIX
  ADC                   00007100   00000080  00000000  00000080  RWIX
  I2CA                  00007900   00000040  00000000  00000040  RWIX
  DRAML0                00008800   00000800  00000420  000003e0  RWIX
  PARTID                003d7fff   00000001  00000000  00000001  RWIX
  FLASHB                003f4000   00002000  00000000  00002000  RWIX
  CSM_PWL               003f7ff8   00000008  00000000  00000008  RWIX


SECTION ALLOCATION MAP

 output                                  attributes/
section   page    origin      length       input sections
--------  ----  ----------  ----------   ----------------
.pinit     0    003f6000    00000000     UNINITIALIZED

.econst    0    003f6000    0000010e     
                  003f6000    00000100     driverlib.lib : pie.obj (.econst:_PIE_tableDebugInit)
                  003f6100    0000000e     ShowerModule.obj (.econst:.string)

ramfuncs   0    003f610e    00000020     RUN ADDR = 00008000
                  003f610e    0000000c     driverlib.lib : flash.obj (ramfuncs:_FLASH_setup)
                  003f611a    00000006                   : flash.obj (ramfuncs:_FLASH_enablePipelineMode)
                  003f6120    00000005                   : flash.obj (ramfuncs:_FLASH_setActiveWaitCount)
                  003f6125    00000005                   : flash.obj (ramfuncs:_FLASH_setStandbyWaitCount)
                  003f612a    00000004                   : F2802x_asmfuncs.obj (ramfuncs)

.text      0    003f612e    00001078     
                  003f612e    00000201     rts2800_ml.lib : lowlev.obj (.text)
                  003f632f    000001f2                    : trgdrv.obj (.text)
                  003f6521    000001d3                    : memory.obj (.text)
                  003f66f4    000001b8     ShowerModule.obj (.text:_main)
                  003f68ac    0000014f     ShowerModule.obj (.text:_display_on_LCD)
                  003f69fb    000000ff     rts2800_ml.lib : fopen.obj (.text)
                  003f6afa    0000008e                    : ankmsg.obj (.text)
                  003f6b88    00000079                    : setvbuf.obj (.text)
                  003f6c01    0000006b                    : fflush.obj (.text)
                  003f6c6c    00000066     ShowerModule.obj (.text:_scia_init)
                  003f6cd2    0000005b     rts2800_ml.lib : fclose.obj (.text)
                  003f6d2d    00000049     driverlib.lib : gpio.obj (.text:_GPIO_setMode)
                  003f6d76    00000044     rts2800_ml.lib : boot.obj (.text)
                  003f6dba    00000034     driverlib.lib : gpio.obj (.text:_GPIO_setDirection)
                  003f6dee    00000034                   : gpio.obj (.text:_GPIO_setPullUp)
                  003f6e22    0000002b                   : gpio.obj (.text:_GPIO_setQualification)
                  003f6e4d    00000022     rts2800_ml.lib : i_div.obj (.text)
                  003f6e6f    00000021                    : memcpy_ff.obj (.text)
                  003f6e90    0000001e                    : strncpy.obj (.text)
                  003f6eae    0000001c     driverlib.lib : sci_io.obj (.text:_SCI_write)
                  003f6eca    00000019     rts2800_ml.lib : args_main.obj (.text)
                  003f6ee3    00000019                    : exit.obj (.text)
                  003f6efc    00000015     driverlib.lib : pll.obj (.text:_PLL_setup)
                  003f6f11    00000013                   : gpio.obj (.text:_GPIO_setHigh)
                  003f6f24    00000013                   : gpio.obj (.text:_GPIO_setLow)
                  003f6f37    00000013                   : sci_io.obj (.text:_SCI_open)
                  003f6f4a    00000013                   : sci_io.obj (.text:_SCI_read)
                  003f6f5d    00000012                   : F2802x_asmfuncs.obj (.text)
                  003f6f6f    00000011                   : pie.obj (.text:_PIE_setDebugIntVectorTable)
                  003f6f80    0000000f                   : pie.obj (.text:_PIE_disableAllInts)
                  003f6f8f    0000000c                   : sci_io.obj (.text:_SCI_close)
                  003f6f9b    0000000b     rts2800_ml.lib : strchr.obj (.text)
                  003f6fa6    0000000a     driverlib.lib : sci.obj (.text:_SCI_resetChannels)
                  003f6fb0    0000000a                   : sci.obj (.text:_SCI_resetRxFifo)
                  003f6fba    0000000a                   : sci.obj (.text:_SCI_resetTxFifo)
                  003f6fc4    0000000a     rts2800_ml.lib : strcmp.obj (.text)
                  003f6fce    00000009     driverlib.lib : clk.obj (.text:_CLK_enableSciaClock)
                  003f6fd7    00000009                   : sci.obj (.text:_SCI_putDataBlocking)
                  003f6fe0    00000009     rts2800_ml.lib : _lock.obj (.text)
                  003f6fe9    00000008     driverlib.lib : adc.obj (.text:_ADC_init)
                  003f6ff1    00000008                   : pie.obj (.text:_PIE_init)
                  003f6ff9    00000008                   : wdog.obj (.text:_WDOG_disable)
                  003f7001    00000008     rts2800_ml.lib : strlen.obj (.text)
                  003f7009    00000007     driverlib.lib : clk.obj (.text:_CLK_enableAdcClock)
                  003f7010    00000007                   : clk.obj (.text:_CLK_init)
                  003f7017    00000007                   : clk.obj (.text:_CLK_setClkOutPreScaler)
                  003f701e    00000007                   : clk.obj (.text:_CLK_setOscSrc)
                  003f7025    00000007                   : flash.obj (.text:_FLASH_init)
                  003f702c    00000007                   : gpio.obj (.text:_GPIO_init)
                  003f7033    00000007                   : pll.obj (.text:_PLL_init)
                  003f703a    00000007                   : pll.obj (.text:_PLL_setDivider)
                  003f7041    00000007                   : sci.obj (.text:_SCI_init)
                  003f7048    00000007                   : sci.obj (.text:_SCI_setRxFifoIntLevel)
                  003f704f    00000007                   : sci.obj (.text:_SCI_setTxFifoIntLevel)
                  003f7056    00000007                   : wdog.obj (.text:_WDOG_init)
                  003f705d    00000006                   : pll.obj (.text:_PLL_setMultiplier)
                  003f7063    00000006                   : sci.obj (.text:_SCI_setBaudRate)
                  003f7069    00000005                   : F2802x_DefaultIsr.obj (.text:_ADCINT1_ISR)
                  003f706e    00000005                   : F2802x_DefaultIsr.obj (.text:_ADCINT2_ISR)
                  003f7073    00000005                   : F2802x_DefaultIsr.obj (.text:_ADCINT3_ISR)
                  003f7078    00000005                   : F2802x_DefaultIsr.obj (.text:_ADCINT4_ISR)
                  003f707d    00000005                   : F2802x_DefaultIsr.obj (.text:_ADCINT5_ISR)
                  003f7082    00000005                   : F2802x_DefaultIsr.obj (.text:_ADCINT6_ISR)
                  003f7087    00000005                   : F2802x_DefaultIsr.obj (.text:_ADCINT7_ISR)
                  003f708c    00000005                   : F2802x_DefaultIsr.obj (.text:_ADCINT8_ISR)
                  003f7091    00000005                   : F2802x_DefaultIsr.obj (.text:_ADCINT9_ISR)
                  003f7096    00000005                   : F2802x_DefaultIsr.obj (.text:_DATALOG_ISR)
                  003f709b    00000005                   : F2802x_DefaultIsr.obj (.text:_ECAP1_INT_ISR)
                  003f70a0    00000005                   : F2802x_DefaultIsr.obj (.text:_EMUINT_ISR)
                  003f70a5    00000005                   : F2802x_DefaultIsr.obj (.text:_EPWM1_INT_ISR)
                  003f70aa    00000005                   : F2802x_DefaultIsr.obj (.text:_EPWM1_TZINT_ISR)
                  003f70af    00000005                   : F2802x_DefaultIsr.obj (.text:_EPWM2_INT_ISR)
                  003f70b4    00000005                   : F2802x_DefaultIsr.obj (.text:_EPWM2_TZINT_ISR)
                  003f70b9    00000005                   : F2802x_DefaultIsr.obj (.text:_EPWM3_INT_ISR)
                  003f70be    00000005                   : F2802x_DefaultIsr.obj (.text:_EPWM3_TZINT_ISR)
                  003f70c3    00000005                   : F2802x_DefaultIsr.obj (.text:_I2CINT1A_ISR)
                  003f70c8    00000005                   : F2802x_DefaultIsr.obj (.text:_I2CINT2A_ISR)
                  003f70cd    00000005                   : F2802x_DefaultIsr.obj (.text:_ILLEGAL_ISR)
                  003f70d2    00000005                   : F2802x_DefaultIsr.obj (.text:_INT13_ISR)
                  003f70d7    00000005                   : F2802x_DefaultIsr.obj (.text:_INT14_ISR)
                  003f70dc    00000005                   : F2802x_DefaultIsr.obj (.text:_NMI_ISR)
                  003f70e1    00000005                   : F2802x_DefaultIsr.obj (.text:_PIE_RESERVED)
                  003f70e6    00000005                   : F2802x_DefaultIsr.obj (.text:_RTOSINT_ISR)
                  003f70eb    00000005                   : F2802x_DefaultIsr.obj (.text:_SCIRXINTA_ISR)
                  003f70f0    00000005                   : F2802x_DefaultIsr.obj (.text:_SCITXINTA_ISR)
                  003f70f5    00000005                   : F2802x_DefaultIsr.obj (.text:_SPIRXINTA_ISR)
                  003f70fa    00000005                   : F2802x_DefaultIsr.obj (.text:_SPITXINTA_ISR)
                  003f70ff    00000005                   : F2802x_DefaultIsr.obj (.text:_TINT0_ISR)
                  003f7104    00000005                   : F2802x_DefaultIsr.obj (.text:_USER10_ISR)
                  003f7109    00000005                   : F2802x_DefaultIsr.obj (.text:_USER11_ISR)
                  003f710e    00000005                   : F2802x_DefaultIsr.obj (.text:_USER12_ISR)
                  003f7113    00000005                   : F2802x_DefaultIsr.obj (.text:_USER1_ISR)
                  003f7118    00000005                   : F2802x_DefaultIsr.obj (.text:_USER2_ISR)
                  003f711d    00000005                   : F2802x_DefaultIsr.obj (.text:_USER3_ISR)
                  003f7122    00000005                   : F2802x_DefaultIsr.obj (.text:_USER4_ISR)
                  003f7127    00000005                   : F2802x_DefaultIsr.obj (.text:_USER5_ISR)
                  003f712c    00000005                   : F2802x_DefaultIsr.obj (.text:_USER6_ISR)
                  003f7131    00000005                   : F2802x_DefaultIsr.obj (.text:_USER7_ISR)
                  003f7136    00000005                   : F2802x_DefaultIsr.obj (.text:_USER8_ISR)
                  003f713b    00000005                   : F2802x_DefaultIsr.obj (.text:_USER9_ISR)
                  003f7140    00000005                   : F2802x_DefaultIsr.obj (.text:_WAKEINT_ISR)
                  003f7145    00000005                   : F2802x_DefaultIsr.obj (.text:_XINT1_ISR)
                  003f714a    00000005                   : F2802x_DefaultIsr.obj (.text:_XINT2_ISR)
                  003f714f    00000005                   : F2802x_DefaultIsr.obj (.text:_XINT3_ISR)
                  003f7154    00000005                   : F2802x_DefaultIsr.obj (.text:_rsvd_ISR)
                  003f7159    00000005     rts2800_ml.lib : strcpy.obj (.text)
                  003f715e    00000004     driverlib.lib : cpu.obj (.text:_CPU_init)
                  003f7162    00000004                   : sci.obj (.text:_SCI_clearRxFifoInt)
                  003f7166    00000004                   : sci.obj (.text:_SCI_clearTxFifoInt)
                  003f716a    00000004                   : sci.obj (.text:_SCI_enableFifoEnh)
                  003f716e    00000004                   : sci.obj (.text:_SCI_setCharLength)
                  003f7172    00000004                   : sci.obj (.text:_SCI_setNumStopBits)
                  003f7176    00000003                   : cpu.obj (.text:_CPU_clearIntFlags)
                  003f7179    00000003                   : cpu.obj (.text:_CPU_disableGlobalInts)
                  003f717c    00000003                   : pie.obj (.text:_PIE_disable)
                  003f717f    00000003                   : pie.obj (.text:_PIE_enable)
                  003f7182    00000003                   : pll.obj (.text:_PLL_getClkStatus)
                  003f7185    00000003                   : pll.obj (.text:_PLL_getLockStatus)
                  003f7188    00000003                   : sci.obj (.text:_SCI_disableParity)
                  003f718b    00000003                   : sci.obj (.text:_SCI_enable)
                  003f718e    00000003                   : sci.obj (.text:_SCI_enableRx)
                  003f7191    00000003                   : sci.obj (.text:_SCI_enableRxInt)
                  003f7194    00000003                   : sci.obj (.text:_SCI_enableTx)
                  003f7197    00000003                   : sci.obj (.text:_SCI_enableTxInt)
                  003f719a    00000003                   : sci.obj (.text:_SCI_setPriority)
                  003f719d    00000003     rts2800_ml.lib : remove.obj (.text)
                  003f71a0    00000002     driverlib.lib : sci_io.obj (.text:_SCI_lseek)
                  003f71a2    00000002                   : sci_io.obj (.text:_SCI_rename)
                  003f71a4    00000002                   : sci_io.obj (.text:_SCI_unlink)

.cinit     0    003f71a6    0000008f     
                  003f71a6    00000031     rts2800_ml.lib : lowlev.obj (.cinit)
                  003f71d7    0000002a                    : defs.obj (.cinit)
                  003f7201    00000012     ShowerModule.obj (.cinit)
                  003f7213    0000000a     rts2800_ml.lib : _lock.obj (.cinit)
                  003f721d    0000000a                    : exit.obj (.cinit)
                  003f7227    00000004     driverlib.lib : sci_io.obj (.cinit)
                  003f722b    00000004     rts2800_ml.lib : fopen.obj (.cinit)
                  003f722f    00000004                    : memory.obj (.cinit)
                  003f7233    00000002     --HOLE-- [fill = 0]

csm_rsvd   0    003f7f80    00000076     
                  003f7f80    00000076     driverlib.lib : F2802x_asmfuncs.obj (csm_rsvd)

codestart 
*          0    003f7ff6    00000002     
                  003f7ff6    00000002     driverlib.lib : F2802x_asmfuncs.obj (codestart)

csmpasswds 
*          0    003f7ff8    00000008     
                  003f7ff8    00000008     driverlib.lib : F2802x_asmfuncs.obj (csmpasswds)

.reset     0    003fffc0    00000002     DSECT
                  003fffc0    00000002     rts2800_ml.lib : boot.obj (.reset)

vectors    0    003fffc2    00000000     DSECT

.stack     1    00000050    00000300     UNINITIALIZED
                  00000050    00000300     --HOLE--

.cio       1    00000400    00000120     UNINITIALIZED
                  00000400    00000120     rts2800_ml.lib : ankmsg.obj (.cio)

.ebss      1    00008800    00000220     UNINITIALIZED
                  00008800    00000160     rts2800_ml.lib : defs.obj (.ebss)
                  00008960    0000001a     ShowerModule.obj (.ebss)
                  0000897a    00000004     driverlib.lib : sci_io.obj (.ebss)
                  0000897e    00000001                   : cpu.obj (.ebss)
                  0000897f    00000001     rts2800_ml.lib : fopen.obj (.ebss)
                  00008980    00000088                    : lowlev.obj (.ebss)
                  00008a08    00000008                    : memory.obj (.ebss)
                  00008a10    00000008                    : trgdrv.obj (.ebss)
                  00008a18    00000004                    : _lock.obj (.ebss)
                  00008a1c    00000004                    : exit.obj (.ebss)

.sysmem    1    00008a20    00000200     UNINITIALIZED
                  00008a20    00000001     rts2800_ml.lib : memory.obj (.sysmem)
                  00008a21    000001ff     --HOLE--


GLOBAL DATA SYMBOLS: SORTED BY DATA PAGE

address     data page           name
--------    ----------------    ----
00000050       1 (00000040)     __stack

00000400      10 (00000400)     __CIOBUF_

00008800     220 (00008800)     ___TI_ft_end

00008840     221 (00008840)     __ftable

000088c0     223 (000088c0)     ___TI_tmpnams

00008960     225 (00008940)     _currentTemp
00008961     225 (00008940)     _referenceTemp
00008962     225 (00008940)     _myAdc
00008964     225 (00008940)     _myClk
00008966     225 (00008940)     _mySci
00008968     225 (00008940)     _motorIncrement
0000896a     225 (00008940)     _myPie
0000896c     225 (00008940)     _myFlash
0000896e     225 (00008940)     _myGpio
00008970     225 (00008940)     _digit
0000897a     225 (00008940)     _deviceOpen
0000897c     225 (00008940)     _ioSci
0000897e     225 (00008940)     _cpu

00008a18     228 (00008a00)     __unlock
00008a1a     228 (00008a00)     __lock
00008a1c     228 (00008a00)     ___TI_cleanup_ptr
00008a1e     228 (00008a00)     ___TI_dtors_ptr
00008a20     228 (00008a00)     __sys_memory

003f6000    fd80 (003f6000)     _PIE_tableDebugInit


GLOBAL SYMBOLS: SORTED ALPHABETICALLY BY Name 

address    name
--------   ----
ffffffff   .text
003f6ee3   C$$EXIT
003f6b4a   C$$IO$$
003f6e4d   I$$DIV
003f6e5e   I$$MOD
003f7069   _ADCINT1_ISR
003f706e   _ADCINT2_ISR
003f7073   _ADCINT3_ISR
003f7078   _ADCINT4_ISR
003f707d   _ADCINT5_ISR
003f7082   _ADCINT6_ISR
003f7087   _ADCINT7_ISR
003f708c   _ADCINT8_ISR
003f7091   _ADCINT9_ISR
003f6fe9   _ADC_init
003f7009   _CLK_enableAdcClock
003f6fce   _CLK_enableSciaClock
003f7010   _CLK_init
003f7017   _CLK_setClkOutPreScaler
003f701e   _CLK_setOscSrc
003f7176   _CPU_clearIntFlags
003f7179   _CPU_disableGlobalInts
003f715e   _CPU_init
003f7096   _DATALOG_ISR
003f6f68   _DSP28x_DisableInt
003f6f6c   _DSP28x_RestoreInt
0000801c   _DSP28x_usDelay
003f709b   _ECAP1_INT_ISR
003f70a0   _EMUINT_ISR
003f70a5   _EPWM1_INT_ISR
003f70aa   _EPWM1_TZINT_ISR
003f70af   _EPWM2_INT_ISR
003f70b4   _EPWM2_TZINT_ISR
003f70b9   _EPWM3_INT_ISR
003f70be   _EPWM3_TZINT_ISR
0000800c   _FLASH_enablePipelineMode
003f7025   _FLASH_init
00008012   _FLASH_setActiveWaitCount
00008017   _FLASH_setStandbyWaitCount
00008000   _FLASH_setup
003f702c   _GPIO_init
003f6dba   _GPIO_setDirection
003f6f11   _GPIO_setHigh
003f6f24   _GPIO_setLow
003f6d2d   _GPIO_setMode
003f6dee   _GPIO_setPullUp
003f6e22   _GPIO_setQualification
003f64f7   _HOSTclock
003f64d0   _HOSTclose
003f64a6   _HOSTgetenv
003f645f   _HOSTlseek
003f6428   _HOSTopen
003f63f2   _HOSTread
003f63b4   _HOSTrename
003f638a   _HOSTtime
003f6365   _HOSTunlink
003f632f   _HOSTwrite
003f70c3   _I2CINT1A_ISR
003f70c8   _I2CINT2A_ISR
003f70cd   _ILLEGAL_ISR
003f70d2   _INT13_ISR
003f70d7   _INT14_ISR
003f70dc   _NMI_ISR
003f70e1   _PIE_RESERVED
003f717c   _PIE_disable
003f6f80   _PIE_disableAllInts
003f717f   _PIE_enable
003f6ff1   _PIE_init
003f6f6f   _PIE_setDebugIntVectorTable
003f6000   _PIE_tableDebugInit
003f7182   _PLL_getClkStatus
003f7185   _PLL_getLockStatus
003f7033   _PLL_init
003f703a   _PLL_setDivider
003f705d   _PLL_setMultiplier
003f6efc   _PLL_setup
003f70e6   _RTOSINT_ISR
00000020   _RamfuncsLoadSize
003f610e   _RamfuncsLoadStart
00008000   _RamfuncsRunStart
003f70eb   _SCIRXINTA_ISR
003f70f0   _SCITXINTA_ISR
003f7162   _SCI_clearRxFifoInt
003f7166   _SCI_clearTxFifoInt
003f6f8f   _SCI_close
003f7188   _SCI_disableParity
003f718b   _SCI_enable
003f716a   _SCI_enableFifoEnh
003f718e   _SCI_enableRx
003f7191   _SCI_enableRxInt
003f7194   _SCI_enableTx
003f7197   _SCI_enableTxInt
003f7041   _SCI_init
003f71a0   _SCI_lseek
003f6f37   _SCI_open
003f6fd7   _SCI_putDataBlocking
003f6f4a   _SCI_read
003f71a2   _SCI_rename
003f6fa6   _SCI_resetChannels
003f6fb0   _SCI_resetRxFifo
003f6fba   _SCI_resetTxFifo
003f7063   _SCI_setBaudRate
003f716e   _SCI_setCharLength
003f7172   _SCI_setNumStopBits
003f719a   _SCI_setPriority
003f7048   _SCI_setRxFifoIntLevel
003f704f   _SCI_setTxFifoIntLevel
003f71a4   _SCI_unlink
003f6eae   _SCI_write
003f70f5   _SPIRXINTA_ISR
003f70fa   _SPITXINTA_ISR
003f70ff   _TINT0_ISR
003f7104   _USER10_ISR
003f7109   _USER11_ISR
003f710e   _USER12_ISR
003f7113   _USER1_ISR
003f7118   _USER2_ISR
003f711d   _USER3_ISR
003f7122   _USER4_ISR
003f7127   _USER5_ISR
003f712c   _USER6_ISR
003f7131   _USER7_ISR
003f7136   _USER8_ISR
003f713b   _USER9_ISR
003f7140   _WAKEINT_ISR
003f6ff9   _WDOG_disable
003f7056   _WDOG_init
003f7145   _XINT1_ISR
003f714a   _XINT2_ISR
003f714f   _XINT3_ISR
00000400   __CIOBUF_
00000350   __STACK_END
00000300   __STACK_SIZE
00000200   __SYSMEM_SIZE
00000001   __TI_args_main
003f6a73   ___TI_cleanup
00008a1c   ___TI_cleanup_ptr
003f6cd2   ___TI_closefile
003f6c01   ___TI_doflush
00008a1e   ___TI_dtors_ptr
00008800   ___TI_ft_end
003f6b4e   ___TI_readmsg
000088c0   ___TI_tmpnams
003f6afa   ___TI_writemsg
ffffffff   ___binit__
ffffffff   ___c_args__
003f71a6   ___cinit__
ffffffff   ___etext__
003f6e6f   ___memcpy_ff
ffffffff   ___pinit__
ffffffff   ___text__
003f6eca   __args_main
00008840   __ftable
00008a1a   __lock
003f6fe8   __nop
003f6fe4   __register_lock
003f6fe0   __register_unlock
00000050   __stack
00008a20   __sys_memory
00008a18   __unlock
003f6ee3   _abort
003f62c3   _add_device
003f6d76   _c_int00
003f66dc   _calloc
003f66da   _chkheap
003f6291   _close
0000897e   _cpu
00008960   _currentTemp
0000897a   _deviceOpen
00008970   _digit
003f68ac   _display_on_LCD
003f6ee5   _exit
003f6d14   _fclose
003f6c30   _fflush
003f6ae0   _fopen
003f6521   _free
003f66be   _free_memory
003f6a90   _freopen
0000897c   _ioSci
003f6279   _lseek
003f66f4   _main
003f658a   _malloc
003f669e   _max_free
003f6566   _minit
00008968   _motorIncrement
00008962   _myAdc
00008964   _myClk
0000896c   _myFlash
0000896e   _myGpio
0000896a   _myPie
00008966   _mySci
003f6207   _open
003f61ef   _read
003f65ea   _realloc
00008961   _referenceTemp
003f719d   _remove
003f61d5   _remove_device
003f61ac   _rename
003f7154   _rsvd_ISR
003f6c6c   _scia_init
003f6f65   _setDBGIER
003f6b88   _setvbuf
003f6f9b   _strchr
003f6fc4   _strcmp
003f7159   _strcpy
003f7001   _strlen
003f6e90   _strncpy
003f6194   _unlink
003f612e   _write
ffffffff   binit
003f71a6   cinit
003f7ff6   code_start
ffffffff   etext
ffffffff   pinit


GLOBAL SYMBOLS: SORTED BY Symbol Address 

address    name
--------   ----
00000001   __TI_args_main
00000020   _RamfuncsLoadSize
00000050   __stack
00000200   __SYSMEM_SIZE
00000300   __STACK_SIZE
00000350   __STACK_END
00000400   __CIOBUF_
00008000   _FLASH_setup
00008000   _RamfuncsRunStart
0000800c   _FLASH_enablePipelineMode
00008012   _FLASH_setActiveWaitCount
00008017   _FLASH_setStandbyWaitCount
0000801c   _DSP28x_usDelay
00008800   ___TI_ft_end
00008840   __ftable
000088c0   ___TI_tmpnams
00008960   _currentTemp
00008961   _referenceTemp
00008962   _myAdc
00008964   _myClk
00008966   _mySci
00008968   _motorIncrement
0000896a   _myPie
0000896c   _myFlash
0000896e   _myGpio
00008970   _digit
0000897a   _deviceOpen
0000897c   _ioSci
0000897e   _cpu
00008a18   __unlock
00008a1a   __lock
00008a1c   ___TI_cleanup_ptr
00008a1e   ___TI_dtors_ptr
00008a20   __sys_memory
003f6000   _PIE_tableDebugInit
003f610e   _RamfuncsLoadStart
003f612e   _write
003f6194   _unlink
003f61ac   _rename
003f61d5   _remove_device
003f61ef   _read
003f6207   _open
003f6279   _lseek
003f6291   _close
003f62c3   _add_device
003f632f   _HOSTwrite
003f6365   _HOSTunlink
003f638a   _HOSTtime
003f63b4   _HOSTrename
003f63f2   _HOSTread
003f6428   _HOSTopen
003f645f   _HOSTlseek
003f64a6   _HOSTgetenv
003f64d0   _HOSTclose
003f64f7   _HOSTclock
003f6521   _free
003f6566   _minit
003f658a   _malloc
003f65ea   _realloc
003f669e   _max_free
003f66be   _free_memory
003f66da   _chkheap
003f66dc   _calloc
003f66f4   _main
003f68ac   _display_on_LCD
003f6a73   ___TI_cleanup
003f6a90   _freopen
003f6ae0   _fopen
003f6afa   ___TI_writemsg
003f6b4a   C$$IO$$
003f6b4e   ___TI_readmsg
003f6b88   _setvbuf
003f6c01   ___TI_doflush
003f6c30   _fflush
003f6c6c   _scia_init
003f6cd2   ___TI_closefile
003f6d14   _fclose
003f6d2d   _GPIO_setMode
003f6d76   _c_int00
003f6dba   _GPIO_setDirection
003f6dee   _GPIO_setPullUp
003f6e22   _GPIO_setQualification
003f6e4d   I$$DIV
003f6e5e   I$$MOD
003f6e6f   ___memcpy_ff
003f6e90   _strncpy
003f6eae   _SCI_write
003f6eca   __args_main
003f6ee3   C$$EXIT
003f6ee3   _abort
003f6ee5   _exit
003f6efc   _PLL_setup
003f6f11   _GPIO_setHigh
003f6f24   _GPIO_setLow
003f6f37   _SCI_open
003f6f4a   _SCI_read
003f6f65   _setDBGIER
003f6f68   _DSP28x_DisableInt
003f6f6c   _DSP28x_RestoreInt
003f6f6f   _PIE_setDebugIntVectorTable
003f6f80   _PIE_disableAllInts
003f6f8f   _SCI_close
003f6f9b   _strchr
003f6fa6   _SCI_resetChannels
003f6fb0   _SCI_resetRxFifo
003f6fba   _SCI_resetTxFifo
003f6fc4   _strcmp
003f6fce   _CLK_enableSciaClock
003f6fd7   _SCI_putDataBlocking
003f6fe0   __register_unlock
003f6fe4   __register_lock
003f6fe8   __nop
003f6fe9   _ADC_init
003f6ff1   _PIE_init
003f6ff9   _WDOG_disable
003f7001   _strlen
003f7009   _CLK_enableAdcClock
003f7010   _CLK_init
003f7017   _CLK_setClkOutPreScaler
003f701e   _CLK_setOscSrc
003f7025   _FLASH_init
003f702c   _GPIO_init
003f7033   _PLL_init
003f703a   _PLL_setDivider
003f7041   _SCI_init
003f7048   _SCI_setRxFifoIntLevel
003f704f   _SCI_setTxFifoIntLevel
003f7056   _WDOG_init
003f705d   _PLL_setMultiplier
003f7063   _SCI_setBaudRate
003f7069   _ADCINT1_ISR
003f706e   _ADCINT2_ISR
003f7073   _ADCINT3_ISR
003f7078   _ADCINT4_ISR
003f707d   _ADCINT5_ISR
003f7082   _ADCINT6_ISR
003f7087   _ADCINT7_ISR
003f708c   _ADCINT8_ISR
003f7091   _ADCINT9_ISR
003f7096   _DATALOG_ISR
003f709b   _ECAP1_INT_ISR
003f70a0   _EMUINT_ISR
003f70a5   _EPWM1_INT_ISR
003f70aa   _EPWM1_TZINT_ISR
003f70af   _EPWM2_INT_ISR
003f70b4   _EPWM2_TZINT_ISR
003f70b9   _EPWM3_INT_ISR
003f70be   _EPWM3_TZINT_ISR
003f70c3   _I2CINT1A_ISR
003f70c8   _I2CINT2A_ISR
003f70cd   _ILLEGAL_ISR
003f70d2   _INT13_ISR
003f70d7   _INT14_ISR
003f70dc   _NMI_ISR
003f70e1   _PIE_RESERVED
003f70e6   _RTOSINT_ISR
003f70eb   _SCIRXINTA_ISR
003f70f0   _SCITXINTA_ISR
003f70f5   _SPIRXINTA_ISR
003f70fa   _SPITXINTA_ISR
003f70ff   _TINT0_ISR
003f7104   _USER10_ISR
003f7109   _USER11_ISR
003f710e   _USER12_ISR
003f7113   _USER1_ISR
003f7118   _USER2_ISR
003f711d   _USER3_ISR
003f7122   _USER4_ISR
003f7127   _USER5_ISR
003f712c   _USER6_ISR
003f7131   _USER7_ISR
003f7136   _USER8_ISR
003f713b   _USER9_ISR
003f7140   _WAKEINT_ISR
003f7145   _XINT1_ISR
003f714a   _XINT2_ISR
003f714f   _XINT3_ISR
003f7154   _rsvd_ISR
003f7159   _strcpy
003f715e   _CPU_init
003f7162   _SCI_clearRxFifoInt
003f7166   _SCI_clearTxFifoInt
003f716a   _SCI_enableFifoEnh
003f716e   _SCI_setCharLength
003f7172   _SCI_setNumStopBits
003f7176   _CPU_clearIntFlags
003f7179   _CPU_disableGlobalInts
003f717c   _PIE_disable
003f717f   _PIE_enable
003f7182   _PLL_getClkStatus
003f7185   _PLL_getLockStatus
003f7188   _SCI_disableParity
003f718b   _SCI_enable
003f718e   _SCI_enableRx
003f7191   _SCI_enableRxInt
003f7194   _SCI_enableTx
003f7197   _SCI_enableTxInt
003f719a   _SCI_setPriority
003f719d   _remove
003f71a0   _SCI_lseek
003f71a2   _SCI_rename
003f71a4   _SCI_unlink
003f71a6   ___cinit__
003f71a6   cinit
003f7ff6   code_start
ffffffff   .text
ffffffff   ___binit__
ffffffff   ___c_args__
ffffffff   ___etext__
ffffffff   ___pinit__
ffffffff   ___text__
ffffffff   binit
ffffffff   etext
ffffffff   pinit

[214 symbols]
