******************************************************************************
             TMS320C2000 Linker PC v6.2.8                      
******************************************************************************
>> Linked Fri Oct 24 19:24:01 2014

OUTPUT FILE NAME:   <Example_F2802xLaunchPad_demo.out>
ENTRY POINT SYMBOL: "code_start"  address: 003f7ff6


MEMORY CONFIGURATION

         name            origin    length      used     unused   attr    fill
----------------------  --------  ---------  --------  --------  ----  --------
PAGE 0:
  PRAML0                00008000   00000800  00000020  000007e0  RWIX
  OTP                   003d7800   00000400  00000000  00000400  RWIX
  FLASHD                003f0000   00002000  00000000  00002000  RWIX
  FLASHC                003f2000   00002000  00000000  00002000  RWIX
  FLASHA                003f6000   00001f80  00001169  00000e17  RWIX
  CSM_RSVD              003f7f80   00000076  00000076  00000000  RWIX
  BEGIN                 003f7ff6   00000002  00000002  00000000  RWIX
  CSM_PWL_P0            003f7ff8   00000008  00000008  00000000  RWIX
  IQTABLES              003fe000   00000b50  00000000  00000b50  RWIX
  IQTABLES2             003feb50   0000008c  00000000  0000008c  RWIX
  IQTABLES3             003febdc   000000aa  00000000  000000aa  RWIX
  ROM                   003ff27c   00000d44  00000000  00000d44  RWIX
  RESET                 003fffc0   00000002  00000000  00000002  RWIX
  VECTORS               003fffc2   0000003e  00000000  0000003e  RWIX

PAGE 1:
  BOOT_RSVD             00000000   00000050  00000000  00000050  RWIX
  RAMM0                 00000050   000003b0  00000300  000000b0  RWIX
  RAMM1                 00000400   00000400  00000120  000002e0  RWIX
  DEV_EMU               00000880   00000105  00000000  00000105  RWIX
  SYS_PWR_CTL           00000985   00000003  00000000  00000003  RWIX
  FLASH_REGS            00000a80   00000060  00000000  00000060  RWIX
  CSM                   00000ae0   00000010  00000000  00000010  RWIX
  ADC_RESULT            00000b00   00000020  00000000  00000020  RWIX
  CPU_TIMER0            00000c00   00000008  00000000  00000008  RWIX
  CPU_TIMER1            00000c08   00000008  00000000  00000008  RWIX
  CPU_TIMER2            00000c10   00000008  00000000  00000008  RWIX
  PIE_CTRL              00000ce0   00000020  00000000  00000020  RWIX
  PIE_VECT              00000d00   00000100  00000000  00000100  RWIX
  COMP1                 00006400   00000020  00000000  00000020  RWIX
  COMP2                 00006420   00000020  00000000  00000020  RWIX
  EPWM1                 00006800   00000040  00000000  00000040  RWIX
  EPWM2                 00006840   00000040  00000000  00000040  RWIX
  EPWM3                 00006880   00000040  00000000  00000040  RWIX
  EPWM4                 000068c0   00000040  00000000  00000040  RWIX
  ECAP1                 00006a00   00000020  00000000  00000020  RWIX
  GPIOCTRL              00006f80   00000040  00000000  00000040  RWIX
  GPIODAT               00006fc0   00000020  00000000  00000020  RWIX
  GPIOINT               00006fe0   00000020  00000000  00000020  RWIX
  SYSTEM                00007010   00000020  00000000  00000020  RWIX
  SPIA                  00007040   00000010  00000000  00000010  RWIX
  SCIA                  00007050   00000010  00000000  00000010  RWIX
  NMIINTRUPT            00007060   00000010  00000000  00000010  RWIX
  XINTRUPT              00007070   00000010  00000000  00000010  RWIX
  ADC                   00007100   00000080  00000000  00000080  RWIX
  I2CA                  00007900   00000040  00000000  00000040  RWIX
  DRAML0                00008800   00000800  0000041e  000003e2  RWIX
  PARTID                003d7fff   00000001  00000000  00000001  RWIX
  FLASHB                003f4000   00002000  00000000  00002000  RWIX
  CSM_PWL               003f7ff8   00000008  00000000  00000008  RWIX


SECTION ALLOCATION MAP

 output                                  attributes/
section   page    origin      length       input sections
--------  ----  ----------  ----------   ----------------
.pinit     0    003f6000    00000000     UNINITIALIZED

.econst    0    003f6000    0000010e     
                  003f6000    00000100     driverlib.lib : pie.obj (.econst:_PIE_tableDebugInit)
                  003f6100    0000000e     ShowerModule.obj (.econst:.string)

ramfuncs   0    003f610e    00000020     RUN ADDR = 00008000
                  003f610e    0000000c     driverlib.lib : flash.obj (ramfuncs:_FLASH_setup)
                  003f611a    00000006                   : flash.obj (ramfuncs:_FLASH_enablePipelineMode)
                  003f6120    00000005                   : flash.obj (ramfuncs:_FLASH_setActiveWaitCount)
                  003f6125    00000005                   : flash.obj (ramfuncs:_FLASH_setStandbyWaitCount)
                  003f612a    00000004                   : F2802x_asmfuncs.obj (ramfuncs)

.text      0    003f612e    00000fb1     
                  003f612e    0000022f     ShowerModule.obj (.text:_main)
                  003f635d    00000201     rts2800_ml.lib : lowlev.obj (.text)
                  003f655e    000001f2                    : trgdrv.obj (.text)
                  003f6750    000001d3                    : memory.obj (.text)
                  003f6923    000000ff                    : fopen.obj (.text)
                  003f6a22    0000008e                    : ankmsg.obj (.text)
                  003f6ab0    00000079                    : setvbuf.obj (.text)
                  003f6b29    0000006b                    : fflush.obj (.text)
                  003f6b94    00000066     ShowerModule.obj (.text:_scia_init)
                  003f6bfa    0000005b     rts2800_ml.lib : fclose.obj (.text)
                  003f6c55    00000049     driverlib.lib : gpio.obj (.text:_GPIO_setMode)
                  003f6c9e    00000044     rts2800_ml.lib : boot.obj (.text)
                  003f6ce2    00000034     driverlib.lib : gpio.obj (.text:_GPIO_setDirection)
                  003f6d16    00000034                   : gpio.obj (.text:_GPIO_setPullUp)
                  003f6d4a    0000002b                   : gpio.obj (.text:_GPIO_setQualification)
                  003f6d75    00000022     rts2800_ml.lib : i_div.obj (.text)
                  003f6d97    00000021                    : memcpy_ff.obj (.text)
                  003f6db8    0000001e                    : strncpy.obj (.text)
                  003f6dd6    0000001c     driverlib.lib : sci_io.obj (.text:_SCI_write)
                  003f6df2    00000019     rts2800_ml.lib : args_main.obj (.text)
                  003f6e0b    00000019                    : exit.obj (.text)
                  003f6e24    00000015     driverlib.lib : pll.obj (.text:_PLL_setup)
                  003f6e39    00000013                   : gpio.obj (.text:_GPIO_setHigh)
                  003f6e4c    00000013                   : gpio.obj (.text:_GPIO_setLow)
                  003f6e5f    00000013                   : sci_io.obj (.text:_SCI_open)
                  003f6e72    00000013                   : sci_io.obj (.text:_SCI_read)
                  003f6e85    00000012                   : F2802x_asmfuncs.obj (.text)
                  003f6e97    00000011                   : gpio.obj (.text:_GPIO_getData)
                  003f6ea8    00000011                   : pie.obj (.text:_PIE_setDebugIntVectorTable)
                  003f6eb9    0000000f                   : pie.obj (.text:_PIE_disableAllInts)
                  003f6ec8    0000000c                   : sci_io.obj (.text:_SCI_close)
                  003f6ed4    0000000b     rts2800_ml.lib : strchr.obj (.text)
                  003f6edf    0000000a     driverlib.lib : sci.obj (.text:_SCI_resetChannels)
                  003f6ee9    0000000a                   : sci.obj (.text:_SCI_resetRxFifo)
                  003f6ef3    0000000a                   : sci.obj (.text:_SCI_resetTxFifo)
                  003f6efd    0000000a     rts2800_ml.lib : strcmp.obj (.text)
                  003f6f07    00000009     driverlib.lib : clk.obj (.text:_CLK_enableSciaClock)
                  003f6f10    00000009                   : sci.obj (.text:_SCI_putDataBlocking)
                  003f6f19    00000009     rts2800_ml.lib : _lock.obj (.text)
                  003f6f22    00000008     driverlib.lib : adc.obj (.text:_ADC_init)
                  003f6f2a    00000008                   : pie.obj (.text:_PIE_init)
                  003f6f32    00000008                   : wdog.obj (.text:_WDOG_disable)
                  003f6f3a    00000008     rts2800_ml.lib : strlen.obj (.text)
                  003f6f42    00000007     driverlib.lib : clk.obj (.text:_CLK_enableAdcClock)
                  003f6f49    00000007                   : clk.obj (.text:_CLK_init)
                  003f6f50    00000007                   : clk.obj (.text:_CLK_setClkOutPreScaler)
                  003f6f57    00000007                   : clk.obj (.text:_CLK_setOscSrc)
                  003f6f5e    00000007                   : flash.obj (.text:_FLASH_init)
                  003f6f65    00000007                   : gpio.obj (.text:_GPIO_init)
                  003f6f6c    00000007                   : pll.obj (.text:_PLL_init)
                  003f6f73    00000007                   : pll.obj (.text:_PLL_setDivider)
                  003f6f7a    00000007                   : sci.obj (.text:_SCI_init)
                  003f6f81    00000007                   : sci.obj (.text:_SCI_setRxFifoIntLevel)
                  003f6f88    00000007                   : sci.obj (.text:_SCI_setTxFifoIntLevel)
                  003f6f8f    00000007                   : wdog.obj (.text:_WDOG_init)
                  003f6f96    00000006                   : pll.obj (.text:_PLL_setMultiplier)
                  003f6f9c    00000006                   : sci.obj (.text:_SCI_setBaudRate)
                  003f6fa2    00000005                   : F2802x_DefaultIsr.obj (.text:_ADCINT1_ISR)
                  003f6fa7    00000005                   : F2802x_DefaultIsr.obj (.text:_ADCINT2_ISR)
                  003f6fac    00000005                   : F2802x_DefaultIsr.obj (.text:_ADCINT3_ISR)
                  003f6fb1    00000005                   : F2802x_DefaultIsr.obj (.text:_ADCINT4_ISR)
                  003f6fb6    00000005                   : F2802x_DefaultIsr.obj (.text:_ADCINT5_ISR)
                  003f6fbb    00000005                   : F2802x_DefaultIsr.obj (.text:_ADCINT6_ISR)
                  003f6fc0    00000005                   : F2802x_DefaultIsr.obj (.text:_ADCINT7_ISR)
                  003f6fc5    00000005                   : F2802x_DefaultIsr.obj (.text:_ADCINT8_ISR)
                  003f6fca    00000005                   : F2802x_DefaultIsr.obj (.text:_ADCINT9_ISR)
                  003f6fcf    00000005                   : F2802x_DefaultIsr.obj (.text:_DATALOG_ISR)
                  003f6fd4    00000005                   : F2802x_DefaultIsr.obj (.text:_ECAP1_INT_ISR)
                  003f6fd9    00000005                   : F2802x_DefaultIsr.obj (.text:_EMUINT_ISR)
                  003f6fde    00000005                   : F2802x_DefaultIsr.obj (.text:_EPWM1_INT_ISR)
                  003f6fe3    00000005                   : F2802x_DefaultIsr.obj (.text:_EPWM1_TZINT_ISR)
                  003f6fe8    00000005                   : F2802x_DefaultIsr.obj (.text:_EPWM2_INT_ISR)
                  003f6fed    00000005                   : F2802x_DefaultIsr.obj (.text:_EPWM2_TZINT_ISR)
                  003f6ff2    00000005                   : F2802x_DefaultIsr.obj (.text:_EPWM3_INT_ISR)
                  003f6ff7    00000005                   : F2802x_DefaultIsr.obj (.text:_EPWM3_TZINT_ISR)
                  003f6ffc    00000005                   : F2802x_DefaultIsr.obj (.text:_I2CINT1A_ISR)
                  003f7001    00000005                   : F2802x_DefaultIsr.obj (.text:_I2CINT2A_ISR)
                  003f7006    00000005                   : F2802x_DefaultIsr.obj (.text:_ILLEGAL_ISR)
                  003f700b    00000005                   : F2802x_DefaultIsr.obj (.text:_INT13_ISR)
                  003f7010    00000005                   : F2802x_DefaultIsr.obj (.text:_INT14_ISR)
                  003f7015    00000005                   : F2802x_DefaultIsr.obj (.text:_NMI_ISR)
                  003f701a    00000005                   : F2802x_DefaultIsr.obj (.text:_PIE_RESERVED)
                  003f701f    00000005                   : F2802x_DefaultIsr.obj (.text:_RTOSINT_ISR)
                  003f7024    00000005                   : F2802x_DefaultIsr.obj (.text:_SCIRXINTA_ISR)
                  003f7029    00000005                   : F2802x_DefaultIsr.obj (.text:_SCITXINTA_ISR)
                  003f702e    00000005                   : F2802x_DefaultIsr.obj (.text:_SPIRXINTA_ISR)
                  003f7033    00000005                   : F2802x_DefaultIsr.obj (.text:_SPITXINTA_ISR)
                  003f7038    00000005                   : F2802x_DefaultIsr.obj (.text:_TINT0_ISR)
                  003f703d    00000005                   : F2802x_DefaultIsr.obj (.text:_USER10_ISR)
                  003f7042    00000005                   : F2802x_DefaultIsr.obj (.text:_USER11_ISR)
                  003f7047    00000005                   : F2802x_DefaultIsr.obj (.text:_USER12_ISR)
                  003f704c    00000005                   : F2802x_DefaultIsr.obj (.text:_USER1_ISR)
                  003f7051    00000005                   : F2802x_DefaultIsr.obj (.text:_USER2_ISR)
                  003f7056    00000005                   : F2802x_DefaultIsr.obj (.text:_USER3_ISR)
                  003f705b    00000005                   : F2802x_DefaultIsr.obj (.text:_USER4_ISR)
                  003f7060    00000005                   : F2802x_DefaultIsr.obj (.text:_USER5_ISR)
                  003f7065    00000005                   : F2802x_DefaultIsr.obj (.text:_USER6_ISR)
                  003f706a    00000005                   : F2802x_DefaultIsr.obj (.text:_USER7_ISR)
                  003f706f    00000005                   : F2802x_DefaultIsr.obj (.text:_USER8_ISR)
                  003f7074    00000005                   : F2802x_DefaultIsr.obj (.text:_USER9_ISR)
                  003f7079    00000005                   : F2802x_DefaultIsr.obj (.text:_WAKEINT_ISR)
                  003f707e    00000005                   : F2802x_DefaultIsr.obj (.text:_XINT1_ISR)
                  003f7083    00000005                   : F2802x_DefaultIsr.obj (.text:_XINT2_ISR)
                  003f7088    00000005                   : F2802x_DefaultIsr.obj (.text:_XINT3_ISR)
                  003f708d    00000005                   : F2802x_DefaultIsr.obj (.text:_rsvd_ISR)
                  003f7092    00000005     rts2800_ml.lib : strcpy.obj (.text)
                  003f7097    00000004     driverlib.lib : cpu.obj (.text:_CPU_init)
                  003f709b    00000004                   : sci.obj (.text:_SCI_clearRxFifoInt)
                  003f709f    00000004                   : sci.obj (.text:_SCI_clearTxFifoInt)
                  003f70a3    00000004                   : sci.obj (.text:_SCI_enableFifoEnh)
                  003f70a7    00000004                   : sci.obj (.text:_SCI_setCharLength)
                  003f70ab    00000004                   : sci.obj (.text:_SCI_setNumStopBits)
                  003f70af    00000003                   : cpu.obj (.text:_CPU_clearIntFlags)
                  003f70b2    00000003                   : cpu.obj (.text:_CPU_disableGlobalInts)
                  003f70b5    00000003                   : pie.obj (.text:_PIE_disable)
                  003f70b8    00000003                   : pie.obj (.text:_PIE_enable)
                  003f70bb    00000003                   : pll.obj (.text:_PLL_getClkStatus)
                  003f70be    00000003                   : pll.obj (.text:_PLL_getLockStatus)
                  003f70c1    00000003                   : sci.obj (.text:_SCI_disableParity)
                  003f70c4    00000003                   : sci.obj (.text:_SCI_enable)
                  003f70c7    00000003                   : sci.obj (.text:_SCI_enableRx)
                  003f70ca    00000003                   : sci.obj (.text:_SCI_enableRxInt)
                  003f70cd    00000003                   : sci.obj (.text:_SCI_enableTx)
                  003f70d0    00000003                   : sci.obj (.text:_SCI_enableTxInt)
                  003f70d3    00000003                   : sci.obj (.text:_SCI_setPriority)
                  003f70d6    00000003     rts2800_ml.lib : remove.obj (.text)
                  003f70d9    00000002     driverlib.lib : sci_io.obj (.text:_SCI_lseek)
                  003f70db    00000002                   : sci_io.obj (.text:_SCI_rename)
                  003f70dd    00000002                   : sci_io.obj (.text:_SCI_unlink)

.cinit     0    003f70df    0000008a     
                  003f70df    00000031     rts2800_ml.lib : lowlev.obj (.cinit)
                  003f7110    0000002a                    : defs.obj (.cinit)
                  003f713a    0000000d     ShowerModule.obj (.cinit)
                  003f7147    0000000a     rts2800_ml.lib : _lock.obj (.cinit)
                  003f7151    0000000a                    : exit.obj (.cinit)
                  003f715b    00000004     driverlib.lib : sci_io.obj (.cinit)
                  003f715f    00000004     rts2800_ml.lib : fopen.obj (.cinit)
                  003f7163    00000004                    : memory.obj (.cinit)
                  003f7167    00000002     --HOLE-- [fill = 0]

csm_rsvd   0    003f7f80    00000076     
                  003f7f80    00000076     driverlib.lib : F2802x_asmfuncs.obj (csm_rsvd)

codestart 
*          0    003f7ff6    00000002     
                  003f7ff6    00000002     driverlib.lib : F2802x_asmfuncs.obj (codestart)

csmpasswds 
*          0    003f7ff8    00000008     
                  003f7ff8    00000008     driverlib.lib : F2802x_asmfuncs.obj (csmpasswds)

.reset     0    003fffc0    00000002     DSECT
                  003fffc0    00000002     rts2800_ml.lib : boot.obj (.reset)

vectors    0    003fffc2    00000000     DSECT

.stack     1    00000050    00000300     UNINITIALIZED
                  00000050    00000300     --HOLE--

.cio       1    00000400    00000120     UNINITIALIZED
                  00000400    00000120     rts2800_ml.lib : ankmsg.obj (.cio)

.ebss      1    00008800    0000021e     UNINITIALIZED
                  00008800    00000160     rts2800_ml.lib : defs.obj (.ebss)
                  00008960    00000018     ShowerModule.obj (.ebss)
                  00008978    00000008     rts2800_ml.lib : memory.obj (.ebss)
                  00008980    00000088                    : lowlev.obj (.ebss)
                  00008a08    00000008                    : trgdrv.obj (.ebss)
                  00008a10    00000004     driverlib.lib : sci_io.obj (.ebss)
                  00008a14    00000004     rts2800_ml.lib : _lock.obj (.ebss)
                  00008a18    00000004                    : exit.obj (.ebss)
                  00008a1c    00000001     driverlib.lib : cpu.obj (.ebss)
                  00008a1d    00000001     rts2800_ml.lib : fopen.obj (.ebss)

.sysmem    1    00008a1e    00000200     UNINITIALIZED
                  00008a1e    00000001     rts2800_ml.lib : memory.obj (.sysmem)
                  00008a1f    000001ff     --HOLE--


GLOBAL DATA SYMBOLS: SORTED BY DATA PAGE

address     data page           name
--------    ----------------    ----
00000050       1 (00000040)     __stack

00000400      10 (00000400)     __CIOBUF_

00008800     220 (00008800)     ___TI_ft_end

00008840     221 (00008840)     __ftable

000088c0     223 (000088c0)     ___TI_tmpnams

00008960     225 (00008940)     _currentTemp
00008961     225 (00008940)     _referenceTemp
00008962     225 (00008940)     _myAdc
00008964     225 (00008940)     _myPie
00008966     225 (00008940)     _mySci
00008968     225 (00008940)     _myGpio
0000896a     225 (00008940)     _myClk
0000896c     225 (00008940)     _myFlash
0000896e     225 (00008940)     _digit

00008a10     228 (00008a00)     _deviceOpen
00008a12     228 (00008a00)     _ioSci
00008a14     228 (00008a00)     __unlock
00008a16     228 (00008a00)     __lock
00008a18     228 (00008a00)     ___TI_cleanup_ptr
00008a1a     228 (00008a00)     ___TI_dtors_ptr
00008a1c     228 (00008a00)     _cpu
00008a1e     228 (00008a00)     __sys_memory

003f6000    fd80 (003f6000)     _PIE_tableDebugInit


GLOBAL SYMBOLS: SORTED ALPHABETICALLY BY Name 

address    name
--------   ----
ffffffff   .text
003f6e0b   C$$EXIT
003f6a72   C$$IO$$
003f6d75   I$$DIV
003f6d86   I$$MOD
003f6fa2   _ADCINT1_ISR
003f6fa7   _ADCINT2_ISR
003f6fac   _ADCINT3_ISR
003f6fb1   _ADCINT4_ISR
003f6fb6   _ADCINT5_ISR
003f6fbb   _ADCINT6_ISR
003f6fc0   _ADCINT7_ISR
003f6fc5   _ADCINT8_ISR
003f6fca   _ADCINT9_ISR
003f6f22   _ADC_init
003f6f42   _CLK_enableAdcClock
003f6f07   _CLK_enableSciaClock
003f6f49   _CLK_init
003f6f50   _CLK_setClkOutPreScaler
003f6f57   _CLK_setOscSrc
003f70af   _CPU_clearIntFlags
003f70b2   _CPU_disableGlobalInts
003f7097   _CPU_init
003f6fcf   _DATALOG_ISR
003f6e90   _DSP28x_DisableInt
003f6e94   _DSP28x_RestoreInt
0000801c   _DSP28x_usDelay
003f6fd4   _ECAP1_INT_ISR
003f6fd9   _EMUINT_ISR
003f6fde   _EPWM1_INT_ISR
003f6fe3   _EPWM1_TZINT_ISR
003f6fe8   _EPWM2_INT_ISR
003f6fed   _EPWM2_TZINT_ISR
003f6ff2   _EPWM3_INT_ISR
003f6ff7   _EPWM3_TZINT_ISR
0000800c   _FLASH_enablePipelineMode
003f6f5e   _FLASH_init
00008012   _FLASH_setActiveWaitCount
00008017   _FLASH_setStandbyWaitCount
00008000   _FLASH_setup
003f6e97   _GPIO_getData
003f6f65   _GPIO_init
003f6ce2   _GPIO_setDirection
003f6e39   _GPIO_setHigh
003f6e4c   _GPIO_setLow
003f6c55   _GPIO_setMode
003f6d16   _GPIO_setPullUp
003f6d4a   _GPIO_setQualification
003f6726   _HOSTclock
003f66ff   _HOSTclose
003f66d5   _HOSTgetenv
003f668e   _HOSTlseek
003f6657   _HOSTopen
003f6621   _HOSTread
003f65e3   _HOSTrename
003f65b9   _HOSTtime
003f6594   _HOSTunlink
003f655e   _HOSTwrite
003f6ffc   _I2CINT1A_ISR
003f7001   _I2CINT2A_ISR
003f7006   _ILLEGAL_ISR
003f700b   _INT13_ISR
003f7010   _INT14_ISR
003f7015   _NMI_ISR
003f701a   _PIE_RESERVED
003f70b5   _PIE_disable
003f6eb9   _PIE_disableAllInts
003f70b8   _PIE_enable
003f6f2a   _PIE_init
003f6ea8   _PIE_setDebugIntVectorTable
003f6000   _PIE_tableDebugInit
003f70bb   _PLL_getClkStatus
003f70be   _PLL_getLockStatus
003f6f6c   _PLL_init
003f6f73   _PLL_setDivider
003f6f96   _PLL_setMultiplier
003f6e24   _PLL_setup
003f701f   _RTOSINT_ISR
00000020   _RamfuncsLoadSize
003f610e   _RamfuncsLoadStart
00008000   _RamfuncsRunStart
003f7024   _SCIRXINTA_ISR
003f7029   _SCITXINTA_ISR
003f709b   _SCI_clearRxFifoInt
003f709f   _SCI_clearTxFifoInt
003f6ec8   _SCI_close
003f70c1   _SCI_disableParity
003f70c4   _SCI_enable
003f70a3   _SCI_enableFifoEnh
003f70c7   _SCI_enableRx
003f70ca   _SCI_enableRxInt
003f70cd   _SCI_enableTx
003f70d0   _SCI_enableTxInt
003f6f7a   _SCI_init
003f70d9   _SCI_lseek
003f6e5f   _SCI_open
003f6f10   _SCI_putDataBlocking
003f6e72   _SCI_read
003f70db   _SCI_rename
003f6edf   _SCI_resetChannels
003f6ee9   _SCI_resetRxFifo
003f6ef3   _SCI_resetTxFifo
003f6f9c   _SCI_setBaudRate
003f70a7   _SCI_setCharLength
003f70ab   _SCI_setNumStopBits
003f70d3   _SCI_setPriority
003f6f81   _SCI_setRxFifoIntLevel
003f6f88   _SCI_setTxFifoIntLevel
003f70dd   _SCI_unlink
003f6dd6   _SCI_write
003f702e   _SPIRXINTA_ISR
003f7033   _SPITXINTA_ISR
003f7038   _TINT0_ISR
003f703d   _USER10_ISR
003f7042   _USER11_ISR
003f7047   _USER12_ISR
003f704c   _USER1_ISR
003f7051   _USER2_ISR
003f7056   _USER3_ISR
003f705b   _USER4_ISR
003f7060   _USER5_ISR
003f7065   _USER6_ISR
003f706a   _USER7_ISR
003f706f   _USER8_ISR
003f7074   _USER9_ISR
003f7079   _WAKEINT_ISR
003f6f32   _WDOG_disable
003f6f8f   _WDOG_init
003f707e   _XINT1_ISR
003f7083   _XINT2_ISR
003f7088   _XINT3_ISR
00000400   __CIOBUF_
00000350   __STACK_END
00000300   __STACK_SIZE
00000200   __SYSMEM_SIZE
00000001   __TI_args_main
003f699b   ___TI_cleanup
00008a18   ___TI_cleanup_ptr
003f6bfa   ___TI_closefile
003f6b29   ___TI_doflush
00008a1a   ___TI_dtors_ptr
00008800   ___TI_ft_end
003f6a76   ___TI_readmsg
000088c0   ___TI_tmpnams
003f6a22   ___TI_writemsg
ffffffff   ___binit__
ffffffff   ___c_args__
003f70df   ___cinit__
ffffffff   ___etext__
003f6d97   ___memcpy_ff
ffffffff   ___pinit__
ffffffff   ___text__
003f6df2   __args_main
00008840   __ftable
00008a16   __lock
003f6f21   __nop
003f6f1d   __register_lock
003f6f19   __register_unlock
00000050   __stack
00008a1e   __sys_memory
00008a14   __unlock
003f6e0b   _abort
003f64f2   _add_device
003f6c9e   _c_int00
003f690b   _calloc
003f6909   _chkheap
003f64c0   _close
00008a1c   _cpu
00008960   _currentTemp
00008a10   _deviceOpen
0000896e   _digit
003f6e0d   _exit
003f6c3c   _fclose
003f6b58   _fflush
003f6a08   _fopen
003f6750   _free
003f68ed   _free_memory
003f69b8   _freopen
00008a12   _ioSci
003f64a8   _lseek
003f612e   _main
003f67b9   _malloc
003f68cd   _max_free
003f6795   _minit
00008962   _myAdc
0000896a   _myClk
0000896c   _myFlash
00008968   _myGpio
00008964   _myPie
00008966   _mySci
003f6436   _open
003f641e   _read
003f6819   _realloc
00008961   _referenceTemp
003f70d6   _remove
003f6404   _remove_device
003f63db   _rename
003f708d   _rsvd_ISR
003f6b94   _scia_init
003f6e8d   _setDBGIER
003f6ab0   _setvbuf
003f6ed4   _strchr
003f6efd   _strcmp
003f7092   _strcpy
003f6f3a   _strlen
003f6db8   _strncpy
003f63c3   _unlink
003f635d   _write
ffffffff   binit
003f70df   cinit
003f7ff6   code_start
ffffffff   etext
ffffffff   pinit


GLOBAL SYMBOLS: SORTED BY Symbol Address 

address    name
--------   ----
00000001   __TI_args_main
00000020   _RamfuncsLoadSize
00000050   __stack
00000200   __SYSMEM_SIZE
00000300   __STACK_SIZE
00000350   __STACK_END
00000400   __CIOBUF_
00008000   _FLASH_setup
00008000   _RamfuncsRunStart
0000800c   _FLASH_enablePipelineMode
00008012   _FLASH_setActiveWaitCount
00008017   _FLASH_setStandbyWaitCount
0000801c   _DSP28x_usDelay
00008800   ___TI_ft_end
00008840   __ftable
000088c0   ___TI_tmpnams
00008960   _currentTemp
00008961   _referenceTemp
00008962   _myAdc
00008964   _myPie
00008966   _mySci
00008968   _myGpio
0000896a   _myClk
0000896c   _myFlash
0000896e   _digit
00008a10   _deviceOpen
00008a12   _ioSci
00008a14   __unlock
00008a16   __lock
00008a18   ___TI_cleanup_ptr
00008a1a   ___TI_dtors_ptr
00008a1c   _cpu
00008a1e   __sys_memory
003f6000   _PIE_tableDebugInit
003f610e   _RamfuncsLoadStart
003f612e   _main
003f635d   _write
003f63c3   _unlink
003f63db   _rename
003f6404   _remove_device
003f641e   _read
003f6436   _open
003f64a8   _lseek
003f64c0   _close
003f64f2   _add_device
003f655e   _HOSTwrite
003f6594   _HOSTunlink
003f65b9   _HOSTtime
003f65e3   _HOSTrename
003f6621   _HOSTread
003f6657   _HOSTopen
003f668e   _HOSTlseek
003f66d5   _HOSTgetenv
003f66ff   _HOSTclose
003f6726   _HOSTclock
003f6750   _free
003f6795   _minit
003f67b9   _malloc
003f6819   _realloc
003f68cd   _max_free
003f68ed   _free_memory
003f6909   _chkheap
003f690b   _calloc
003f699b   ___TI_cleanup
003f69b8   _freopen
003f6a08   _fopen
003f6a22   ___TI_writemsg
003f6a72   C$$IO$$
003f6a76   ___TI_readmsg
003f6ab0   _setvbuf
003f6b29   ___TI_doflush
003f6b58   _fflush
003f6b94   _scia_init
003f6bfa   ___TI_closefile
003f6c3c   _fclose
003f6c55   _GPIO_setMode
003f6c9e   _c_int00
003f6ce2   _GPIO_setDirection
003f6d16   _GPIO_setPullUp
003f6d4a   _GPIO_setQualification
003f6d75   I$$DIV
003f6d86   I$$MOD
003f6d97   ___memcpy_ff
003f6db8   _strncpy
003f6dd6   _SCI_write
003f6df2   __args_main
003f6e0b   C$$EXIT
003f6e0b   _abort
003f6e0d   _exit
003f6e24   _PLL_setup
003f6e39   _GPIO_setHigh
003f6e4c   _GPIO_setLow
003f6e5f   _SCI_open
003f6e72   _SCI_read
003f6e8d   _setDBGIER
003f6e90   _DSP28x_DisableInt
003f6e94   _DSP28x_RestoreInt
003f6e97   _GPIO_getData
003f6ea8   _PIE_setDebugIntVectorTable
003f6eb9   _PIE_disableAllInts
003f6ec8   _SCI_close
003f6ed4   _strchr
003f6edf   _SCI_resetChannels
003f6ee9   _SCI_resetRxFifo
003f6ef3   _SCI_resetTxFifo
003f6efd   _strcmp
003f6f07   _CLK_enableSciaClock
003f6f10   _SCI_putDataBlocking
003f6f19   __register_unlock
003f6f1d   __register_lock
003f6f21   __nop
003f6f22   _ADC_init
003f6f2a   _PIE_init
003f6f32   _WDOG_disable
003f6f3a   _strlen
003f6f42   _CLK_enableAdcClock
003f6f49   _CLK_init
003f6f50   _CLK_setClkOutPreScaler
003f6f57   _CLK_setOscSrc
003f6f5e   _FLASH_init
003f6f65   _GPIO_init
003f6f6c   _PLL_init
003f6f73   _PLL_setDivider
003f6f7a   _SCI_init
003f6f81   _SCI_setRxFifoIntLevel
003f6f88   _SCI_setTxFifoIntLevel
003f6f8f   _WDOG_init
003f6f96   _PLL_setMultiplier
003f6f9c   _SCI_setBaudRate
003f6fa2   _ADCINT1_ISR
003f6fa7   _ADCINT2_ISR
003f6fac   _ADCINT3_ISR
003f6fb1   _ADCINT4_ISR
003f6fb6   _ADCINT5_ISR
003f6fbb   _ADCINT6_ISR
003f6fc0   _ADCINT7_ISR
003f6fc5   _ADCINT8_ISR
003f6fca   _ADCINT9_ISR
003f6fcf   _DATALOG_ISR
003f6fd4   _ECAP1_INT_ISR
003f6fd9   _EMUINT_ISR
003f6fde   _EPWM1_INT_ISR
003f6fe3   _EPWM1_TZINT_ISR
003f6fe8   _EPWM2_INT_ISR
003f6fed   _EPWM2_TZINT_ISR
003f6ff2   _EPWM3_INT_ISR
003f6ff7   _EPWM3_TZINT_ISR
003f6ffc   _I2CINT1A_ISR
003f7001   _I2CINT2A_ISR
003f7006   _ILLEGAL_ISR
003f700b   _INT13_ISR
003f7010   _INT14_ISR
003f7015   _NMI_ISR
003f701a   _PIE_RESERVED
003f701f   _RTOSINT_ISR
003f7024   _SCIRXINTA_ISR
003f7029   _SCITXINTA_ISR
003f702e   _SPIRXINTA_ISR
003f7033   _SPITXINTA_ISR
003f7038   _TINT0_ISR
003f703d   _USER10_ISR
003f7042   _USER11_ISR
003f7047   _USER12_ISR
003f704c   _USER1_ISR
003f7051   _USER2_ISR
003f7056   _USER3_ISR
003f705b   _USER4_ISR
003f7060   _USER5_ISR
003f7065   _USER6_ISR
003f706a   _USER7_ISR
003f706f   _USER8_ISR
003f7074   _USER9_ISR
003f7079   _WAKEINT_ISR
003f707e   _XINT1_ISR
003f7083   _XINT2_ISR
003f7088   _XINT3_ISR
003f708d   _rsvd_ISR
003f7092   _strcpy
003f7097   _CPU_init
003f709b   _SCI_clearRxFifoInt
003f709f   _SCI_clearTxFifoInt
003f70a3   _SCI_enableFifoEnh
003f70a7   _SCI_setCharLength
003f70ab   _SCI_setNumStopBits
003f70af   _CPU_clearIntFlags
003f70b2   _CPU_disableGlobalInts
003f70b5   _PIE_disable
003f70b8   _PIE_enable
003f70bb   _PLL_getClkStatus
003f70be   _PLL_getLockStatus
003f70c1   _SCI_disableParity
003f70c4   _SCI_enable
003f70c7   _SCI_enableRx
003f70ca   _SCI_enableRxInt
003f70cd   _SCI_enableTx
003f70d0   _SCI_enableTxInt
003f70d3   _SCI_setPriority
003f70d6   _remove
003f70d9   _SCI_lseek
003f70db   _SCI_rename
003f70dd   _SCI_unlink
003f70df   ___cinit__
003f70df   cinit
003f7ff6   code_start
ffffffff   .text
ffffffff   ___binit__
ffffffff   ___c_args__
ffffffff   ___etext__
ffffffff   ___pinit__
ffffffff   ___text__
ffffffff   binit
ffffffff   etext
ffffffff   pinit

[213 symbols]
