******************************************************************************
             TMS320C2000 Linker PC v6.2.9                      
******************************************************************************
>> Linked Mon Dec 01 17:55:44 2014

OUTPUT FILE NAME:   <Example_F2802xLaunchPad_demo.out>
ENTRY POINT SYMBOL: "code_start"  address: 003f7ff6


MEMORY CONFIGURATION

         name            origin    length      used     unused   attr    fill
----------------------  --------  ---------  --------  --------  ----  --------
PAGE 0:
  PRAML0                00008000   00000800  00000020  000007e0  RWIX
  OTP                   003d7800   00000400  00000000  00000400  RWIX
  FLASHD                003f0000   00002000  00000000  00002000  RWIX
  FLASHC                003f2000   00002000  000005fe  00001a02  RWIX
  FLASHA                003f6000   00001f80  00001f80  00000000  RWIX
  CSM_RSVD              003f7f80   00000076  00000076  00000000  RWIX
  BEGIN                 003f7ff6   00000002  00000002  00000000  RWIX
  CSM_PWL_P0            003f7ff8   00000008  00000008  00000000  RWIX
  IQTABLES              003fe000   00000b50  00000000  00000b50  RWIX
  IQTABLES2             003feb50   0000008c  00000000  0000008c  RWIX
  IQTABLES3             003febdc   000000aa  00000000  000000aa  RWIX
  ROM                   003ff27c   00000d44  00000000  00000d44  RWIX
  RESET                 003fffc0   00000002  00000000  00000002  RWIX
  VECTORS               003fffc2   0000003e  00000000  0000003e  RWIX

PAGE 1:
  BOOT_RSVD             00000000   00000050  00000000  00000050  RWIX
  RAMM0                 00000050   000003b0  00000300  000000b0  RWIX
  RAMM1                 00000400   00000400  00000120  000002e0  RWIX
  DEV_EMU               00000880   00000105  00000000  00000105  RWIX
  SYS_PWR_CTL           00000985   00000003  00000000  00000003  RWIX
  FLASH_REGS            00000a80   00000060  00000000  00000060  RWIX
  CSM                   00000ae0   00000010  00000000  00000010  RWIX
  ADC_RESULT            00000b00   00000020  00000000  00000020  RWIX
  CPU_TIMER0            00000c00   00000008  00000000  00000008  RWIX
  CPU_TIMER1            00000c08   00000008  00000000  00000008  RWIX
  CPU_TIMER2            00000c10   00000008  00000000  00000008  RWIX
  PIE_CTRL              00000ce0   00000020  00000000  00000020  RWIX
  PIE_VECT              00000d00   00000100  00000000  00000100  RWIX
  COMP1                 00006400   00000020  00000000  00000020  RWIX
  COMP2                 00006420   00000020  00000000  00000020  RWIX
  EPWM1                 00006800   00000040  00000000  00000040  RWIX
  EPWM2                 00006840   00000040  00000000  00000040  RWIX
  EPWM3                 00006880   00000040  00000000  00000040  RWIX
  EPWM4                 000068c0   00000040  00000000  00000040  RWIX
  ECAP1                 00006a00   00000020  00000000  00000020  RWIX
  GPIOCTRL              00006f80   00000040  00000000  00000040  RWIX
  GPIODAT               00006fc0   00000020  00000000  00000020  RWIX
  GPIOINT               00006fe0   00000020  00000000  00000020  RWIX
  SYSTEM                00007010   00000020  00000000  00000020  RWIX
  SPIA                  00007040   00000010  00000000  00000010  RWIX
  SCIA                  00007050   00000010  00000000  00000010  RWIX
  NMIINTRUPT            00007060   00000010  00000000  00000010  RWIX
  XINTRUPT              00007070   00000010  00000000  00000010  RWIX
  ADC                   00007100   00000080  00000000  00000080  RWIX
  I2CA                  00007900   00000040  00000000  00000040  RWIX
  DRAML0                00008800   00000800  0000043a  000003c6  RWIX
  PARTID                003d7fff   00000001  00000000  00000001  RWIX
  JENKINS               003f0000   00003042  00000000  00003042  RWIX
  FLASHB                003f4000   00002000  00000000  00002000  RWIX
  CSM_PWL               003f7ff8   00000008  00000000  00000008  RWIX


SECTION ALLOCATION MAP

 output                                  attributes/
section   page    origin      length       input sections
--------  ----  ----------  ----------   ----------------
.pinit     0    003f6000    00000000     UNINITIALIZED

.text.1    0    003f2000    00000559     
                  003f2000    00000025     rts2800_ml.lib : fs_toi.obj (.text)
                  003f2025    00000022                    : i_div.obj (.text)
                  003f2047    00000021                    : fd_toi.obj (.text)
                  003f2068    00000021                    : memcpy_ff.obj (.text)
                  003f2089    0000001f                    : fd_tol.obj (.text)
                  003f20a8    0000001e                    : ll_cmp.obj (.text)
                  003f20c6    0000001e                    : strncpy.obj (.text)
                  003f20e4    0000001c     driverlib.lib : sci_io.obj (.text:_SCI_write)
                  003f2100    0000001c     rts2800_ml.lib : fs_tofd.obj (.text)
                  003f211c    0000001c                    : l_tofd.obj (.text)
                  003f2138    0000001a                    : i_tofs.obj (.text)
                  003f2152    00000019                    : args_main.obj (.text)
                  003f216b    00000019                    : exit.obj (.text)
                  003f2184    00000018                    : ll_aox.obj (.text)
                  003f219c    00000015     driverlib.lib : pll.obj (.text:_PLL_setup)
                  003f21b1    00000014     rts2800_ml.lib : ll_mpy.obj (.text)
                  003f21c5    00000013     driverlib.lib : gpio.obj (.text:_GPIO_setHigh)
                  003f21d8    00000013                   : gpio.obj (.text:_GPIO_setLow)
                  003f21eb    00000013                   : sci_io.obj (.text:_SCI_open)
                  003f21fe    00000013                   : sci_io.obj (.text:_SCI_read)
                  003f2211    00000012     ShowerModule.obj (.text:_epwm1_isr)
                  003f2223    00000012     driverlib.lib : F2802x_asmfuncs.obj (.text)
                  003f2235    00000012     rts2800_ml.lib : memchr.obj (.text)
                  003f2247    00000011     driverlib.lib : gpio.obj (.text:_GPIO_getData)
                  003f2258    00000011                   : pie.obj (.text:_PIE_setDebugIntVectorTable)
                  003f2269    0000000f                   : pie.obj (.text:_PIE_disableAllInts)
                  003f2278    0000000f                   : pie.obj (.text:_PIE_registerPieIntHandler)
                  003f2287    0000000e     rts2800_ml.lib : fd_sub.obj (.text)
                  003f2295    0000000d     driverlib.lib : pie.obj (.text:_PIE_enablePwmInt)
                  003f22a2    0000000d     rts2800_ml.lib : memccpy.obj (.text)
                  003f22af    0000000d                    : memset.obj (.text)
                  003f22bc    0000000c     driverlib.lib : sci_io.obj (.text:_SCI_close)
                  003f22c8    0000000b     rts2800_ml.lib : strchr.obj (.text)
                  003f22d3    0000000a     driverlib.lib : sci.obj (.text:_SCI_resetChannels)
                  003f22dd    0000000a                   : sci.obj (.text:_SCI_resetRxFifo)
                  003f22e7    0000000a                   : sci.obj (.text:_SCI_resetTxFifo)
                  003f22f1    0000000a     rts2800_ml.lib : strcmp.obj (.text)
                  003f22fb    00000009     driverlib.lib : clk.obj (.text:_CLK_enablePwmClock)
                  003f2304    00000009                   : clk.obj (.text:_CLK_enableSciaClock)
                  003f230d    00000009                   : pwm.obj (.text:_PWM_setActionQual_CntUp_CmpA_PwmA)
                  003f2316    00000009                   : pwm.obj (.text:_PWM_setActionQual_CntUp_CmpB_PwmB)
                  003f231f    00000009                   : sci.obj (.text:_SCI_putDataBlocking)
                  003f2328    00000009     rts2800_ml.lib : _lock.obj (.text)
                  003f2331    00000009                    : fd_neg.obj (.text)
                  003f233a    00000008     driverlib.lib : pie.obj (.text:_PIE_init)
                  003f2342    00000008                   : wdog.obj (.text:_WDOG_disable)
                  003f234a    00000008     rts2800_ml.lib : strlen.obj (.text)
                  003f2352    00000007     driverlib.lib : clk.obj (.text:_CLK_disableAdcClock)
                  003f2359    00000007                   : clk.obj (.text:_CLK_disableTbClockSync)
                  003f2360    00000007                   : clk.obj (.text:_CLK_enableAdcClock)
                  003f2367    00000007                   : clk.obj (.text:_CLK_enableTbClockSync)
                  003f236e    00000007                   : clk.obj (.text:_CLK_init)
                  003f2375    00000007                   : clk.obj (.text:_CLK_setOscSrc)
                  003f237c    00000007                   : flash.obj (.text:_FLASH_init)
                  003f2383    00000007                   : gpio.obj (.text:_GPIO_init)
                  003f238a    00000007                   : pll.obj (.text:_PLL_init)
                  003f2391    00000007                   : pll.obj (.text:_PLL_setDivider)
                  003f2398    00000007                   : pwm.obj (.text:_PWM_init)
                  003f239f    00000007                   : pwm.obj (.text:_PWM_setActionQual_Zero_PwmA)
                  003f23a6    00000007                   : pwm.obj (.text:_PWM_setActionQual_Zero_PwmB)
                  003f23ad    00000007                   : pwm.obj (.text:_PWM_setIntMode)
                  003f23b4    00000007                   : pwm.obj (.text:_PWM_setIntPeriod)
                  003f23bb    00000007                   : sci.obj (.text:_SCI_init)
                  003f23c2    00000007                   : sci.obj (.text:_SCI_setRxFifoIntLevel)
                  003f23c9    00000007                   : sci.obj (.text:_SCI_setTxFifoIntLevel)
                  003f23d0    00000007                   : wdog.obj (.text:_WDOG_init)
                  003f23d7    00000006                   : pll.obj (.text:_PLL_setMultiplier)
                  003f23dd    00000006                   : pwm.obj (.text:_PWM_setLoadMode_CmpB)
                  003f23e3    00000006                   : pwm.obj (.text:_PWM_setShadowMode_CmpA)
                  003f23e9    00000006                   : pwm.obj (.text:_PWM_setShadowMode_CmpB)
                  003f23ef    00000006                   : sci.obj (.text:_SCI_setBaudRate)
                  003f23f5    00000005                   : F2802x_DefaultIsr.obj (.text:_ADCINT1_ISR)
                  003f23fa    00000005                   : F2802x_DefaultIsr.obj (.text:_ADCINT2_ISR)
                  003f23ff    00000005                   : F2802x_DefaultIsr.obj (.text:_ADCINT3_ISR)
                  003f2404    00000005                   : F2802x_DefaultIsr.obj (.text:_ADCINT4_ISR)
                  003f2409    00000005                   : F2802x_DefaultIsr.obj (.text:_ADCINT5_ISR)
                  003f240e    00000005                   : F2802x_DefaultIsr.obj (.text:_ADCINT6_ISR)
                  003f2413    00000005                   : F2802x_DefaultIsr.obj (.text:_ADCINT7_ISR)
                  003f2418    00000005                   : F2802x_DefaultIsr.obj (.text:_ADCINT8_ISR)
                  003f241d    00000005                   : F2802x_DefaultIsr.obj (.text:_ADCINT9_ISR)
                  003f2422    00000005                   : F2802x_DefaultIsr.obj (.text:_DATALOG_ISR)
                  003f2427    00000005                   : F2802x_DefaultIsr.obj (.text:_ECAP1_INT_ISR)
                  003f242c    00000005                   : F2802x_DefaultIsr.obj (.text:_EMUINT_ISR)
                  003f2431    00000005                   : F2802x_DefaultIsr.obj (.text:_EPWM1_INT_ISR)
                  003f2436    00000005                   : F2802x_DefaultIsr.obj (.text:_EPWM1_TZINT_ISR)
                  003f243b    00000005                   : F2802x_DefaultIsr.obj (.text:_EPWM2_INT_ISR)
                  003f2440    00000005                   : F2802x_DefaultIsr.obj (.text:_EPWM2_TZINT_ISR)
                  003f2445    00000005                   : F2802x_DefaultIsr.obj (.text:_EPWM3_INT_ISR)
                  003f244a    00000005                   : F2802x_DefaultIsr.obj (.text:_EPWM3_TZINT_ISR)
                  003f244f    00000005                   : F2802x_DefaultIsr.obj (.text:_I2CINT1A_ISR)
                  003f2454    00000005                   : F2802x_DefaultIsr.obj (.text:_I2CINT2A_ISR)
                  003f2459    00000005                   : F2802x_DefaultIsr.obj (.text:_ILLEGAL_ISR)
                  003f245e    00000005                   : F2802x_DefaultIsr.obj (.text:_INT13_ISR)
                  003f2463    00000005                   : F2802x_DefaultIsr.obj (.text:_INT14_ISR)
                  003f2468    00000005                   : F2802x_DefaultIsr.obj (.text:_NMI_ISR)
                  003f246d    00000005                   : F2802x_DefaultIsr.obj (.text:_PIE_RESERVED)
                  003f2472    00000005                   : F2802x_DefaultIsr.obj (.text:_RTOSINT_ISR)
                  003f2477    00000005                   : F2802x_DefaultIsr.obj (.text:_SCIRXINTA_ISR)
                  003f247c    00000005                   : F2802x_DefaultIsr.obj (.text:_SCITXINTA_ISR)
                  003f2481    00000005                   : F2802x_DefaultIsr.obj (.text:_SPIRXINTA_ISR)
                  003f2486    00000005                   : F2802x_DefaultIsr.obj (.text:_SPITXINTA_ISR)
                  003f248b    00000005                   : F2802x_DefaultIsr.obj (.text:_TINT0_ISR)
                  003f2490    00000005                   : F2802x_DefaultIsr.obj (.text:_USER10_ISR)
                  003f2495    00000005                   : F2802x_DefaultIsr.obj (.text:_USER11_ISR)
                  003f249a    00000005                   : F2802x_DefaultIsr.obj (.text:_USER12_ISR)
                  003f249f    00000005                   : F2802x_DefaultIsr.obj (.text:_USER1_ISR)
                  003f24a4    00000005                   : F2802x_DefaultIsr.obj (.text:_USER2_ISR)
                  003f24a9    00000005                   : F2802x_DefaultIsr.obj (.text:_USER3_ISR)
                  003f24ae    00000005                   : F2802x_DefaultIsr.obj (.text:_USER4_ISR)
                  003f24b3    00000005                   : F2802x_DefaultIsr.obj (.text:_USER5_ISR)
                  003f24b8    00000005                   : F2802x_DefaultIsr.obj (.text:_USER6_ISR)
                  003f24bd    00000005                   : F2802x_DefaultIsr.obj (.text:_USER7_ISR)
                  003f24c2    00000005                   : F2802x_DefaultIsr.obj (.text:_USER8_ISR)
                  003f24c7    00000005                   : F2802x_DefaultIsr.obj (.text:_USER9_ISR)
                  003f24cc    00000005                   : F2802x_DefaultIsr.obj (.text:_WAKEINT_ISR)
                  003f24d1    00000005                   : F2802x_DefaultIsr.obj (.text:_XINT1_ISR)
                  003f24d6    00000005                   : F2802x_DefaultIsr.obj (.text:_XINT2_ISR)
                  003f24db    00000005                   : F2802x_DefaultIsr.obj (.text:_XINT3_ISR)
                  003f24e0    00000005                   : F2802x_DefaultIsr.obj (.text:_rsvd_ISR)
                  003f24e5    00000005     rts2800_ml.lib : strcpy.obj (.text)
                  003f24ea    00000004     driverlib.lib : cpu.obj (.text:_CPU_enableInt)
                  003f24ee    00000004                   : cpu.obj (.text:_CPU_init)
                  003f24f2    00000004                   : pwm.obj (.text:_PWM_enableInt)
                  003f24f6    00000004                   : pwm.obj (.text:_PWM_setClkDiv)
                  003f24fa    00000004                   : pwm.obj (.text:_PWM_setCounterMode)
                  003f24fe    00000004                   : pwm.obj (.text:_PWM_setHighSpeedClkDiv)
                  003f2502    00000004                   : pwm.obj (.text:_PWM_setLoadMode_CmpA)
                  003f2506    00000004                   : sci.obj (.text:_SCI_clearRxFifoInt)
                  003f250a    00000004                   : sci.obj (.text:_SCI_clearTxFifoInt)
                  003f250e    00000004                   : sci.obj (.text:_SCI_enableFifoEnh)
                  003f2512    00000004                   : sci.obj (.text:_SCI_setCharLength)
                  003f2516    00000004                   : sci.obj (.text:_SCI_setNumStopBits)
                  003f251a    00000003                   : cpu.obj (.text:_CPU_clearIntFlags)
                  003f251d    00000003                   : cpu.obj (.text:_CPU_disableGlobalInts)
                  003f2520    00000003                   : cpu.obj (.text:_CPU_enableDebugInt)
                  003f2523    00000003                   : cpu.obj (.text:_CPU_enableGlobalInts)
                  003f2526    00000003                   : pie.obj (.text:_PIE_disable)
                  003f2529    00000003                   : pie.obj (.text:_PIE_enable)
                  003f252c    00000003                   : pll.obj (.text:_PLL_getClkStatus)
                  003f252f    00000003                   : pll.obj (.text:_PLL_getLockStatus)
                  003f2532    00000003                   : pwm.obj (.text:_PWM_disableCounterLoad)
                  003f2535    00000003                   : sci.obj (.text:_SCI_disableParity)
                  003f2538    00000003                   : sci.obj (.text:_SCI_enable)
                  003f253b    00000003                   : sci.obj (.text:_SCI_enableRx)
                  003f253e    00000003                   : sci.obj (.text:_SCI_enableRxInt)
                  003f2541    00000003                   : sci.obj (.text:_SCI_enableTx)
                  003f2544    00000003                   : sci.obj (.text:_SCI_enableTxInt)
                  003f2547    00000003                   : sci.obj (.text:_SCI_setPriority)
                  003f254a    00000003     rts2800_ml.lib : remove.obj (.text)
                  003f254d    00000002     driverlib.lib : pwm.obj (.text:_PWM_setCount)
                  003f254f    00000002                   : pwm.obj (.text:_PWM_setPeriod)
                  003f2551    00000002                   : pwm.obj (.text:_PWM_setPhase)
                  003f2553    00000002                   : sci_io.obj (.text:_SCI_lseek)
                  003f2555    00000002                   : sci_io.obj (.text:_SCI_rename)
                  003f2557    00000002                   : sci_io.obj (.text:_SCI_unlink)

.cinit     0    003f2559    000000a5     
                  003f2559    00000031     rts2800_ml.lib : lowlev.obj (.cinit)
                  003f258a    0000002a                    : defs.obj (.cinit)
                  003f25b4    00000028     ShowerModule.obj (.cinit)
                  003f25dc    0000000a     rts2800_ml.lib : _lock.obj (.cinit)
                  003f25e6    0000000a                    : exit.obj (.cinit)
                  003f25f0    00000004     driverlib.lib : sci_io.obj (.cinit)
                  003f25f4    00000004     rts2800_ml.lib : fopen.obj (.cinit)
                  003f25f8    00000004                    : memory.obj (.cinit)
                  003f25fc    00000002     --HOLE-- [fill = 0]

.econst    0    003f6000    00000278     
                  003f6000    00000101     rts2800_ml.lib : ctype.obj (.econst:.string:__ctypes_)
                  003f6101    00000001     --HOLE-- [fill = 0]
                  003f6102    00000100     driverlib.lib : pie.obj (.econst:_PIE_tableDebugInit)
                  003f6202    00000038     ShowerModule.obj (.econst:.string)
                  003f623a    00000024     rts2800_ml.lib : _printfi.obj (.econst:.string)
                  003f625e    00000018                    : _printfi.obj (.econst)
                  003f6276    00000002                    : fputs.obj (.econst:.string)

ramfuncs   0    003f6278    00000020     RUN ADDR = 00008000
                  003f6278    0000000c     driverlib.lib : flash.obj (ramfuncs:_FLASH_setup)
                  003f6284    00000006                   : flash.obj (ramfuncs:_FLASH_enablePipelineMode)
                  003f628a    00000005                   : flash.obj (ramfuncs:_FLASH_setActiveWaitCount)
                  003f628f    00000005                   : flash.obj (ramfuncs:_FLASH_setStandbyWaitCount)
                  003f6294    00000004                   : F2802x_asmfuncs.obj (ramfuncs)

.text.2    0    003f6298    00001ce8     
                  003f6298    00000930     rts2800_ml.lib : _printfi.obj (.text)
                  003f6bc8    00000201                    : lowlev.obj (.text)
                  003f6dc9    000001f2                    : trgdrv.obj (.text)
                  003f6fbb    000001d3                    : memory.obj (.text)
                  003f718e    000001cf     ShowerModule.obj (.text:_main)
                  003f735d    00000107     rts2800_ml.lib : ll_div.obj (.text)
                  003f7464    000000ff                    : fopen.obj (.text)
                  003f7563    000000a8                    : fputs.obj (.text)
                  003f760b    0000009c                    : fd_add.obj (.text)
                  003f76a7    0000008e                    : ankmsg.obj (.text)
                  003f7735    0000008c     ShowerModule.obj (.text:_InitEPwm1)
                  003f77c1    0000008b     rts2800_ml.lib : fd_div.obj (.text)
                  003f784c    00000083                    : fd_mpy.obj (.text)
                  003f78cf    00000083                    : fs_div.obj (.text)
                  003f7952    00000079                    : setvbuf.obj (.text)
                  003f79cb    00000078                    : fs_add.obj (.text)
                  003f7a43    0000006b                    : fflush.obj (.text)
                  003f7aae    00000066     ShowerModule.obj (.text:_scia_init)
                  003f7b14    00000065     rts2800_ml.lib : _io_perm.obj (.text)
                  003f7b79    0000005b                    : fclose.obj (.text)
                  003f7bd4    0000005a                    : fs_mpy.obj (.text)
                  003f7c2e    00000050                    : fputc.obj (.text)
                  003f7c7e    0000004e     ShowerModule.obj (.text:_turn_motor_to)
                  003f7ccc    00000049     driverlib.lib : gpio.obj (.text:_GPIO_setMode)
                  003f7d15    00000044     rts2800_ml.lib : boot.obj (.text)
                  003f7d59    00000042     ShowerModule.obj (.text:_display_on_LCD)
                  003f7d9b    0000003d     rts2800_ml.lib : fseek.obj (.text)
                  003f7dd8    00000034     driverlib.lib : gpio.obj (.text:_GPIO_setDirection)
                  003f7e0c    00000034                   : gpio.obj (.text:_GPIO_setPullUp)
                  003f7e40    00000032     rts2800_ml.lib : printf.obj (.text)
                  003f7e72    00000031                    : atoi.obj (.text)
                  003f7ea3    0000002c                    : ltoa.obj (.text)
                  003f7ecf    0000002b     driverlib.lib : gpio.obj (.text:_GPIO_setQualification)
                  003f7efa    0000002a     ShowerModule.obj (.text:_pwm_period_for_motor)
                  003f7f24    0000002a     rts2800_ml.lib : fd_cmp.obj (.text)
                  003f7f4e    0000002a                    : l_div.obj (.text)
                  003f7f78    00000008     driverlib.lib : adc.obj (.text:_ADC_init)

csm_rsvd   0    003f7f80    00000076     
                  003f7f80    00000076     driverlib.lib : F2802x_asmfuncs.obj (csm_rsvd)

codestart 
*          0    003f7ff6    00000002     
                  003f7ff6    00000002     driverlib.lib : F2802x_asmfuncs.obj (codestart)

csmpasswds 
*          0    003f7ff8    00000008     
                  003f7ff8    00000008     driverlib.lib : F2802x_asmfuncs.obj (csmpasswds)

.reset     0    003fffc0    00000002     DSECT
                  003fffc0    00000002     rts2800_ml.lib : boot.obj (.reset)

vectors    0    003fffc2    00000000     DSECT

.stack     1    00000050    00000300     UNINITIALIZED
                  00000050    00000300     --HOLE--

.cio       1    00000400    00000120     UNINITIALIZED
                  00000400    00000120     rts2800_ml.lib : ankmsg.obj (.cio)

.ebss      1    00008800    0000023a     UNINITIALIZED
                  00008800    00000160     rts2800_ml.lib : defs.obj (.ebss)
                  00008960    00000008                    : memory.obj (.ebss)
                  00008968    00000008                    : trgdrv.obj (.ebss)
                  00008970    00000004     driverlib.lib : sci_io.obj (.ebss)
                  00008974    00000004     rts2800_ml.lib : _lock.obj (.ebss)
                  00008978    00000004                    : exit.obj (.ebss)
                  0000897c    00000001     driverlib.lib : cpu.obj (.ebss)
                  0000897d    00000001     rts2800_ml.lib : fopen.obj (.ebss)
                  0000897e    00000002     --HOLE--
                  00008980    00000088                    : lowlev.obj (.ebss)
                  00008a08    00000032     ShowerModule.obj (.ebss)

.sysmem    1    00008a3a    00000200     UNINITIALIZED
                  00008a3a    00000001     rts2800_ml.lib : memory.obj (.sysmem)
                  00008a3b    000001ff     --HOLE--


GLOBAL DATA SYMBOLS: SORTED BY DATA PAGE

address     data page           name
--------    ----------------    ----
00000050       1 (00000040)     __stack

00000400      10 (00000400)     __CIOBUF_

00008800     220 (00008800)     ___TI_ft_end

00008840     221 (00008840)     __ftable

000088c0     223 (000088c0)     ___TI_tmpnams

00008970     225 (00008940)     _deviceOpen
00008972     225 (00008940)     _ioSci
00008974     225 (00008940)     __unlock
00008976     225 (00008940)     __lock
00008978     225 (00008940)     ___TI_cleanup_ptr
0000897a     225 (00008940)     ___TI_dtors_ptr
0000897c     225 (00008940)     _cpu

00008a08     228 (00008a00)     _referenceTemp
00008a09     228 (00008a00)     _currentTemp
00008a0a     228 (00008a00)     _upButton
00008a0b     228 (00008a00)     _canTurnOn
00008a0c     228 (00008a00)     _downButton
00008a0e     228 (00008a00)     _myFlash
00008a10     228 (00008a00)     _myClk
00008a12     228 (00008a00)     _myPie
00008a14     228 (00008a00)     _myGpio
00008a16     228 (00008a00)     _myPwm1
00008a18     228 (00008a00)     _motorIncrement
00008a1a     228 (00008a00)     _myAdc
00008a1c     228 (00008a00)     _mySci
00008a1e     228 (00008a00)     _digit2Pins
00008a25     228 (00008a00)     _digit
00008a30     228 (00008a00)     _epwm1_info
00008a3a     228 (00008a00)     __sys_memory

003f6000    fd80 (003f6000)     __ctypes_

003f6102    fd84 (003f6100)     _PIE_tableDebugInit


GLOBAL SYMBOLS: SORTED ALPHABETICALLY BY Name 

address    name
--------   ----
ffffffff   .text
003f216b   C$$EXIT
003f76f7   C$$IO$$
003f760b   FD$$ADD
003f7f24   FD$$CMP
003f77c1   FD$$DIV
003f784c   FD$$MPY
003f2331   FD$$NEG
003f2287   FD$$SUB
003f2047   FD$$TOI
003f2089   FD$$TOL
003f79d0   FS$$ADD
003f78cf   FS$$DIV
003f7bd4   FS$$MPY
003f79cb   FS$$SUB
003f2100   FS$$TOFD
003f2000   FS$$TOI
003f2025   I$$DIV
003f2036   I$$MOD
003f2138   I$$TOFS
003f7f4e   L$$DIV
003f7f5d   L$$MOD
003f211c   L$$TOFD
003f2184   LL$$AND
003f20a8   LL$$CMP
003f735d   LL$$DIV
003f7399   LL$$MOD
003f21b1   LL$$MPY
003f218c   LL$$OR
003f2194   LL$$XOR
003f7f6b   UL$$DIV
003f7f72   UL$$MOD
003f20ba   ULL$$CMP
003f73d3   ULL$$DIV
003f7402   ULL$$MOD
003f23f5   _ADCINT1_ISR
003f23fa   _ADCINT2_ISR
003f23ff   _ADCINT3_ISR
003f2404   _ADCINT4_ISR
003f2409   _ADCINT5_ISR
003f240e   _ADCINT6_ISR
003f2413   _ADCINT7_ISR
003f2418   _ADCINT8_ISR
003f241d   _ADCINT9_ISR
003f7f78   _ADC_init
003f2352   _CLK_disableAdcClock
003f2359   _CLK_disableTbClockSync
003f2360   _CLK_enableAdcClock
003f22fb   _CLK_enablePwmClock
003f2304   _CLK_enableSciaClock
003f2367   _CLK_enableTbClockSync
003f236e   _CLK_init
003f2375   _CLK_setOscSrc
003f251a   _CPU_clearIntFlags
003f251d   _CPU_disableGlobalInts
003f2520   _CPU_enableDebugInt
003f2523   _CPU_enableGlobalInts
003f24ea   _CPU_enableInt
003f24ee   _CPU_init
003f2422   _DATALOG_ISR
003f222e   _DSP28x_DisableInt
003f2232   _DSP28x_RestoreInt
0000801c   _DSP28x_usDelay
003f2427   _ECAP1_INT_ISR
003f242c   _EMUINT_ISR
003f2431   _EPWM1_INT_ISR
003f2436   _EPWM1_TZINT_ISR
003f243b   _EPWM2_INT_ISR
003f2440   _EPWM2_TZINT_ISR
003f2445   _EPWM3_INT_ISR
003f244a   _EPWM3_TZINT_ISR
0000800c   _FLASH_enablePipelineMode
003f237c   _FLASH_init
00008012   _FLASH_setActiveWaitCount
00008017   _FLASH_setStandbyWaitCount
00008000   _FLASH_setup
003f2247   _GPIO_getData
003f2383   _GPIO_init
003f7dd8   _GPIO_setDirection
003f21c5   _GPIO_setHigh
003f21d8   _GPIO_setLow
003f7ccc   _GPIO_setMode
003f7e0c   _GPIO_setPullUp
003f7ecf   _GPIO_setQualification
003f6f91   _HOSTclock
003f6f6a   _HOSTclose
003f6f40   _HOSTgetenv
003f6ef9   _HOSTlseek
003f6ec2   _HOSTopen
003f6e8c   _HOSTread
003f6e4e   _HOSTrename
003f6e24   _HOSTtime
003f6dff   _HOSTunlink
003f6dc9   _HOSTwrite
003f244f   _I2CINT1A_ISR
003f2454   _I2CINT2A_ISR
003f2459   _ILLEGAL_ISR
003f245e   _INT13_ISR
003f2463   _INT14_ISR
003f7735   _InitEPwm1
003f2468   _NMI_ISR
003f246d   _PIE_RESERVED
003f2526   _PIE_disable
003f2269   _PIE_disableAllInts
003f2529   _PIE_enable
003f2295   _PIE_enablePwmInt
003f233a   _PIE_init
003f2278   _PIE_registerPieIntHandler
003f2258   _PIE_setDebugIntVectorTable
003f6102   _PIE_tableDebugInit
003f252c   _PLL_getClkStatus
003f252f   _PLL_getLockStatus
003f238a   _PLL_init
003f2391   _PLL_setDivider
003f23d7   _PLL_setMultiplier
003f219c   _PLL_setup
003f2532   _PWM_disableCounterLoad
003f24f2   _PWM_enableInt
003f2398   _PWM_init
003f230d   _PWM_setActionQual_CntUp_CmpA_PwmA
003f2316   _PWM_setActionQual_CntUp_CmpB_PwmB
003f239f   _PWM_setActionQual_Zero_PwmA
003f23a6   _PWM_setActionQual_Zero_PwmB
003f24f6   _PWM_setClkDiv
003f254d   _PWM_setCount
003f24fa   _PWM_setCounterMode
003f24fe   _PWM_setHighSpeedClkDiv
003f23ad   _PWM_setIntMode
003f23b4   _PWM_setIntPeriod
003f2502   _PWM_setLoadMode_CmpA
003f23dd   _PWM_setLoadMode_CmpB
003f254f   _PWM_setPeriod
003f2551   _PWM_setPhase
003f23e3   _PWM_setShadowMode_CmpA
003f23e9   _PWM_setShadowMode_CmpB
003f2472   _RTOSINT_ISR
00000020   _RamfuncsLoadSize
003f6278   _RamfuncsLoadStart
00008000   _RamfuncsRunStart
003f2477   _SCIRXINTA_ISR
003f247c   _SCITXINTA_ISR
003f2506   _SCI_clearRxFifoInt
003f250a   _SCI_clearTxFifoInt
003f22bc   _SCI_close
003f2535   _SCI_disableParity
003f2538   _SCI_enable
003f250e   _SCI_enableFifoEnh
003f253b   _SCI_enableRx
003f253e   _SCI_enableRxInt
003f2541   _SCI_enableTx
003f2544   _SCI_enableTxInt
003f23bb   _SCI_init
003f2553   _SCI_lseek
003f21eb   _SCI_open
003f231f   _SCI_putDataBlocking
003f21fe   _SCI_read
003f2555   _SCI_rename
003f22d3   _SCI_resetChannels
003f22dd   _SCI_resetRxFifo
003f22e7   _SCI_resetTxFifo
003f23ef   _SCI_setBaudRate
003f2512   _SCI_setCharLength
003f2516   _SCI_setNumStopBits
003f2547   _SCI_setPriority
003f23c2   _SCI_setRxFifoIntLevel
003f23c9   _SCI_setTxFifoIntLevel
003f2557   _SCI_unlink
003f20e4   _SCI_write
003f2481   _SPIRXINTA_ISR
003f2486   _SPITXINTA_ISR
003f248b   _TINT0_ISR
003f2490   _USER10_ISR
003f2495   _USER11_ISR
003f249a   _USER12_ISR
003f249f   _USER1_ISR
003f24a4   _USER2_ISR
003f24a9   _USER3_ISR
003f24ae   _USER4_ISR
003f24b3   _USER5_ISR
003f24b8   _USER6_ISR
003f24bd   _USER7_ISR
003f24c2   _USER8_ISR
003f24c7   _USER9_ISR
003f24cc   _WAKEINT_ISR
003f2342   _WDOG_disable
003f23d0   _WDOG_init
003f24d1   _XINT1_ISR
003f24d6   _XINT2_ISR
003f24db   _XINT3_ISR
00000400   __CIOBUF_
00000350   __STACK_END
00000300   __STACK_SIZE
00000200   __SYSMEM_SIZE
00000001   __TI_args_main
003f74dc   ___TI_cleanup
00008978   ___TI_cleanup_ptr
003f7b79   ___TI_closefile
003f7a43   ___TI_doflush
0000897a   ___TI_dtors_ptr
00008800   ___TI_ft_end
003f6ad6   ___TI_printfi
003f7b4e   ___TI_rd_ok
003f76fb   ___TI_readmsg
000088c0   ___TI_tmpnams
003f76a7   ___TI_writemsg
003f7b14   ___TI_wrt_ok
ffffffff   ___binit__
ffffffff   ___c_args__
003f2559   ___cinit__
ffffffff   ___etext__
003f2068   ___memcpy_ff
ffffffff   ___pinit__
ffffffff   ___text__
003f2152   __args_main
003f6000   __ctypes_
00008840   __ftable
00008976   __lock
003f2330   __nop
003f232c   __register_lock
003f2328   __register_unlock
00000050   __stack
00008a3a   __sys_memory
00008974   __unlock
003f216b   _abort
003f6d5d   _add_device
003f7e72   _atoi
003f7d15   _c_int00
003f7176   _calloc
00008a0b   _canTurnOn
003f7174   _chkheap
003f6d2b   _close
0000897c   _cpu
00008a09   _currentTemp
00008970   _deviceOpen
00008a25   _digit
00008a1e   _digit2Pins
003f7d59   _display_on_LCD
00008a0c   _downButton
00008a30   _epwm1_info
003f2211   _epwm1_isr
003f216d   _exit
003f7bbb   _fclose
003f7a72   _fflush
003f7549   _fopen
003f7c2e   _fputc
003f7563   _fputs
003f6fbb   _free
003f7158   _free_memory
003f74f9   _freopen
003f7d9b   _fseek
00008972   _ioSci
003f6d13   _lseek
003f7ea3   _ltoa
003f718e   _main
003f7024   _malloc
003f7138   _max_free
003f22a2   _memccpy
003f2235   _memchr
003f22af   _memset
003f7000   _minit
00008a18   _motorIncrement
00008a1a   _myAdc
00008a10   _myClk
00008a0e   _myFlash
00008a14   _myGpio
00008a12   _myPie
00008a16   _myPwm1
00008a1c   _mySci
003f6ca1   _open
003f7e46   _printf
003f7c2e   _putc
003f7c79   _putchar
003f75f9   _puts
003f7efa   _pwm_period_for_motor
003f6c89   _read
003f7084   _realloc
00008a08   _referenceTemp
003f254a   _remove
003f6c6f   _remove_device
003f6c46   _rename
003f24e0   _rsvd_ISR
003f7aae   _scia_init
003f222b   _setDBGIER
003f7952   _setvbuf
003f22c8   _strchr
003f22f1   _strcmp
003f24e5   _strcpy
003f234a   _strlen
003f20c6   _strncpy
003f7c7e   _turn_motor_to
003f6c2e   _unlink
00008a0a   _upButton
003f6bc8   _write
ffffffff   binit
003f2559   cinit
003f7ff6   code_start
ffffffff   etext
ffffffff   pinit


GLOBAL SYMBOLS: SORTED BY Symbol Address 

address    name
--------   ----
00000001   __TI_args_main
00000020   _RamfuncsLoadSize
00000050   __stack
00000200   __SYSMEM_SIZE
00000300   __STACK_SIZE
00000350   __STACK_END
00000400   __CIOBUF_
00008000   _FLASH_setup
00008000   _RamfuncsRunStart
0000800c   _FLASH_enablePipelineMode
00008012   _FLASH_setActiveWaitCount
00008017   _FLASH_setStandbyWaitCount
0000801c   _DSP28x_usDelay
00008800   ___TI_ft_end
00008840   __ftable
000088c0   ___TI_tmpnams
00008970   _deviceOpen
00008972   _ioSci
00008974   __unlock
00008976   __lock
00008978   ___TI_cleanup_ptr
0000897a   ___TI_dtors_ptr
0000897c   _cpu
00008a08   _referenceTemp
00008a09   _currentTemp
00008a0a   _upButton
00008a0b   _canTurnOn
00008a0c   _downButton
00008a0e   _myFlash
00008a10   _myClk
00008a12   _myPie
00008a14   _myGpio
00008a16   _myPwm1
00008a18   _motorIncrement
00008a1a   _myAdc
00008a1c   _mySci
00008a1e   _digit2Pins
00008a25   _digit
00008a30   _epwm1_info
00008a3a   __sys_memory
003f2000   FS$$TOI
003f2025   I$$DIV
003f2036   I$$MOD
003f2047   FD$$TOI
003f2068   ___memcpy_ff
003f2089   FD$$TOL
003f20a8   LL$$CMP
003f20ba   ULL$$CMP
003f20c6   _strncpy
003f20e4   _SCI_write
003f2100   FS$$TOFD
003f211c   L$$TOFD
003f2138   I$$TOFS
003f2152   __args_main
003f216b   C$$EXIT
003f216b   _abort
003f216d   _exit
003f2184   LL$$AND
003f218c   LL$$OR
003f2194   LL$$XOR
003f219c   _PLL_setup
003f21b1   LL$$MPY
003f21c5   _GPIO_setHigh
003f21d8   _GPIO_setLow
003f21eb   _SCI_open
003f21fe   _SCI_read
003f2211   _epwm1_isr
003f222b   _setDBGIER
003f222e   _DSP28x_DisableInt
003f2232   _DSP28x_RestoreInt
003f2235   _memchr
003f2247   _GPIO_getData
003f2258   _PIE_setDebugIntVectorTable
003f2269   _PIE_disableAllInts
003f2278   _PIE_registerPieIntHandler
003f2287   FD$$SUB
003f2295   _PIE_enablePwmInt
003f22a2   _memccpy
003f22af   _memset
003f22bc   _SCI_close
003f22c8   _strchr
003f22d3   _SCI_resetChannels
003f22dd   _SCI_resetRxFifo
003f22e7   _SCI_resetTxFifo
003f22f1   _strcmp
003f22fb   _CLK_enablePwmClock
003f2304   _CLK_enableSciaClock
003f230d   _PWM_setActionQual_CntUp_CmpA_PwmA
003f2316   _PWM_setActionQual_CntUp_CmpB_PwmB
003f231f   _SCI_putDataBlocking
003f2328   __register_unlock
003f232c   __register_lock
003f2330   __nop
003f2331   FD$$NEG
003f233a   _PIE_init
003f2342   _WDOG_disable
003f234a   _strlen
003f2352   _CLK_disableAdcClock
003f2359   _CLK_disableTbClockSync
003f2360   _CLK_enableAdcClock
003f2367   _CLK_enableTbClockSync
003f236e   _CLK_init
003f2375   _CLK_setOscSrc
003f237c   _FLASH_init
003f2383   _GPIO_init
003f238a   _PLL_init
003f2391   _PLL_setDivider
003f2398   _PWM_init
003f239f   _PWM_setActionQual_Zero_PwmA
003f23a6   _PWM_setActionQual_Zero_PwmB
003f23ad   _PWM_setIntMode
003f23b4   _PWM_setIntPeriod
003f23bb   _SCI_init
003f23c2   _SCI_setRxFifoIntLevel
003f23c9   _SCI_setTxFifoIntLevel
003f23d0   _WDOG_init
003f23d7   _PLL_setMultiplier
003f23dd   _PWM_setLoadMode_CmpB
003f23e3   _PWM_setShadowMode_CmpA
003f23e9   _PWM_setShadowMode_CmpB
003f23ef   _SCI_setBaudRate
003f23f5   _ADCINT1_ISR
003f23fa   _ADCINT2_ISR
003f23ff   _ADCINT3_ISR
003f2404   _ADCINT4_ISR
003f2409   _ADCINT5_ISR
003f240e   _ADCINT6_ISR
003f2413   _ADCINT7_ISR
003f2418   _ADCINT8_ISR
003f241d   _ADCINT9_ISR
003f2422   _DATALOG_ISR
003f2427   _ECAP1_INT_ISR
003f242c   _EMUINT_ISR
003f2431   _EPWM1_INT_ISR
003f2436   _EPWM1_TZINT_ISR
003f243b   _EPWM2_INT_ISR
003f2440   _EPWM2_TZINT_ISR
003f2445   _EPWM3_INT_ISR
003f244a   _EPWM3_TZINT_ISR
003f244f   _I2CINT1A_ISR
003f2454   _I2CINT2A_ISR
003f2459   _ILLEGAL_ISR
003f245e   _INT13_ISR
003f2463   _INT14_ISR
003f2468   _NMI_ISR
003f246d   _PIE_RESERVED
003f2472   _RTOSINT_ISR
003f2477   _SCIRXINTA_ISR
003f247c   _SCITXINTA_ISR
003f2481   _SPIRXINTA_ISR
003f2486   _SPITXINTA_ISR
003f248b   _TINT0_ISR
003f2490   _USER10_ISR
003f2495   _USER11_ISR
003f249a   _USER12_ISR
003f249f   _USER1_ISR
003f24a4   _USER2_ISR
003f24a9   _USER3_ISR
003f24ae   _USER4_ISR
003f24b3   _USER5_ISR
003f24b8   _USER6_ISR
003f24bd   _USER7_ISR
003f24c2   _USER8_ISR
003f24c7   _USER9_ISR
003f24cc   _WAKEINT_ISR
003f24d1   _XINT1_ISR
003f24d6   _XINT2_ISR
003f24db   _XINT3_ISR
003f24e0   _rsvd_ISR
003f24e5   _strcpy
003f24ea   _CPU_enableInt
003f24ee   _CPU_init
003f24f2   _PWM_enableInt
003f24f6   _PWM_setClkDiv
003f24fa   _PWM_setCounterMode
003f24fe   _PWM_setHighSpeedClkDiv
003f2502   _PWM_setLoadMode_CmpA
003f2506   _SCI_clearRxFifoInt
003f250a   _SCI_clearTxFifoInt
003f250e   _SCI_enableFifoEnh
003f2512   _SCI_setCharLength
003f2516   _SCI_setNumStopBits
003f251a   _CPU_clearIntFlags
003f251d   _CPU_disableGlobalInts
003f2520   _CPU_enableDebugInt
003f2523   _CPU_enableGlobalInts
003f2526   _PIE_disable
003f2529   _PIE_enable
003f252c   _PLL_getClkStatus
003f252f   _PLL_getLockStatus
003f2532   _PWM_disableCounterLoad
003f2535   _SCI_disableParity
003f2538   _SCI_enable
003f253b   _SCI_enableRx
003f253e   _SCI_enableRxInt
003f2541   _SCI_enableTx
003f2544   _SCI_enableTxInt
003f2547   _SCI_setPriority
003f254a   _remove
003f254d   _PWM_setCount
003f254f   _PWM_setPeriod
003f2551   _PWM_setPhase
003f2553   _SCI_lseek
003f2555   _SCI_rename
003f2557   _SCI_unlink
003f2559   ___cinit__
003f2559   cinit
003f6000   __ctypes_
003f6102   _PIE_tableDebugInit
003f6278   _RamfuncsLoadStart
003f6ad6   ___TI_printfi
003f6bc8   _write
003f6c2e   _unlink
003f6c46   _rename
003f6c6f   _remove_device
003f6c89   _read
003f6ca1   _open
003f6d13   _lseek
003f6d2b   _close
003f6d5d   _add_device
003f6dc9   _HOSTwrite
003f6dff   _HOSTunlink
003f6e24   _HOSTtime
003f6e4e   _HOSTrename
003f6e8c   _HOSTread
003f6ec2   _HOSTopen
003f6ef9   _HOSTlseek
003f6f40   _HOSTgetenv
003f6f6a   _HOSTclose
003f6f91   _HOSTclock
003f6fbb   _free
003f7000   _minit
003f7024   _malloc
003f7084   _realloc
003f7138   _max_free
003f7158   _free_memory
003f7174   _chkheap
003f7176   _calloc
003f718e   _main
003f735d   LL$$DIV
003f7399   LL$$MOD
003f73d3   ULL$$DIV
003f7402   ULL$$MOD
003f74dc   ___TI_cleanup
003f74f9   _freopen
003f7549   _fopen
003f7563   _fputs
003f75f9   _puts
003f760b   FD$$ADD
003f76a7   ___TI_writemsg
003f76f7   C$$IO$$
003f76fb   ___TI_readmsg
003f7735   _InitEPwm1
003f77c1   FD$$DIV
003f784c   FD$$MPY
003f78cf   FS$$DIV
003f7952   _setvbuf
003f79cb   FS$$SUB
003f79d0   FS$$ADD
003f7a43   ___TI_doflush
003f7a72   _fflush
003f7aae   _scia_init
003f7b14   ___TI_wrt_ok
003f7b4e   ___TI_rd_ok
003f7b79   ___TI_closefile
003f7bbb   _fclose
003f7bd4   FS$$MPY
003f7c2e   _fputc
003f7c2e   _putc
003f7c79   _putchar
003f7c7e   _turn_motor_to
003f7ccc   _GPIO_setMode
003f7d15   _c_int00
003f7d59   _display_on_LCD
003f7d9b   _fseek
003f7dd8   _GPIO_setDirection
003f7e0c   _GPIO_setPullUp
003f7e46   _printf
003f7e72   _atoi
003f7ea3   _ltoa
003f7ecf   _GPIO_setQualification
003f7efa   _pwm_period_for_motor
003f7f24   FD$$CMP
003f7f4e   L$$DIV
003f7f5d   L$$MOD
003f7f6b   UL$$DIV
003f7f72   UL$$MOD
003f7f78   _ADC_init
003f7ff6   code_start
ffffffff   .text
ffffffff   ___binit__
ffffffff   ___c_args__
ffffffff   ___etext__
ffffffff   ___pinit__
ffffffff   ___text__
ffffffff   binit
ffffffff   etext
ffffffff   pinit

[298 symbols]
